C:/Users/mathi/Documents/GitHub/YOLO_N6/SOFTWARE/Middlewares/ST/STM32_ExtMem_Loader/STM32Cube/stm32_loader_api.c:186:43:Reset_Handler	0	static,ignoring_inline_asm
C:/Users/mathi/Documents/GitHub/YOLO_N6/SOFTWARE/Middlewares/ST/STM32_ExtMem_Loader/STM32Cube/stm32_loader_api.c:220:5:main	8	static
C:/Users/mathi/Documents/GitHub/YOLO_N6/SOFTWARE/Middlewares/ST/STM32_ExtMem_Loader/STM32Cube/stm32_loader_api.c:275:10:Init	24	static
C:/Users/mathi/Documents/GitHub/YOLO_N6/SOFTWARE/Middlewares/ST/STM32_ExtMem_Loader/STM32Cube/stm32_loader_api.c:322:28:Write	24	static
C:/Users/mathi/Documents/GitHub/YOLO_N6/SOFTWARE/Middlewares/ST/STM32_ExtMem_Loader/STM32Cube/stm32_loader_api.c:350:28:MassErase	16	static
C:/Users/mathi/Documents/GitHub/YOLO_N6/SOFTWARE/Middlewares/ST/STM32_ExtMem_Loader/STM32Cube/stm32_loader_api.c:377:28:SectorErase	16	static
C:/Users/mathi/Documents/GitHub/YOLO_N6/SOFTWARE/Middlewares/ST/STM32_ExtMem_Loader/STM32Cube/stm32_loader_api.c:412:28:Verify	80	static
C:/Users/mathi/Documents/GitHub/YOLO_N6/SOFTWARE/Middlewares/ST/STM32_ExtMem_Loader/STM32Cube/stm32_loader_api.c:463:17:CheckSum	48	static
