C:/Users/mathi/Documents/GitHub/YOLO_N6/SOFTWARE/Middlewares/ST/STM32_ExtMem_Loader/STM32Cube/stm32_loader_api.c:184:43:Reset_Handler	0	static,ignoring_inline_asm
C:/Users/mathi/Documents/GitHub/YOLO_N6/SOFTWARE/Middlewares/ST/STM32_ExtMem_Loader/STM32Cube/stm32_loader_api.c:216:5:main	8	static
C:/Users/mathi/Documents/GitHub/YOLO_N6/SOFTWARE/Middlewares/ST/STM32_ExtMem_Loader/STM32Cube/stm32_loader_api.c:268:10:Init	112	static
C:/Users/mathi/Documents/GitHub/YOLO_N6/SOFTWARE/Middlewares/ST/STM32_ExtMem_Loader/STM32Cube/stm32_loader_api.c:342:28:Write	24	static
C:/Users/mathi/Documents/GitHub/YOLO_N6/SOFTWARE/Middlewares/ST/STM32_ExtMem_Loader/STM32Cube/stm32_loader_api.c:367:28:MassErase	16	static
C:/Users/mathi/Documents/GitHub/YOLO_N6/SOFTWARE/Middlewares/ST/STM32_ExtMem_Loader/STM32Cube/stm32_loader_api.c:390:28:SectorErase	16	static
C:/Users/mathi/Documents/GitHub/YOLO_N6/SOFTWARE/Middlewares/ST/STM32_ExtMem_Loader/STM32Cube/stm32_loader_api.c:423:28:Verify	80	static
C:/Users/mathi/Documents/GitHub/YOLO_N6/SOFTWARE/Middlewares/ST/STM32_ExtMem_Loader/STM32Cube/stm32_loader_api.c:472:17:CheckSum	48	static
