C:/Users/mathi/Documents/GitHub/YOLO_N6/SOFTWARE/Middlewares/ST/STM32_ExtMem_Loader/STM32Cube/stm32_loader_api.c:186:43:Reset_Handler	1
C:/Users/mathi/Documents/GitHub/YOLO_N6/SOFTWARE/Middlewares/ST/STM32_ExtMem_Loader/STM32Cube/stm32_loader_api.c:220:5:main	6
C:/Users/mathi/Documents/GitHub/YOLO_N6/SOFTWARE/Middlewares/ST/STM32_ExtMem_Loader/STM32Cube/stm32_loader_api.c:275:10:Init	2
C:/Users/mathi/Documents/GitHub/YOLO_N6/SOFTWARE/Middlewares/ST/STM32_ExtMem_Loader/STM32Cube/stm32_loader_api.c:322:28:Write	4
C:/Users/mathi/Documents/GitHub/YOLO_N6/SOFTWARE/Middlewares/ST/STM32_ExtMem_Loader/STM32Cube/stm32_loader_api.c:350:28:MassErase	4
C:/Users/mathi/Documents/GitHub/YOLO_N6/SOFTWARE/Middlewares/ST/STM32_ExtMem_Loader/STM32Cube/stm32_loader_api.c:377:28:SectorErase	4
C:/Users/mathi/Documents/GitHub/YOLO_N6/SOFTWARE/Middlewares/ST/STM32_ExtMem_Loader/STM32Cube/stm32_loader_api.c:412:28:Verify	5
C:/Users/mathi/Documents/GitHub/YOLO_N6/SOFTWARE/Middlewares/ST/STM32_ExtMem_Loader/STM32Cube/stm32_loader_api.c:463:17:CheckSum	14
