C:/Users/mathi/Documents/GitHub/YOLO_N6/SOFTWARE/Middlewares/ST/STM32_ExtMem_Loader/STM32Cube/stm32_loader_api.c:184:43:Reset_Handler	1
C:/Users/mathi/Documents/GitHub/YOLO_N6/SOFTWARE/Middlewares/ST/STM32_ExtMem_Loader/STM32Cube/stm32_loader_api.c:216:5:main	6
C:/Users/mathi/Documents/GitHub/YOLO_N6/SOFTWARE/Middlewares/ST/STM32_ExtMem_Loader/STM32Cube/stm32_loader_api.c:268:10:Init	3
C:/Users/mathi/Documents/GitHub/YOLO_N6/SOFTWARE/Middlewares/ST/STM32_ExtMem_Loader/STM32Cube/stm32_loader_api.c:342:28:Write	4
C:/Users/mathi/Documents/GitHub/YOLO_N6/SOFTWARE/Middlewares/ST/STM32_ExtMem_Loader/STM32Cube/stm32_loader_api.c:367:28:MassErase	4
C:/Users/mathi/Documents/GitHub/YOLO_N6/SOFTWARE/Middlewares/ST/STM32_ExtMem_Loader/STM32Cube/stm32_loader_api.c:390:28:SectorErase	4
C:/Users/mathi/Documents/GitHub/YOLO_N6/SOFTWARE/Middlewares/ST/STM32_ExtMem_Loader/STM32Cube/stm32_loader_api.c:423:28:Verify	5
C:/Users/mathi/Documents/GitHub/YOLO_N6/SOFTWARE/Middlewares/ST/STM32_ExtMem_Loader/STM32Cube/stm32_loader_api.c:472:17:CheckSum	14
