Archive member included to satisfy reference by file (symbol)

C:/ST/STM32CubeIDE_2.1.1/STM32CubeIDE/plugins/com.st.stm32cube.ide.mcu.externaltools.gnu-tools-for-stm32.14.3.rel1.win32_1.0.100.202602081740/tools/bin/../lib/gcc/arm-none-eabi/14.3.1/../../../../arm-none-eabi/lib/thumb/v8-m.main+dp/hard\libc_nano.a(libc_a-exit.o)
                              C:/ST/STM32CubeIDE_2.1.1/STM32CubeIDE/plugins/com.st.stm32cube.ide.mcu.externaltools.gnu-tools-for-stm32.14.3.rel1.win32_1.0.100.202602081740/tools/bin/../lib/gcc/arm-none-eabi/14.3.1/../../../../arm-none-eabi/lib/thumb/v8-m.main+dp/hard/crt0.o (exit)
C:/ST/STM32CubeIDE_2.1.1/STM32CubeIDE/plugins/com.st.stm32cube.ide.mcu.externaltools.gnu-tools-for-stm32.14.3.rel1.win32_1.0.100.202602081740/tools/bin/../lib/gcc/arm-none-eabi/14.3.1/../../../../arm-none-eabi/lib/thumb/v8-m.main+dp/hard\libc_nano.a(libc_a-findfp.o)
                              C:/ST/STM32CubeIDE_2.1.1/STM32CubeIDE/plugins/com.st.stm32cube.ide.mcu.externaltools.gnu-tools-for-stm32.14.3.rel1.win32_1.0.100.202602081740/tools/bin/../lib/gcc/arm-none-eabi/14.3.1/../../../../arm-none-eabi/lib/thumb/v8-m.main+dp/hard\libc_nano.a(libc_a-exit.o) (__stdio_exit_handler)
C:/ST/STM32CubeIDE_2.1.1/STM32CubeIDE/plugins/com.st.stm32cube.ide.mcu.externaltools.gnu-tools-for-stm32.14.3.rel1.win32_1.0.100.202602081740/tools/bin/../lib/gcc/arm-none-eabi/14.3.1/../../../../arm-none-eabi/lib/thumb/v8-m.main+dp/hard\libc_nano.a(libc_a-fwalk.o)
                              C:/ST/STM32CubeIDE_2.1.1/STM32CubeIDE/plugins/com.st.stm32cube.ide.mcu.externaltools.gnu-tools-for-stm32.14.3.rel1.win32_1.0.100.202602081740/tools/bin/../lib/gcc/arm-none-eabi/14.3.1/../../../../arm-none-eabi/lib/thumb/v8-m.main+dp/hard\libc_nano.a(libc_a-findfp.o) (_fwalk_sglue)
C:/ST/STM32CubeIDE_2.1.1/STM32CubeIDE/plugins/com.st.stm32cube.ide.mcu.externaltools.gnu-tools-for-stm32.14.3.rel1.win32_1.0.100.202602081740/tools/bin/../lib/gcc/arm-none-eabi/14.3.1/../../../../arm-none-eabi/lib/thumb/v8-m.main+dp/hard\libc_nano.a(libc_a-stdio.o)
                              C:/ST/STM32CubeIDE_2.1.1/STM32CubeIDE/plugins/com.st.stm32cube.ide.mcu.externaltools.gnu-tools-for-stm32.14.3.rel1.win32_1.0.100.202602081740/tools/bin/../lib/gcc/arm-none-eabi/14.3.1/../../../../arm-none-eabi/lib/thumb/v8-m.main+dp/hard\libc_nano.a(libc_a-findfp.o) (__sread)
C:/ST/STM32CubeIDE_2.1.1/STM32CubeIDE/plugins/com.st.stm32cube.ide.mcu.externaltools.gnu-tools-for-stm32.14.3.rel1.win32_1.0.100.202602081740/tools/bin/../lib/gcc/arm-none-eabi/14.3.1/../../../../arm-none-eabi/lib/thumb/v8-m.main+dp/hard\libc_nano.a(libc_a-memset.o)
                              C:/ST/STM32CubeIDE_2.1.1/STM32CubeIDE/plugins/com.st.stm32cube.ide.mcu.externaltools.gnu-tools-for-stm32.14.3.rel1.win32_1.0.100.202602081740/tools/bin/../lib/gcc/arm-none-eabi/14.3.1/../../../../arm-none-eabi/lib/thumb/v8-m.main+dp/hard/crt0.o (memset)
C:/ST/STM32CubeIDE_2.1.1/STM32CubeIDE/plugins/com.st.stm32cube.ide.mcu.externaltools.gnu-tools-for-stm32.14.3.rel1.win32_1.0.100.202602081740/tools/bin/../lib/gcc/arm-none-eabi/14.3.1/../../../../arm-none-eabi/lib/thumb/v8-m.main+dp/hard\libc_nano.a(libc_a-closer.o)
                              C:/ST/STM32CubeIDE_2.1.1/STM32CubeIDE/plugins/com.st.stm32cube.ide.mcu.externaltools.gnu-tools-for-stm32.14.3.rel1.win32_1.0.100.202602081740/tools/bin/../lib/gcc/arm-none-eabi/14.3.1/../../../../arm-none-eabi/lib/thumb/v8-m.main+dp/hard\libc_nano.a(libc_a-stdio.o) (_close_r)
C:/ST/STM32CubeIDE_2.1.1/STM32CubeIDE/plugins/com.st.stm32cube.ide.mcu.externaltools.gnu-tools-for-stm32.14.3.rel1.win32_1.0.100.202602081740/tools/bin/../lib/gcc/arm-none-eabi/14.3.1/../../../../arm-none-eabi/lib/thumb/v8-m.main+dp/hard\libc_nano.a(libc_a-reent.o)
                              C:/ST/STM32CubeIDE_2.1.1/STM32CubeIDE/plugins/com.st.stm32cube.ide.mcu.externaltools.gnu-tools-for-stm32.14.3.rel1.win32_1.0.100.202602081740/tools/bin/../lib/gcc/arm-none-eabi/14.3.1/../../../../arm-none-eabi/lib/thumb/v8-m.main+dp/hard\libc_nano.a(libc_a-closer.o) (errno)
C:/ST/STM32CubeIDE_2.1.1/STM32CubeIDE/plugins/com.st.stm32cube.ide.mcu.externaltools.gnu-tools-for-stm32.14.3.rel1.win32_1.0.100.202602081740/tools/bin/../lib/gcc/arm-none-eabi/14.3.1/../../../../arm-none-eabi/lib/thumb/v8-m.main+dp/hard\libc_nano.a(libc_a-impure.o)
                              C:/ST/STM32CubeIDE_2.1.1/STM32CubeIDE/plugins/com.st.stm32cube.ide.mcu.externaltools.gnu-tools-for-stm32.14.3.rel1.win32_1.0.100.202602081740/tools/bin/../lib/gcc/arm-none-eabi/14.3.1/../../../../arm-none-eabi/lib/thumb/v8-m.main+dp/hard\libc_nano.a(libc_a-reent.o) (_impure_ptr)
C:/ST/STM32CubeIDE_2.1.1/STM32CubeIDE/plugins/com.st.stm32cube.ide.mcu.externaltools.gnu-tools-for-stm32.14.3.rel1.win32_1.0.100.202602081740/tools/bin/../lib/gcc/arm-none-eabi/14.3.1/../../../../arm-none-eabi/lib/thumb/v8-m.main+dp/hard\libc_nano.a(libc_a-lseekr.o)
[...]
Memory Configuration

Name             Origin             Length             Attributes
ROM              0x34180400         0x0003fc00         xrw
RAM              0x341c0000         0x00040000         xrw
*default*        0x00000000         0xffffffff

Linker script and memory map

LOAD C:/ST/STM32CubeIDE_2.1.1/STM32CubeIDE/plugins/com.st.stm32cube.ide.mcu.externaltools.gnu-tools-for-stm32.14.3.rel1.win32_1.0.100.202602081740/tools/bin/../lib/gcc/arm-none-eabi/14.3.1/thumb/v8-m.main+dp/hard/crti.o
LOAD C:/ST/STM32CubeIDE_2.1.1/STM32CubeIDE/plugins/com.st.stm32cube.ide.mcu.externaltools.gnu-tools-for-stm32.14.3.rel1.win32_1.0.100.202602081740/tools/bin/../lib/gcc/arm-none-eabi/14.3.1/thumb/v8-m.main+dp/hard/crtbegin.o
LOAD C:/ST/STM32CubeIDE_2.1.1/STM32CubeIDE/plugins/com.st.stm32cube.ide.mcu.externaltools.gnu-tools-for-stm32.14.3.rel1.win32_1.0.100.202602081740/tools/bin/../lib/gcc/arm-none-eabi/14.3.1/../../../../arm-none-eabi/lib/thumb/v8-m.main+dp/hard/crt0.o
LOAD ./Core/Src/extmem_manager.o
LOAD ./Core/Src/gpio.o
LOAD ./Core/Src/main.o
LOAD ./Core/Src/stm32n6xx_hal_msp.o
LOAD ./Core/Src/stm32n6xx_it.o
LOAD ./Core/Src/syscalls.o
LOAD ./Core/Src/sysmem.o
LOAD ./Core/Src/system_stm32n6xx_fsbl.o
LOAD ./Core/Src/xspi.o
LOAD ./Core/Src/xspim.o
LOAD ./Core/Startup/startup_stm32n657i0hxq_fsbl.o
LOAD ./Drivers/STM32N6xx_HAL_Driver/stm32n6xx_hal.o
LOAD ./Drivers/STM32N6xx_HAL_Driver/stm32n6xx_hal_cortex.o
LOAD ./Drivers/STM32N6xx_HAL_Driver/stm32n6xx_hal_dma.o
LOAD ./Drivers/STM32N6xx_HAL_Driver/stm32n6xx_hal_dma_ex.o
LOAD ./Drivers/STM32N6xx_HAL_Driver/stm32n6xx_hal_exti.o
LOAD ./Drivers/STM32N6xx_HAL_Driver/stm32n6xx_hal_gpio.o
LOAD ./Drivers/STM32N6xx_HAL_Driver/stm32n6xx_hal_pwr.o
LOAD ./Drivers/STM32N6xx_HAL_Driver/stm32n6xx_hal_pwr_ex.o
LOAD ./Drivers/STM32N6xx_HAL_Driver/stm32n6xx_hal_rcc.o
LOAD ./Drivers/STM32N6xx_HAL_Driver/stm32n6xx_hal_rcc_ex.o
LOAD ./Drivers/STM32N6xx_HAL_Driver/stm32n6xx_hal_xspi.o
LOAD ./Middlewares/ST/STM32_ExtMem_Manager/stm32_boot_xip.o
LOAD ./Middlewares/ST/STM32_ExtMem_Manager/stm32_extmem.o
LOAD ./Middlewares/ST/STM32_ExtMem_Manager/stm32_psram_driver.o
LOAD ./Middlewares/ST/STM32_ExtMem_Manager/stm32_sal_sd.o
LOAD ./Middlewares/ST/STM32_ExtMem_Manager/stm32_sal_xspi.o
LOAD ./Middlewares/ST/STM32_ExtMem_Manager/stm32_sdcard_driver.o
LOAD ./Middlewares/ST/STM32_ExtMem_Manager/stm32_sfdp_data.o
LOAD ./Middlewares/ST/STM32_ExtMem_Manager/stm32_sfdp_driver.o
LOAD ./Middlewares/ST/STM32_ExtMem_Manager/stm32_user_driver.o
START GROUP
LOAD C:/ST/STM32CubeIDE_2.1.1/STM32CubeIDE/plugins/com.st.stm32cube.ide.mcu.externaltools.gnu-tools-for-stm32.14.3.rel1.win32_1.0.100.202602081740/tools/bin/../lib/gcc/arm-none-eabi/14.3.1/../../../../arm-none-eabi/lib/thumb/v8-m.main+dp/hard\libc_nano.a
LOAD C:/ST/STM32CubeIDE_2.1.1/STM32CubeIDE/plugins/com.st.stm32cube.ide.mcu.externaltools.gnu-tools-for-stm32.14.3.rel1.win32_1.0.100.202602081740/tools/bin/../lib/gcc/arm-none-eabi/14.3.1/../../../../arm-none-eabi/lib/thumb/v8-m.main+dp/hard\libm.a
END GROUP
START GROUP
LOAD C:/ST/STM32CubeIDE_2.1.1/STM32CubeIDE/plugins/com.st.stm32cube.ide.mcu.externaltools.gnu-tools-for-stm32.14.3.rel1.win32_1.0.100.202602081740/tools/bin/../lib/gcc/arm-none-eabi/14.3.1/thumb/v8-m.main+dp/hard\libgcc.a
LOAD C:/ST/STM32CubeIDE_2.1.1/STM32CubeIDE/plugins/com.st.stm32cube.ide.mcu.externaltools.gnu-tools-for-stm32.14.3.rel1.win32_1.0.100.202602081740/tools/bin/../lib/gcc/arm-none-eabi/14.3.1/../../../../arm-none-eabi/lib/thumb/v8-m.main+dp/hard\libc_nano.a
END GROUP
START GROUP
LOAD C:/ST/STM32CubeIDE_2.1.1/STM32CubeIDE/plugins/com.st.stm32cube.ide.mcu.externaltools.gnu-tools-for-stm32.14.3.rel1.win32_1.0.100.202602081740/tools/bin/../lib/gcc/arm-none-eabi/14.3.1/thumb/v8-m.main+dp/hard\libgcc.a
LOAD C:/ST/STM32CubeIDE_2.1.1/STM32CubeIDE/plugins/com.st.stm32cube.ide.mcu.externaltools.gnu-tools-for-stm32.14.3.rel1.win32_1.0.100.202602081740/tools/bin/../lib/gcc/arm-none-eabi/14.3.1/../../../../arm-none-eabi/lib/thumb/v8-m.main+dp/hard\libc_nano.a
LOAD C:/ST/STM32CubeIDE_2.1.1/STM32CubeIDE/plugins/com.st.stm32cube.ide.mcu.externaltools.gnu-tools-for-stm32.14.3.rel1.win32_1.0.100.202602081740/tools/bin/../lib/gcc/arm-none-eabi/14.3.1/../../../../arm-none-eabi/lib/thumb/v8-m.main+dp/hard\libnosys.a
END GROUP
START GROUP
LOAD C:/ST/STM32CubeIDE_2.1.1/STM32CubeIDE/plugins/com.st.stm32cube.ide.mcu.externaltools.gnu-tools-for-stm32.14.3.rel1.win32_1.0.100.202602081740/tools/bin/../lib/gcc/arm-none-eabi/14.3.1/thumb/v8-m.main+dp/hard\libgcc.a
LOAD C:/ST/STM32CubeIDE_2.1.1/STM32CubeIDE/plugins/com.st.stm32cube.ide.mcu.externaltools.gnu-tools-for-stm32.14.3.rel1.win32_1.0.100.202602081740/tools/bin/../lib/gcc/arm-none-eabi/14.3.1/../../../../arm-none-eabi/lib/thumb/v8-m.main+dp/hard\libc_nano.a
LOAD C:/ST/STM32CubeIDE_2.1.1/STM32CubeIDE/plugins/com.st.stm32cube.ide.mcu.externaltools.gnu-tools-for-stm32.14.3.rel1.win32_1.0.100.202602081740/tools/bin/../lib/gcc/arm-none-eabi/14.3.1/../../../../arm-none-eabi/lib/thumb/v8-m.main+dp/hard\libnosys.a
END GROUP
LOAD C:/ST/STM32CubeIDE_2.1.1/STM32CubeIDE/plugins/com.st.stm32cube.ide.mcu.externaltools.gnu-tools-for-stm32.14.3.rel1.win32_1.0.100.202602081740/tools/bin/../lib/gcc/arm-none-eabi/14.3.1/thumb/v8-m.main+dp/hard/crtend.o
LOAD C:/ST/STM32CubeIDE_2.1.1/STM32CubeIDE/plugins/com.st.stm32cube.ide.mcu.externaltools.gnu-tools-for-stm32.14.3.rel1.win32_1.0.100.202602081740/tools/bin/../lib/gcc/arm-none-eabi/14.3.1/thumb/v8-m.main+dp/hard/crtn.o
                0x34200000                        _estack = (ORIGIN (RAM) + LENGTH (RAM))
                0x341ff800                        _sstack = (_estack - _Min_Stack_Size)
                0x00000200                        _Min_Heap_Size = 0x200
                0x00000800                        _Min_Stack_Size = 0x800

.isr_vector     0x34180400      0x34c
                0x34180400                        . = ALIGN (0x4)
 *(.isr_vector)
 .isr_vector    0x34180400      0x34c ./Core/Startup/startup_stm32n657i0hxq_fsbl.o
                0x34180400                g_pfnVectors
                0x3418074c                        . = ALIGN (0x4)

.text           0x3418074c     0xec90
                0x3418074c                        . = ALIGN (0x4)
 *(.text)
 .text          0x3418074c       0x40 C:/ST/STM32CubeIDE_2.1.1/STM32CubeIDE/plugins/com.st.stm32cube.ide.mcu.externaltools.gnu-tools-for-stm32.14.3.rel1.win32_1.0.100.202602081740/tools/bin/../lib/gcc/arm-none-eabi/14.3.1/thumb/v8-m.main+dp/hard/crtbegin.o
 *(.text*)
 .text.MX_EXTMEM_MANAGER_Init
                0x3418078c       0xd8 ./Core/Src/extmem_manager.o
                0x3418078c                MX_EXTMEM_MANAGER_Init
 .text.LL_AHB4_GRP1_EnableClock
                0x34180864       0x2c ./Core/Src/gpio.o
 .text.MX_GPIO_Init
                0x34180890       0x68 ./Core/Src/gpio.o
                0x34180890                MX_GPIO_Init
 .text.main     0x341808f8       0x2c ./Core/Src/main.o
                0x341808f8                main
 .text.SystemClock_Config
                0x34180924      0x142 ./Core/Src/main.o
                0x34180924                SystemClock_Config
 .text.Error_Handler
                0x34180a66        0xc ./Core/Src/main.o
                0x34180a66                Error_Handler
 .text.HAL_MspInit
                0x34180a72       0x10 ./Core/Src/stm32n6xx_hal_msp.o
                0x34180a72                HAL_MspInit
 .text.NMI_Handler
                0x34180a82        0x8 ./Core/Src/stm32n6xx_it.o
                0x34180a82                NMI_Handler
 .text.HardFault_Handler
                0x34180a8a        0x8 ./Core/Src/stm32n6xx_it.o
                0x34180a8a                HardFault_Handler
 .text.MemManage_Handler
                0x34180a92        0x8 ./Core/Src/stm32n6xx_it.o
                0x34180a92                MemManage_Handler
 .text.BusFault_Handler
                0x34180a9a        0x8 ./Core/Src/stm32n6xx_it.o
                0x34180a9a                BusFault_Handler
 .text.UsageFault_Handler
                0x34180aa2        0x8 ./Core/Src/stm32n6xx_it.o
                0x34180aa2                UsageFault_Handler
 .text.SecureFault_Handler
                0x34180aaa        0x8 ./Core/Src/stm32n6xx_it.o
                0x34180aaa                SecureFault_Handler
 .text.SVC_Handler
                0x34180ab2        0xe ./Core/Src/stm32n6xx_it.o
                0x34180ab2                SVC_Handler
 .text.DebugMon_Handler
                0x34180ac0        0xe ./Core/Src/stm32n6xx_it.o
                0x34180ac0                DebugMon_Handler
 .text.PendSV_Handler
                0x34180ace        0xe ./Core/Src/stm32n6xx_it.o
                0x34180ace                PendSV_Handler
 .text.SysTick_Handler
                0x34180adc        0xc ./Core/Src/stm32n6xx_it.o
                0x34180adc                SysTick_Handler
 .text.SystemInit
                0x34180ae8      0x218 ./Core/Src/system_stm32n6xx_fsbl.o
                0x34180ae8                SystemInit
 .text.SystemCoreClockUpdate
                0x34180d00      0x350 ./Core/Src/system_stm32n6xx_fsbl.o
                0x34180d00                SystemCoreClockUpdate
 .text.SECURE_SystemCoreClockUpdate
                0x34181050       0x2c ./Core/Src/system_stm32n6xx_fsbl.o
                0x34181050                __acle_se_SECURE_SystemCoreClockUpdate
 .text.LL_AHB4_GRP1_EnableClock
                0x3418107c       0x2c ./Core/Src/xspi.o
 .text.LL_AHB5_GRP1_EnableClock
                0x341810a8       0x2c ./Core/Src/xspi.o
 .text.MX_XSPI2_Init
                0x341810d4       0xb8 ./Core/Src/xspi.o
                0x341810d4                MX_XSPI2_Init
 .text.HAL_XSPI_MspInit
                0x3418118c       0xac ./Core/Src/xspi.o
                0x3418118c                HAL_XSPI_MspInit
 .text.Reset_Handler
                0x34181238       0x5c ./Core/Startup/startup_stm32n657i0hxq_fsbl.o
                0x34181238                Reset_Handler
 .text.Default_Handler
                0x34181294        0x2 ./Core/Startup/startup_stm32n657i0hxq_fsbl.o
                0x34181294                HPDMA1_Channel13_IRQHandler
                0x34181294                EXTI2_IRQHandler
                0x34181294                MCE2_IRQHandler
                0x34181294                TIM8_CC_IRQHandler
                0x34181294                USB2_OTG_HS_IRQHandler
                0x34181294                SAI1_A_IRQHandler
                0x34181294                EXTI5_IRQHandler
                0x34181294                I3C1_ER_IRQHandler
                0x34181294                UART8_IRQHandler
                0x34181294                CTI_INT0_IRQHandler
                0x34181294                SPI4_IRQHandler
                0x34181294                LTDC_LO_IRQHandler
                0x34181294                NPU2_IRQHandler
                0x34181294                FDCAN3_IT0_IRQHandler
                0x34181294                EXTI13_IRQHandler
                0x34181294                TIM1_CC_IRQHandler
                0x34181294                XSPI1_IRQHandler
                0x34181294                TIM10_IRQHandler
                0x34181294                JPEG_IRQHandler
                0x34181294                TAMP_IRQHandler
                0x34181294                CACHE_ECC_IRQHandler
                0x34181294                TIM6_IRQHandler
                0x34181294                CSI_IRQHandler
                0x34181294                EXTI12_IRQHandler
                0x34181294                GFXTIM_IRQHandler
                0x34181294                EXTI3_IRQHandler
                0x34181294                LPTIM4_IRQHandler
                0x34181294                GPDMA1_Channel5_IRQHandler
                0x34181294                EXTI8_IRQHandler
                0x34181294                LPTIM2_IRQHandler
                0x34181294                GFXMMU_IRQHandler
                0x34181294                LTDC_LO_ERR_IRQHandler
                0x34181294                I2C3_ER_IRQHandler
                0x34181294                RIFSC_TAMPER_IRQHandler
                0x34181294                USART10_IRQHandler
                0x34181294                MDF1_FLT2_IRQHandler
                0x34181294                LPTIM3_IRQHandler
                0x34181294                SAI2_A_IRQHandler
                0x34181294                EXTI0_IRQHandler
                0x34181294                HPDMA1_Channel9_IRQHandler
                0x34181294                I2C2_EV_IRQHandler
                0x34181294                GPU2D_IRQHandler
                0x34181294                FPU_IRQHandler
                0x34181294                GPDMA1_Channel3_IRQHandler
                0x34181294                GPDMA1_Channel7_IRQHandler
                0x34181294                MDF1_FLT4_IRQHandler
                0x34181294                FDCAN1_IT1_IRQHandler
                0x34181294                HPDMA1_Channel3_IRQHandler
                0x34181294                ADC1_2_IRQHandler
                0x34181294                GPDMA1_Channel9_IRQHandler
                0x34181294                SPI1_IRQHandler
                0x34181294                CACHEAXI_IRQHandler
                0x34181294                SAI1_B_IRQHandler
                0x34181294                GPDMA1_Channel2_IRQHandler
                0x34181294                PAHB_ERR_IRQHandler
                0x34181294                TIM8_UP_IRQHandler
                0x34181294                RCC_S_IRQHandler
                0x34181294                MDF1_FLT1_IRQHandler
                0x34181294                LTDC_UP_IRQHandler
                0x34181294                LOCKUP_IRQHandler
                0x34181294                PKA_IRQHandler
                0x34181294                USART6_IRQHandler
                0x34181294                HPDMA1_Channel2_IRQHandler
                0x34181294                MDF1_FLT5_IRQHandler
                0x34181294                MCE4_IRQHandler
                0x34181294                I3C2_ER_IRQHandler
                0x34181294                EXTI15_IRQHandler
                0x34181294                TIM17_IRQHandler
                0x34181294                USART3_IRQHandler
                0x34181294                HPDMA1_Channel6_IRQHandler
                0x34181294                CRYP_IRQHandler
                0x34181294                RTC_IRQHandler
                0x34181294                XSPI2_IRQHandler
                0x34181294                EXTI9_IRQHandler
                0x34181294                IAC_IRQHandler
                0x34181294                HPDMA1_Channel0_IRQHandler
                0x34181294                LPTIM5_IRQHandler
                0x34181294                HPDMA1_Channel1_IRQHandler
                0x34181294                UART5_IRQHandler
                0x34181294                TIM4_IRQHandler
                0x34181294                NPU3_IRQHandler
                0x34181294                I3C2_EV_IRQHandler
                0x34181294                I2C1_EV_IRQHandler
                0x34181294                FDCAN_CU_IRQHandler
                0x34181294                GPDMA1_Channel12_IRQHandler
                0x34181294                HPDMA1_Channel7_IRQHandler
                0x34181294                GPDMA1_Channel1_IRQHandler
                0x34181294                TIM16_IRQHandler
                0x34181294                GPDMA1_Channel15_IRQHandler
                0x34181294                UART4_IRQHandler
                0x34181294                TCM_ECC_IRQHandler
                0x34181294                TIM3_IRQHandler
                0x34181294                RCC_IRQHandler
                0x34181294                UART9_IRQHandler
                0x34181294                NPU1_IRQHandler
                0x34181294                SAI2_B_IRQHandler
                0x34181294                Default_Handler
                0x34181294                GPDMA1_Channel8_IRQHandler
                0x34181294                HPDMA1_Channel8_IRQHandler
                0x34181294                TIM18_IRQHandler
                0x34181294                TIM14_IRQHandler
                0x34181294                TIM13_IRQHandler
                0x34181294                CTI_INT1_IRQHandler
                0x34181294                GPDMA1_Channel11_IRQHandler
                0x34181294                GPU2D_ER_IRQHandler
                0x34181294                SPI5_IRQHandler
                0x34181294                TIM12_IRQHandler
                0x34181294                TIM7_IRQHandler
                0x34181294                FDCAN3_IT1_IRQHandler
                0x34181294                HPDMA1_Channel10_IRQHandler
                0x34181294                SDMMC1_IRQHandler
                0x34181294                SAES_IRQHandler
                0x34181294                TIM5_IRQHandler
                0x34181294                UCPD1_IRQHandler
                0x34181294                GPDMA1_Channel0_IRQHandler
                0x34181294                I3C1_EV_IRQHandler
                0x34181294                HPDMA1_Channel5_IRQHandler
                0x34181294                TIM15_IRQHandler
                0x34181294                I2C3_EV_IRQHandler
                0x34181294                HPDMA1_Channel4_IRQHandler
                0x34181294                HPDMA1_Channel15_IRQHandler
                0x34181294                TIM9_IRQHandler
                0x34181294                ETH1_IRQHandler
                0x34181294                USB1_OTG_HS_IRQHandler
                0x34181294                PVD_PVM_IRQHandler
                0x34181294                SPI2_IRQHandler
                0x34181294                TIM1_TRG_CCU_IRQHandler
                0x34181294                HPDMA1_Channel11_IRQHandler
                0x34181294                EXTI14_IRQHandler
                0x34181294                EXTI11_IRQHandler
                0x34181294                VENC_IRQHandler
                0x34181294                GPDMA1_Channel14_IRQHandler
                0x34181294                EXTI4_IRQHandler
                0x34181294                RTC_S_IRQHandler
                0x34181294                GPDMA1_Channel13_IRQHandler
                0x34181294                RNG_IRQHandler
                0x34181294                XSPI3_IRQHandler
                0x34181294                FDCAN2_IT1_IRQHandler
                0x34181294                TIM1_UP_IRQHandler
                0x34181294                NPU0_IRQHandler
                0x34181294                BCK_ECC_IRQHandler
                0x34181294                WWDG_IRQHandler
                0x34181294                SPI6_IRQHandler
                0x34181294                MDIOS_IRQHandler
                0x34181294                I2C4_EV_IRQHandler
                0x34181294                FDCAN2_IT0_IRQHandler
                0x34181294                IWDG_IRQHandler
                0x34181294                HPDMA1_Channel14_IRQHandler
                0x34181294                LPUART1_IRQHandler
                0x34181294                FDCAN1_IT0_IRQHandler
                0x34181294                MDF1_FLT0_IRQHandler
                0x34181294                TIM2_IRQHandler
                0x34181294                MCE3_IRQHandler
                0x34181294                GPDMA1_Channel4_IRQHandler
                0x34181294                EXTI7_IRQHandler
                0x34181294                DMA2D_IRQHandler
                0x34181294                TIM1_BRK_IRQHandler
                0x34181294                EXTI1_IRQHandler
                0x34181294                SDMMC2_IRQHandler
                0x34181294                TIM11_IRQHandler
                0x34181294                LTDC_UP_ERR_IRQHandler
                0x34181294                UART7_IRQHandler
                0x34181294                DTS_IRQHandler
                0x34181294                MDF1_FLT3_IRQHandler
                0x34181294                USART2_IRQHandler
                0x34181294                GPDMA1_Channel6_IRQHandler
                0x34181294                ADF1_FLT0_IRQHandler
                0x34181294                I2C2_ER_IRQHandler
                0x34181294                MCE1_IRQHandler
                0x34181294                SPDIFRX_IRQHandler
                0x34181294                TIM8_BRK_IRQHandler
                0x34181294                HPDMA1_Channel12_IRQHandler
                0x34181294                USART1_IRQHandler
                0x34181294                EXTI10_IRQHandler
                0x34181294                SPI3_IRQHandler
                0x34181294                WAKEUP_PIN_IRQHandler
                0x34181294                DCMIPP_IRQHandler
                0x34181294                I2C1_ER_IRQHandler
                0x34181294                FMC_IRQHandler
                0x34181294                EXTI6_IRQHandler
                0x34181294                LPTIM1_IRQHandler
                0x34181294                DCMI_PSSI_IRQHandler
                0x34181294                TIM8_TRG_CCU_IRQHandler
                0x34181294                I2C4_ER_IRQHandler
                0x34181294                GPDMA1_Channel10_IRQHandler
                0x34181294                ICACHE_IRQHandler
                0x34181294                HASH_IRQHandler
 .text.HAL_Init
                0x34181296       0x28 ./Drivers/STM32N6xx_HAL_Driver/stm32n6xx_hal.o
                0x34181296                HAL_Init
 *fill*         0x341812be        0x2 
 .text.HAL_InitTick
                0x341812c0       0x6c ./Drivers/STM32N6xx_HAL_Driver/stm32n6xx_hal.o
                0x341812c0                HAL_InitTick
 .text.HAL_IncTick
                0x3418132c       0x28 ./Drivers/STM32N6xx_HAL_Driver/stm32n6xx_hal.o
                0x3418132c                HAL_IncTick
 .text.HAL_GetTick
                0x34181354       0x18 ./Drivers/STM32N6xx_HAL_Driver/stm32n6xx_hal.o
                0x34181354                HAL_GetTick
 .text.HAL_Delay
                0x3418136c       0x48 ./Drivers/STM32N6xx_HAL_Driver/stm32n6xx_hal.o
                0x3418136c                HAL_Delay
 .text.HAL_SuspendTick
                0x341813b4       0x20 ./Drivers/STM32N6xx_HAL_Driver/stm32n6xx_hal.o
                0x341813b4                HAL_SuspendTick
 .text.__NVIC_SetPriorityGrouping
                0x341813d4       0x48 ./Drivers/STM32N6xx_HAL_Driver/stm32n6xx_hal_cortex.o
 .text.__NVIC_GetPriorityGrouping
                0x3418141c       0x1c ./Drivers/STM32N6xx_HAL_Driver/stm32n6xx_hal_cortex.o
 .text.__NVIC_SetPriority
                0x34181438       0x54 ./Drivers/STM32N6xx_HAL_Driver/stm32n6xx_hal_cortex.o
 .text.NVIC_EncodePriority
                0x3418148c       0x66 ./Drivers/STM32N6xx_HAL_Driver/stm32n6xx_hal_cortex.o
 *fill*         0x341814f2        0x2 
 .text.SysTick_Config
                0x341814f4       0x44 ./Drivers/STM32N6xx_HAL_Driver/stm32n6xx_hal_cortex.o
 .text.HAL_NVIC_SetPriorityGrouping
                0x34181538       0x16 ./Drivers/STM32N6xx_HAL_Driver/stm32n6xx_hal_cortex.o
                0x34181538                HAL_NVIC_SetPriorityGrouping
 .text.HAL_NVIC_SetPriority
                0x3418154e       0x3a ./Drivers/STM32N6xx_HAL_Driver/stm32n6xx_hal_cortex.o
                0x3418154e                HAL_NVIC_SetPriority
 .text.HAL_SYSTICK_Config
                0x34181588       0x18 ./Drivers/STM32N6xx_HAL_Driver/stm32n6xx_hal_cortex.o
                0x34181588                HAL_SYSTICK_Config
 .text.HAL_DMA_Abort
                0x341815a0       0xf8 ./Drivers/STM32N6xx_HAL_Driver/stm32n6xx_hal_dma.o
                0x341815a0                HAL_DMA_Abort
 .text.HAL_GPIO_Init
                0x34181698      0x364 ./Drivers/STM32N6xx_HAL_Driver/stm32n6xx_hal_gpio.o
                0x34181698                HAL_GPIO_Init
 .text.HAL_GPIO_ConfigPinAttributes
                0x341819fc       0x8e ./Drivers/STM32N6xx_HAL_Driver/stm32n6xx_hal_gpio.o
                0x341819fc                HAL_GPIO_ConfigPinAttributes
 *fill*         0x34181a8a        0x2 
 .text.HAL_PWREx_ConfigSupply
                0x34181a8c       0x50 ./Drivers/STM32N6xx_HAL_Driver/stm32n6xx_hal_pwr_ex.o
                0x34181a8c                HAL_PWREx_ConfigSupply
 .text.HAL_PWREx_ControlVoltageScaling
                0x34181adc       0x50 ./Drivers/STM32N6xx_HAL_Driver/stm32n6xx_hal_pwr_ex.o
                0x34181adc                HAL_PWREx_ControlVoltageScaling
 .text.HAL_PWREx_EnableVddIO3
                0x34181b2c       0x20 ./Drivers/STM32N6xx_HAL_Driver/stm32n6xx_hal_pwr_ex.o
                0x34181b2c                HAL_PWREx_EnableVddIO3
 .text.HAL_PWREx_EnableVddIO4
                0x34181b4c       0x20 ./Drivers/STM32N6xx_HAL_Driver/stm32n6xx_hal_pwr_ex.o
                0x34181b4c                HAL_PWREx_EnableVddIO4
 .text.LL_RCC_HSE_IsReady
                0x34181b6c       0x24 ./Drivers/STM32N6xx_HAL_Driver/stm32n6xx_hal_rcc.o
 .text.LL_RCC_HSI_Enable
                0x34181b90       0x1c ./Drivers/STM32N6xx_HAL_Driver/stm32n6xx_hal_rcc.o
 .text.LL_RCC_HSI_Disable
                0x34181bac       0x20 ./Drivers/STM32N6xx_HAL_Driver/stm32n6xx_hal_rcc.o
 .text.LL_RCC_HSI_IsReady
                0x34181bcc       0x24 ./Drivers/STM32N6xx_HAL_Driver/stm32n6xx_hal_rcc.o
 .text.LL_RCC_HSI_SetDivider
                0x34181bf0       0x28 ./Drivers/STM32N6xx_HAL_Driver/stm32n6xx_hal_rcc.o
 .text.LL_RCC_HSI_GetDivider
                0x34181c18       0x1c ./Drivers/STM32N6xx_HAL_Driver/stm32n6xx_hal_rcc.o
 .text.LL_RCC_HSI_SetCalibTrimming
                0x34181c34       0x2c ./Drivers/STM32N6xx_HAL_Driver/stm32n6xx_hal_rcc.o
 .text.LL_RCC_MSI_Enable
                0x34181c60       0x1c ./Drivers/STM32N6xx_HAL_Driver/stm32n6xx_hal_rcc.o
 .text.LL_RCC_MSI_Disable
                0x34181c7c       0x20 ./Drivers/STM32N6xx_HAL_Driver/stm32n6xx_hal_rcc.o
 .text.LL_RCC_MSI_IsReady
                0x34181c9c       0x24 ./Drivers/STM32N6xx_HAL_Driver/stm32n6xx_hal_rcc.o
 .text.LL_RCC_MSI_SetFrequency
                0x34181cc0       0x28 ./Drivers/STM32N6xx_HAL_Driver/stm32n6xx_hal_rcc.o
 .text.LL_RCC_MSI_SetCalibTrimming
                0x34181ce8       0x2c ./Drivers/STM32N6xx_HAL_Driver/stm32n6xx_hal_rcc.o
 .text.LL_RCC_LSE_IsReady
                0x34181d14       0x24 ./Drivers/STM32N6xx_HAL_Driver/stm32n6xx_hal_rcc.o
 .text.LL_RCC_LSI_Enable
                0x34181d38       0x1c ./Drivers/STM32N6xx_HAL_Driver/stm32n6xx_hal_rcc.o
 .text.LL_RCC_LSI_Disable
                0x34181d54       0x20 ./Drivers/STM32N6xx_HAL_Driver/stm32n6xx_hal_rcc.o
 .text.LL_RCC_LSI_IsReady
                0x34181d74       0x1c ./Drivers/STM32N6xx_HAL_Driver/stm32n6xx_hal_rcc.o
 .text.LL_RCC_GetCpuClkSource
                0x34181d90       0x1c ./Drivers/STM32N6xx_HAL_Driver/stm32n6xx_hal_rcc.o
 .text.LL_RCC_GetSysClkSource
                0x34181dac       0x1c ./Drivers/STM32N6xx_HAL_Driver/stm32n6xx_hal_rcc.o
 .text.LL_RCC_PLL1_GetSource
                0x34181dc8       0x1c ./Drivers/STM32N6xx_HAL_Driver/stm32n6xx_hal_rcc.o
 .text.LL_RCC_PLL1_IsReady
                0x34181de4       0x28 ./Drivers/STM32N6xx_HAL_Driver/stm32n6xx_hal_rcc.o
 .text.LL_RCC_PLL1_IsEnabledBypass
                0x34181e0c       0x28 ./Drivers/STM32N6xx_HAL_Driver/stm32n6xx_hal_rcc.o
 .text.LL_RCC_PLL2_GetSource
                0x34181e34       0x1c ./Drivers/STM32N6xx_HAL_Driver/stm32n6xx_hal_rcc.o
 .text.LL_RCC_PLL2_IsReady
                0x34181e50       0x28 ./Drivers/STM32N6xx_HAL_Driver/stm32n6xx_hal_rcc.o
 .text.LL_RCC_PLL2_IsEnabledBypass
                0x34181e78       0x28 ./Drivers/STM32N6xx_HAL_Driver/stm32n6xx_hal_rcc.o
 .text.LL_RCC_PLL3_GetSource
                0x34181ea0       0x1c ./Drivers/STM32N6xx_HAL_Driver/stm32n6xx_hal_rcc.o
 .text.LL_RCC_PLL3_IsReady
                0x34181ebc       0x28 ./Drivers/STM32N6xx_HAL_Driver/stm32n6xx_hal_rcc.o
 .text.LL_RCC_PLL3_IsEnabledBypass
                0x34181ee4       0x28 ./Drivers/STM32N6xx_HAL_Driver/stm32n6xx_hal_rcc.o
 .text.LL_RCC_PLL4_GetSource
                0x34181f0c       0x1c ./Drivers/STM32N6xx_HAL_Driver/stm32n6xx_hal_rcc.o
 .text.LL_RCC_PLL4_IsReady
                0x34181f28       0x28 ./Drivers/STM32N6xx_HAL_Driver/stm32n6xx_hal_rcc.o
 .text.LL_RCC_PLL4_IsEnabledBypass
                0x34181f50       0x28 ./Drivers/STM32N6xx_HAL_Driver/stm32n6xx_hal_rcc.o
 .text.LL_RCC_IC1_Enable
                0x34181f78       0x1c ./Drivers/STM32N6xx_HAL_Driver/stm32n6xx_hal_rcc.o
 .text.LL_RCC_IC1_GetSource
                0x34181f94       0x1c ./Drivers/STM32N6xx_HAL_Driver/stm32n6xx_hal_rcc.o
 .text.LL_RCC_IC1_GetDivider
                0x34181fb0       0x20 ./Drivers/STM32N6xx_HAL_Driver/stm32n6xx_hal_rcc.o
 .text.LL_RCC_IC2_GetSource
                0x34181fd0       0x1c ./Drivers/STM32N6xx_HAL_Driver/stm32n6xx_hal_rcc.o
 .text.LL_RCC_IC2_GetDivider
                0x34181fec       0x20 ./Drivers/STM32N6xx_HAL_Driver/stm32n6xx_hal_rcc.o
 .text.LL_RCC_IC6_GetSource
                0x3418200c       0x1c ./Drivers/STM32N6xx_HAL_Driver/stm32n6xx_hal_rcc.o
 .text.LL_RCC_IC11_GetSource
                0x34182028       0x1c ./Drivers/STM32N6xx_HAL_Driver/stm32n6xx_hal_rcc.o
 .text.HAL_RCC_OscConfig
                0x34182044      0x7c0 ./Drivers/STM32N6xx_HAL_Driver/stm32n6xx_hal_rcc.o
                0x34182044                HAL_RCC_OscConfig
 .text.HAL_RCC_ClockConfig
                0x34182804      0x408 ./Drivers/STM32N6xx_HAL_Driver/stm32n6xx_hal_rcc.o
                0x34182804                HAL_RCC_ClockConfig
 .text.HAL_RCC_GetCpuClockFreq
                0x34182c0c      0x100 ./Drivers/STM32N6xx_HAL_Driver/stm32n6xx_hal_rcc.o
                0x34182c0c                HAL_RCC_GetCpuClockFreq
 .text.HAL_RCC_GetSysClockFreq
                0x34182d0c       0x1e ./Drivers/STM32N6xx_HAL_Driver/stm32n6xx_hal_rcc.o
                0x34182d0c                HAL_RCC_GetSysClockFreq
 *fill*         0x34182d2a        0x2 
 .text.HAL_RCC_GetClockConfig
                0x34182d2c       0xec ./Drivers/STM32N6xx_HAL_Driver/stm32n6xx_hal_rcc.o
                0x34182d2c                HAL_RCC_GetClockConfig
 .text.RCC_GetSysClockFreq
                0x34182e18      0x104 ./Drivers/STM32N6xx_HAL_Driver/stm32n6xx_hal_rcc.o
 .text.RCC_PLL_Config
                0x34182f1c      0x260 ./Drivers/STM32N6xx_HAL_Driver/stm32n6xx_hal_rcc.o
 .text.RCC_PLL_Enable
                0x3418317c       0x58 ./Drivers/STM32N6xx_HAL_Driver/stm32n6xx_hal_rcc.o
 .text.RCC_PLL_IsNewConfig
                0x341831d4       0xf4 ./Drivers/STM32N6xx_HAL_Driver/stm32n6xx_hal_rcc.o
 .text.RCC_PLL_Source_IsReady
                0x341832c8       0x74 ./Drivers/STM32N6xx_HAL_Driver/stm32n6xx_hal_rcc.o
 .text.RCC_IC_CheckPLLSources
                0x3418333c      0x170 ./Drivers/STM32N6xx_HAL_Driver/stm32n6xx_hal_rcc.o
 .text.LL_RCC_HSE_SelectHSEAsDiv2Clock
                0x341834ac       0x20 ./Drivers/STM32N6xx_HAL_Driver/stm32n6xx_hal_rcc_ex.o
 .text.LL_RCC_HSE_SelectHSEDiv2AsDiv2Clock
                0x341834cc       0x20 ./Drivers/STM32N6xx_HAL_Driver/stm32n6xx_hal_rcc_ex.o
 .text.LL_RCC_HSE_IsSelectedHSEDiv2AsDiv2Clock
                0x341834ec       0x24 ./Drivers/STM32N6xx_HAL_Driver/stm32n6xx_hal_rcc_ex.o
 .text.LL_RCC_HSE_IsReady
                0x34183510       0x24 ./Drivers/STM32N6xx_HAL_Driver/stm32n6xx_hal_rcc_ex.o
 .text.LL_RCC_HSI_IsReady
                0x34183534       0x24 ./Drivers/STM32N6xx_HAL_Driver/stm32n6xx_hal_rcc_ex.o
 .text.LL_RCC_HSI_GetDivider
                0x34183558       0x1c ./Drivers/STM32N6xx_HAL_Driver/stm32n6xx_hal_rcc_ex.o
 .text.LL_RCC_MSI_IsReady
                0x34183574       0x24 ./Drivers/STM32N6xx_HAL_Driver/stm32n6xx_hal_rcc_ex.o
 .text.LL_RCC_MSI_GetFrequency
                0x34183598       0x1c ./Drivers/STM32N6xx_HAL_Driver/stm32n6xx_hal_rcc_ex.o
 .text.LL_RCC_LSE_IsReady
                0x341835b4       0x24 ./Drivers/STM32N6xx_HAL_Driver/stm32n6xx_hal_rcc_ex.o
 .text.LL_RCC_LSI_IsReady
                0x341835d8       0x1c ./Drivers/STM32N6xx_HAL_Driver/stm32n6xx_hal_rcc_ex.o
 .text.LL_RCC_GetAHBPrescaler
                0x341835f4       0x1c ./Drivers/STM32N6xx_HAL_Driver/stm32n6xx_hal_rcc_ex.o
 .text.LL_RCC_GetAPB1Prescaler
                0x34183610       0x1c ./Drivers/STM32N6xx_HAL_Driver/stm32n6xx_hal_rcc_ex.o
 .text.LL_RCC_GetAPB2Prescaler
                0x3418362c       0x1c ./Drivers/STM32N6xx_HAL_Driver/stm32n6xx_hal_rcc_ex.o
 .text.LL_RCC_GetAPB4Prescaler
                0x34183648       0x1c ./Drivers/STM32N6xx_HAL_Driver/stm32n6xx_hal_rcc_ex.o
 .text.LL_RCC_GetAPB5Prescaler
                0x34183664       0x1c ./Drivers/STM32N6xx_HAL_Driver/stm32n6xx_hal_rcc_ex.o
 .text.LL_RCC_SetClockSource
                0x34183680       0x54 ./Drivers/STM32N6xx_HAL_Driver/stm32n6xx_hal_rcc_ex.o
 .text.LL_RCC_GetADCPrescaler
                0x341836d4       0x1c ./Drivers/STM32N6xx_HAL_Driver/stm32n6xx_hal_rcc_ex.o
 .text.LL_RCC_SetADFClockSource
                0x341836f0       0x2c ./Drivers/STM32N6xx_HAL_Driver/stm32n6xx_hal_rcc_ex.o
 .text.LL_RCC_SetCLKPClockSource
                0x3418371c       0x2c ./Drivers/STM32N6xx_HAL_Driver/stm32n6xx_hal_rcc_ex.o
 .text.LL_RCC_SetDCMIPPClockSource
                0x34183748       0x2c ./Drivers/STM32N6xx_HAL_Driver/stm32n6xx_hal_rcc_ex.o
 .text.LL_RCC_SetETHClockSource
                0x34183774       0x2c ./Drivers/STM32N6xx_HAL_Driver/stm32n6xx_hal_rcc_ex.o
 .text.LL_RCC_SetETHPHYInterface
                0x341837a0       0x2c ./Drivers/STM32N6xx_HAL_Driver/stm32n6xx_hal_rcc_ex.o
 .text.LL_RCC_GetETH1PTPDivider
                0x341837cc       0x1c ./Drivers/STM32N6xx_HAL_Driver/stm32n6xx_hal_rcc_ex.o
 .text.LL_RCC_SetETHREFRXClockSource
                0x341837e8       0x2c ./Drivers/STM32N6xx_HAL_Driver/stm32n6xx_hal_rcc_ex.o
 .text.LL_RCC_SetETHREFTXClockSource
                0x34183814       0x2c ./Drivers/STM32N6xx_HAL_Driver/stm32n6xx_hal_rcc_ex.o
 .text.LL_RCC_SetFDCANClockSource
                0x34183840       0x2c ./Drivers/STM32N6xx_HAL_Driver/stm32n6xx_hal_rcc_ex.o
 .text.LL_RCC_SetFMCClockSource
                0x3418386c       0x2c ./Drivers/STM32N6xx_HAL_Driver/stm32n6xx_hal_rcc_ex.o
 .text.LL_RCC_SetI2CClockSource
                0x34183898       0x16 ./Drivers/STM32N6xx_HAL_Driver/stm32n6xx_hal_rcc_ex.o
 .text.LL_RCC_SetI3CClockSource
                0x341838ae       0x16 ./Drivers/STM32N6xx_HAL_Driver/stm32n6xx_hal_rcc_ex.o
 .text.LL_RCC_SetLPTIMClockSource
                0x341838c4       0x16 ./Drivers/STM32N6xx_HAL_Driver/stm32n6xx_hal_rcc_ex.o
 *fill*         0x341838da        0x2 
 .text.LL_RCC_SetLPUARTClockSource
                0x341838dc       0x2c ./Drivers/STM32N6xx_HAL_Driver/stm32n6xx_hal_rcc_ex.o
 .text.LL_RCC_SetLTDCClockSource
                0x34183908       0x2c ./Drivers/STM32N6xx_HAL_Driver/stm32n6xx_hal_rcc_ex.o
 .text.LL_RCC_SetMDFClockSource
                0x34183934       0x2c ./Drivers/STM32N6xx_HAL_Driver/stm32n6xx_hal_rcc_ex.o
 .text.LL_RCC_SetOTGPHYClockSource
                0x34183960       0x16 ./Drivers/STM32N6xx_HAL_Driver/stm32n6xx_hal_rcc_ex.o
 .text.LL_RCC_SetOTGPHYCKREFClockSource
                0x34183976       0x16 ./Drivers/STM32N6xx_HAL_Driver/stm32n6xx_hal_rcc_ex.o
 .text.LL_RCC_SetPSSIClockSource
                0x3418398c       0x2c ./Drivers/STM32N6xx_HAL_Driver/stm32n6xx_hal_rcc_ex.o
 .text.LL_RCC_SetSAIClockSource
                0x341839b8       0x16 ./Drivers/STM32N6xx_HAL_Driver/stm32n6xx_hal_rcc_ex.o
 .text.LL_RCC_SetSDMMCClockSource
                0x341839ce       0x16 ./Drivers/STM32N6xx_HAL_Driver/stm32n6xx_hal_rcc_ex.o
 .text.LL_RCC_SetSPDIFRXClockSource
                0x341839e4       0x2c ./Drivers/STM32N6xx_HAL_Driver/stm32n6xx_hal_rcc_ex.o
 .text.LL_RCC_SetSPIClockSource
                0x34183a10       0x16 ./Drivers/STM32N6xx_HAL_Driver/stm32n6xx_hal_rcc_ex.o
 .text.LL_RCC_SetUSARTClockSource
                0x34183a26       0x16 ./Drivers/STM32N6xx_HAL_Driver/stm32n6xx_hal_rcc_ex.o
 .text.LL_RCC_SetXSPIClockSource
                0x34183a3c       0x16 ./Drivers/STM32N6xx_HAL_Driver/stm32n6xx_hal_rcc_ex.o
 *fill*         0x34183a52        0x2 
 .text.LL_RCC_GetClockSource
                0x34183a54       0x4c ./Drivers/STM32N6xx_HAL_Driver/stm32n6xx_hal_rcc_ex.o
 .text.LL_RCC_GetADCClockSource
                0x34183aa0       0x24 ./Drivers/STM32N6xx_HAL_Driver/stm32n6xx_hal_rcc_ex.o
 .text.LL_RCC_GetADFClockSource
                0x34183ac4       0x24 ./Drivers/STM32N6xx_HAL_Driver/stm32n6xx_hal_rcc_ex.o
 .text.LL_RCC_GetCLKPClockSource
                0x34183ae8       0x24 ./Drivers/STM32N6xx_HAL_Driver/stm32n6xx_hal_rcc_ex.o
 .text.LL_RCC_GetDCMIPPClockSource
                0x34183b0c       0x24 ./Drivers/STM32N6xx_HAL_Driver/stm32n6xx_hal_rcc_ex.o
 .text.LL_RCC_GetETHClockSource
                0x34183b30       0x24 ./Drivers/STM32N6xx_HAL_Driver/stm32n6xx_hal_rcc_ex.o
 .text.LL_RCC_GetETHPTPClockSource
                0x34183b54       0x24 ./Drivers/STM32N6xx_HAL_Driver/stm32n6xx_hal_rcc_ex.o
 .text.LL_RCC_GetFDCANClockSource
                0x34183b78       0x24 ./Drivers/STM32N6xx_HAL_Driver/stm32n6xx_hal_rcc_ex.o
 .text.LL_RCC_GetFMCClockSource
                0x34183b9c       0x24 ./Drivers/STM32N6xx_HAL_Driver/stm32n6xx_hal_rcc_ex.o
 .text.LL_RCC_GetI2CClockSource
                0x34183bc0       0x18 ./Drivers/STM32N6xx_HAL_Driver/stm32n6xx_hal_rcc_ex.o
 .text.LL_RCC_GetI3CClockSource
                0x34183bd8       0x18 ./Drivers/STM32N6xx_HAL_Driver/stm32n6xx_hal_rcc_ex.o
 .text.LL_RCC_GetLPTIMClockSource
                0x34183bf0       0x18 ./Drivers/STM32N6xx_HAL_Driver/stm32n6xx_hal_rcc_ex.o
 .text.LL_RCC_GetLPUARTClockSource
                0x34183c08       0x24 ./Drivers/STM32N6xx_HAL_Driver/stm32n6xx_hal_rcc_ex.o
 .text.LL_RCC_GetLTDCClockSource
                0x34183c2c       0x24 ./Drivers/STM32N6xx_HAL_Driver/stm32n6xx_hal_rcc_ex.o
 .text.LL_RCC_GetMDFClockSource
                0x34183c50       0x24 ./Drivers/STM32N6xx_HAL_Driver/stm32n6xx_hal_rcc_ex.o
 .text.LL_RCC_GetPSSIClockSource
                0x34183c74       0x24 ./Drivers/STM32N6xx_HAL_Driver/stm32n6xx_hal_rcc_ex.o
 .text.LL_RCC_GetSAIClockSource
                0x34183c98       0x18 ./Drivers/STM32N6xx_HAL_Driver/stm32n6xx_hal_rcc_ex.o
 .text.LL_RCC_GetSDMMCClockSource
                0x34183cb0       0x18 ./Drivers/STM32N6xx_HAL_Driver/stm32n6xx_hal_rcc_ex.o
 .text.LL_RCC_GetSPDIFRXClockSource
                0x34183cc8       0x24 ./Drivers/STM32N6xx_HAL_Driver/stm32n6xx_hal_rcc_ex.o
 .text.LL_RCC_GetSPIClockSource
                0x34183cec       0x18 ./Drivers/STM32N6xx_HAL_Driver/stm32n6xx_hal_rcc_ex.o
 .text.LL_RCC_GetUSARTClockSource
                0x34183d04       0x18 ./Drivers/STM32N6xx_HAL_Driver/stm32n6xx_hal_rcc_ex.o
 .text.LL_RCC_GetUARTClockSource
                0x34183d1c       0x18 ./Drivers/STM32N6xx_HAL_Driver/stm32n6xx_hal_rcc_ex.o
 .text.LL_RCC_GetUSBClockSource
                0x34183d34       0x18 ./Drivers/STM32N6xx_HAL_Driver/stm32n6xx_hal_rcc_ex.o
 .text.LL_RCC_GetXSPIClockSource
                0x34183d4c       0x18 ./Drivers/STM32N6xx_HAL_Driver/stm32n6xx_hal_rcc_ex.o
 .text.LL_RCC_SetRTCClockSource
                0x34183d64       0x2c ./Drivers/STM32N6xx_HAL_Driver/stm32n6xx_hal_rcc_ex.o
 .text.LL_RCC_GetRTCClockSource
                0x34183d90       0x1c ./Drivers/STM32N6xx_HAL_Driver/stm32n6xx_hal_rcc_ex.o
 .text.LL_RCC_SetRTC_HSEPrescaler
                0x34183dac       0x2c ./Drivers/STM32N6xx_HAL_Driver/stm32n6xx_hal_rcc_ex.o
 .text.LL_RCC_SetTIMPrescaler
                0x34183dd8       0x2c ./Drivers/STM32N6xx_HAL_Driver/stm32n6xx_hal_rcc_ex.o
 .text.LL_RCC_GetTIMPrescaler
                0x34183e04       0x1c ./Drivers/STM32N6xx_HAL_Driver/stm32n6xx_hal_rcc_ex.o
 .text.LL_RCC_PLL1_GetSource
                0x34183e20       0x1c ./Drivers/STM32N6xx_HAL_Driver/stm32n6xx_hal_rcc_ex.o
 .text.LL_RCC_PLL1_IsReady
                0x34183e3c       0x28 ./Drivers/STM32N6xx_HAL_Driver/stm32n6xx_hal_rcc_ex.o
 .text.LL_RCC_PLL1_IsEnabledBypass
                0x34183e64       0x28 ./Drivers/STM32N6xx_HAL_Driver/stm32n6xx_hal_rcc_ex.o
 .text.LL_RCC_PLL1_GetN
                0x34183e8c       0x20 ./Drivers/STM32N6xx_HAL_Driver/stm32n6xx_hal_rcc_ex.o
 .text.LL_RCC_PLL1_GetM
                0x34183eac       0x20 ./Drivers/STM32N6xx_HAL_Driver/stm32n6xx_hal_rcc_ex.o
 .text.LL_RCC_PLL1_GetP1
                0x34183ecc       0x20 ./Drivers/STM32N6xx_HAL_Driver/stm32n6xx_hal_rcc_ex.o
 .text.LL_RCC_PLL1_GetP2
                0x34183eec       0x20 ./Drivers/STM32N6xx_HAL_Driver/stm32n6xx_hal_rcc_ex.o
 .text.LL_RCC_PLL1P_IsEnabled
                0x34183f0c       0x28 ./Drivers/STM32N6xx_HAL_Driver/stm32n6xx_hal_rcc_ex.o
 .text.LL_RCC_PLL1_GetFRACN
                0x34183f34       0x1c ./Drivers/STM32N6xx_HAL_Driver/stm32n6xx_hal_rcc_ex.o
 .text.LL_RCC_PLL2_GetSource
                0x34183f50       0x1c ./Drivers/STM32N6xx_HAL_Driver/stm32n6xx_hal_rcc_ex.o
 .text.LL_RCC_PLL2_IsReady
                0x34183f6c       0x28 ./Drivers/STM32N6xx_HAL_Driver/stm32n6xx_hal_rcc_ex.o
 .text.LL_RCC_PLL2_IsEnabledBypass
                0x34183f94       0x28 ./Drivers/STM32N6xx_HAL_Driver/stm32n6xx_hal_rcc_ex.o
 .text.LL_RCC_PLL2_GetN
                0x34183fbc       0x20 ./Drivers/STM32N6xx_HAL_Driver/stm32n6xx_hal_rcc_ex.o
 .text.LL_RCC_PLL2_GetM
                0x34183fdc       0x20 ./Drivers/STM32N6xx_HAL_Driver/stm32n6xx_hal_rcc_ex.o
 .text.LL_RCC_PLL2_GetP1
                0x34183ffc       0x20 ./Drivers/STM32N6xx_HAL_Driver/stm32n6xx_hal_rcc_ex.o
 .text.LL_RCC_PLL2_GetP2
                0x3418401c       0x20 ./Drivers/STM32N6xx_HAL_Driver/stm32n6xx_hal_rcc_ex.o
 .text.LL_RCC_PLL2P_IsEnabled
                0x3418403c       0x28 ./Drivers/STM32N6xx_HAL_Driver/stm32n6xx_hal_rcc_ex.o
 .text.LL_RCC_PLL2_GetFRACN
                0x34184064       0x1c ./Drivers/STM32N6xx_HAL_Driver/stm32n6xx_hal_rcc_ex.o
 .text.LL_RCC_PLL3_GetSource
                0x34184080       0x1c ./Drivers/STM32N6xx_HAL_Driver/stm32n6xx_hal_rcc_ex.o
 .text.LL_RCC_PLL3_IsReady
                0x3418409c       0x28 ./Drivers/STM32N6xx_HAL_Driver/stm32n6xx_hal_rcc_ex.o
 .text.LL_RCC_PLL3_IsEnabledBypass
                0x341840c4       0x28 ./Drivers/STM32N6xx_HAL_Driver/stm32n6xx_hal_rcc_ex.o
 .text.LL_RCC_PLL3_GetN
                0x341840ec       0x20 ./Drivers/STM32N6xx_HAL_Driver/stm32n6xx_hal_rcc_ex.o
 .text.LL_RCC_PLL3_GetM
                0x3418410c       0x20 ./Drivers/STM32N6xx_HAL_Driver/stm32n6xx_hal_rcc_ex.o
 .text.LL_RCC_PLL3_GetP1
                0x3418412c       0x20 ./Drivers/STM32N6xx_HAL_Driver/stm32n6xx_hal_rcc_ex.o
 .text.LL_RCC_PLL3_GetP2
                0x3418414c       0x20 ./Drivers/STM32N6xx_HAL_Driver/stm32n6xx_hal_rcc_ex.o
 .text.LL_RCC_PLL3P_IsEnabled
                0x3418416c       0x28 ./Drivers/STM32N6xx_HAL_Driver/stm32n6xx_hal_rcc_ex.o
 .text.LL_RCC_PLL3_GetFRACN
                0x34184194       0x1c ./Drivers/STM32N6xx_HAL_Driver/stm32n6xx_hal_rcc_ex.o
 .text.LL_RCC_PLL4_GetSource
                0x341841b0       0x1c ./Drivers/STM32N6xx_HAL_Driver/stm32n6xx_hal_rcc_ex.o
 .text.LL_RCC_PLL4_IsReady
                0x341841cc       0x28 ./Drivers/STM32N6xx_HAL_Driver/stm32n6xx_hal_rcc_ex.o
 .text.LL_RCC_PLL4_IsEnabledBypass
                0x341841f4       0x28 ./Drivers/STM32N6xx_HAL_Driver/stm32n6xx_hal_rcc_ex.o
 .text.LL_RCC_PLL4_GetN
                0x3418421c       0x20 ./Drivers/STM32N6xx_HAL_Driver/stm32n6xx_hal_rcc_ex.o
 .text.LL_RCC_PLL4_GetM
                0x3418423c       0x20 ./Drivers/STM32N6xx_HAL_Driver/stm32n6xx_hal_rcc_ex.o
 .text.LL_RCC_PLL4_GetP1
                0x3418425c       0x20 ./Drivers/STM32N6xx_HAL_Driver/stm32n6xx_hal_rcc_ex.o
 .text.LL_RCC_PLL4_GetP2
                0x3418427c       0x20 ./Drivers/STM32N6xx_HAL_Driver/stm32n6xx_hal_rcc_ex.o
 .text.LL_RCC_PLL4P_IsEnabled
                0x3418429c       0x28 ./Drivers/STM32N6xx_HAL_Driver/stm32n6xx_hal_rcc_ex.o
 .text.LL_RCC_PLL4_GetFRACN
                0x341842c4       0x1c ./Drivers/STM32N6xx_HAL_Driver/stm32n6xx_hal_rcc_ex.o
 .text.LL_RCC_IC3_Enable
                0x341842e0       0x1c ./Drivers/STM32N6xx_HAL_Driver/stm32n6xx_hal_rcc_ex.o
 .text.LL_RCC_IC3_IsEnabled
                0x341842fc       0x28 ./Drivers/STM32N6xx_HAL_Driver/stm32n6xx_hal_rcc_ex.o
 .text.LL_RCC_IC3_GetSource
                0x34184324       0x1c ./Drivers/STM32N6xx_HAL_Driver/stm32n6xx_hal_rcc_ex.o
 .text.LL_RCC_IC3_GetDivider
                0x34184340       0x20 ./Drivers/STM32N6xx_HAL_Driver/stm32n6xx_hal_rcc_ex.o
 .text.LL_RCC_IC4_Enable
                0x34184360       0x1c ./Drivers/STM32N6xx_HAL_Driver/stm32n6xx_hal_rcc_ex.o
 .text.LL_RCC_IC4_IsEnabled
                0x3418437c       0x28 ./Drivers/STM32N6xx_HAL_Driver/stm32n6xx_hal_rcc_ex.o
 .text.LL_RCC_IC4_GetSource
                0x341843a4       0x1c ./Drivers/STM32N6xx_HAL_Driver/stm32n6xx_hal_rcc_ex.o
 .text.LL_RCC_IC4_GetDivider
                0x341843c0       0x20 ./Drivers/STM32N6xx_HAL_Driver/stm32n6xx_hal_rcc_ex.o
 .text.LL_RCC_IC5_Enable
                0x341843e0       0x1c ./Drivers/STM32N6xx_HAL_Driver/stm32n6xx_hal_rcc_ex.o
 .text.LL_RCC_IC5_IsEnabled
                0x341843fc       0x28 ./Drivers/STM32N6xx_HAL_Driver/stm32n6xx_hal_rcc_ex.o
 .text.LL_RCC_IC5_GetSource
                0x34184424       0x1c ./Drivers/STM32N6xx_HAL_Driver/stm32n6xx_hal_rcc_ex.o
 .text.LL_RCC_IC5_GetDivider
                0x34184440       0x20 ./Drivers/STM32N6xx_HAL_Driver/stm32n6xx_hal_rcc_ex.o
 .text.LL_RCC_IC7_Enable
                0x34184460       0x1c ./Drivers/STM32N6xx_HAL_Driver/stm32n6xx_hal_rcc_ex.o
 .text.LL_RCC_IC7_IsEnabled
                0x3418447c       0x28 ./Drivers/STM32N6xx_HAL_Driver/stm32n6xx_hal_rcc_ex.o
 .text.LL_RCC_IC7_GetSource
                0x341844a4       0x1c ./Drivers/STM32N6xx_HAL_Driver/stm32n6xx_hal_rcc_ex.o
 .text.LL_RCC_IC7_GetDivider
                0x341844c0       0x20 ./Drivers/STM32N6xx_HAL_Driver/stm32n6xx_hal_rcc_ex.o
 .text.LL_RCC_IC8_Enable
                0x341844e0       0x1c ./Drivers/STM32N6xx_HAL_Driver/stm32n6xx_hal_rcc_ex.o
 .text.LL_RCC_IC8_IsEnabled
                0x341844fc       0x28 ./Drivers/STM32N6xx_HAL_Driver/stm32n6xx_hal_rcc_ex.o
 .text.LL_RCC_IC8_GetSource
                0x34184524       0x1c ./Drivers/STM32N6xx_HAL_Driver/stm32n6xx_hal_rcc_ex.o
 .text.LL_RCC_IC8_GetDivider
                0x34184540       0x20 ./Drivers/STM32N6xx_HAL_Driver/stm32n6xx_hal_rcc_ex.o
 .text.LL_RCC_IC9_Enable
                0x34184560       0x1c ./Drivers/STM32N6xx_HAL_Driver/stm32n6xx_hal_rcc_ex.o
 .text.LL_RCC_IC9_IsEnabled
                0x3418457c       0x28 ./Drivers/STM32N6xx_HAL_Driver/stm32n6xx_hal_rcc_ex.o
 .text.LL_RCC_IC9_GetSource
                0x341845a4       0x1c ./Drivers/STM32N6xx_HAL_Driver/stm32n6xx_hal_rcc_ex.o
 .text.LL_RCC_IC9_GetDivider
                0x341845c0       0x20 ./Drivers/STM32N6xx_HAL_Driver/stm32n6xx_hal_rcc_ex.o
 .text.LL_RCC_IC10_Enable
                0x341845e0       0x1c ./Drivers/STM32N6xx_HAL_Driver/stm32n6xx_hal_rcc_ex.o
 .text.LL_RCC_IC10_IsEnabled
                0x341845fc       0x28 ./Drivers/STM32N6xx_HAL_Driver/stm32n6xx_hal_rcc_ex.o
 .text.LL_RCC_IC10_GetSource
                0x34184624       0x1c ./Drivers/STM32N6xx_HAL_Driver/stm32n6xx_hal_rcc_ex.o
 .text.LL_RCC_IC10_GetDivider
                0x34184640       0x20 ./Drivers/STM32N6xx_HAL_Driver/stm32n6xx_hal_rcc_ex.o
 .text.LL_RCC_IC12_Enable
                0x34184660       0x1c ./Drivers/STM32N6xx_HAL_Driver/stm32n6xx_hal_rcc_ex.o
 .text.LL_RCC_IC12_IsEnabled
                0x3418467c       0x28 ./Drivers/STM32N6xx_HAL_Driver/stm32n6xx_hal_rcc_ex.o
 .text.LL_RCC_IC12_GetSource
                0x341846a4       0x1c ./Drivers/STM32N6xx_HAL_Driver/stm32n6xx_hal_rcc_ex.o
 .text.LL_RCC_IC12_GetDivider
                0x341846c0       0x20 ./Drivers/STM32N6xx_HAL_Driver/stm32n6xx_hal_rcc_ex.o
 .text.LL_RCC_IC13_Enable
                0x341846e0       0x1c ./Drivers/STM32N6xx_HAL_Driver/stm32n6xx_hal_rcc_ex.o
 .text.LL_RCC_IC13_IsEnabled
                0x341846fc       0x28 ./Drivers/STM32N6xx_HAL_Driver/stm32n6xx_hal_rcc_ex.o
 .text.LL_RCC_IC13_GetSource
                0x34184724       0x1c ./Drivers/STM32N6xx_HAL_Driver/stm32n6xx_hal_rcc_ex.o
 .text.LL_RCC_IC13_GetDivider
                0x34184740       0x20 ./Drivers/STM32N6xx_HAL_Driver/stm32n6xx_hal_rcc_ex.o
 .text.LL_RCC_IC14_Enable
                0x34184760       0x1c ./Drivers/STM32N6xx_HAL_Driver/stm32n6xx_hal_rcc_ex.o
 .text.LL_RCC_IC14_IsEnabled
                0x3418477c       0x28 ./Drivers/STM32N6xx_HAL_Driver/stm32n6xx_hal_rcc_ex.o
 .text.LL_RCC_IC14_GetSource
                0x341847a4       0x1c ./Drivers/STM32N6xx_HAL_Driver/stm32n6xx_hal_rcc_ex.o
 .text.LL_RCC_IC14_GetDivider
                0x341847c0       0x20 ./Drivers/STM32N6xx_HAL_Driver/stm32n6xx_hal_rcc_ex.o
 .text.LL_RCC_IC15_Enable
                0x341847e0       0x1c ./Drivers/STM32N6xx_HAL_Driver/stm32n6xx_hal_rcc_ex.o
 .text.LL_RCC_IC15_IsEnabled
                0x341847fc       0x28 ./Drivers/STM32N6xx_HAL_Driver/stm32n6xx_hal_rcc_ex.o
 .text.LL_RCC_IC15_GetSource
                0x34184824       0x1c ./Drivers/STM32N6xx_HAL_Driver/stm32n6xx_hal_rcc_ex.o
 .text.LL_RCC_IC15_GetDivider
                0x34184840       0x20 ./Drivers/STM32N6xx_HAL_Driver/stm32n6xx_hal_rcc_ex.o
 .text.LL_RCC_IC16_Enable
                0x34184860       0x1c ./Drivers/STM32N6xx_HAL_Driver/stm32n6xx_hal_rcc_ex.o
 .text.LL_RCC_IC16_IsEnabled
                0x3418487c       0x28 ./Drivers/STM32N6xx_HAL_Driver/stm32n6xx_hal_rcc_ex.o
 .text.LL_RCC_IC16_GetSource
                0x341848a4       0x1c ./Drivers/STM32N6xx_HAL_Driver/stm32n6xx_hal_rcc_ex.o
 .text.LL_RCC_IC16_GetDivider
                0x341848c0       0x20 ./Drivers/STM32N6xx_HAL_Driver/stm32n6xx_hal_rcc_ex.o
 .text.LL_RCC_IC17_Enable
                0x341848e0       0x1c ./Drivers/STM32N6xx_HAL_Driver/stm32n6xx_hal_rcc_ex.o
 .text.LL_RCC_IC17_IsEnabled
                0x341848fc       0x28 ./Drivers/STM32N6xx_HAL_Driver/stm32n6xx_hal_rcc_ex.o
 .text.LL_RCC_IC17_GetSource
                0x34184924       0x1c ./Drivers/STM32N6xx_HAL_Driver/stm32n6xx_hal_rcc_ex.o
 .text.LL_RCC_IC17_GetDivider
                0x34184940       0x20 ./Drivers/STM32N6xx_HAL_Driver/stm32n6xx_hal_rcc_ex.o
 .text.LL_RCC_IC18_Enable
                0x34184960       0x1c ./Drivers/STM32N6xx_HAL_Driver/stm32n6xx_hal_rcc_ex.o
 .text.LL_RCC_IC18_IsEnabled
                0x3418497c       0x28 ./Drivers/STM32N6xx_HAL_Driver/stm32n6xx_hal_rcc_ex.o
 .text.LL_RCC_IC18_GetSource
                0x341849a4       0x1c ./Drivers/STM32N6xx_HAL_Driver/stm32n6xx_hal_rcc_ex.o
 .text.LL_RCC_IC18_GetDivider
                0x341849c0       0x20 ./Drivers/STM32N6xx_HAL_Driver/stm32n6xx_hal_rcc_ex.o
 .text.LL_RCC_IC19_Enable
                0x341849e0       0x1c ./Drivers/STM32N6xx_HAL_Driver/stm32n6xx_hal_rcc_ex.o
 .text.LL_RCC_IC19_IsEnabled
                0x341849fc       0x28 ./Drivers/STM32N6xx_HAL_Driver/stm32n6xx_hal_rcc_ex.o
 .text.LL_RCC_IC19_GetSource
                0x34184a24       0x1c ./Drivers/STM32N6xx_HAL_Driver/stm32n6xx_hal_rcc_ex.o
 .text.LL_RCC_IC19_GetDivider
                0x34184a40       0x20 ./Drivers/STM32N6xx_HAL_Driver/stm32n6xx_hal_rcc_ex.o
 .text.LL_RCC_IC20_Enable
                0x34184a60       0x1c ./Drivers/STM32N6xx_HAL_Driver/stm32n6xx_hal_rcc_ex.o
 .text.LL_RCC_IC20_IsEnabled
                0x34184a7c       0x28 ./Drivers/STM32N6xx_HAL_Driver/stm32n6xx_hal_rcc_ex.o
 .text.LL_RCC_IC20_GetSource
                0x34184aa4       0x1c ./Drivers/STM32N6xx_HAL_Driver/stm32n6xx_hal_rcc_ex.o
 .text.LL_RCC_IC20_GetDivider
                0x34184ac0       0x20 ./Drivers/STM32N6xx_HAL_Driver/stm32n6xx_hal_rcc_ex.o
 .text.LL_RCC_CLKP_Enable
                0x34184ae0       0x1c ./Drivers/STM32N6xx_HAL_Driver/stm32n6xx_hal_rcc_ex.o
 .text.LL_RCC_CLKP_IsEnabled
                0x34184afc       0x28 ./Drivers/STM32N6xx_HAL_Driver/stm32n6xx_hal_rcc_ex.o
 .text.HAL_RCCEx_PeriphCLKConfig
                0x34184b24     0x25c8 ./Drivers/STM32N6xx_HAL_Driver/stm32n6xx_hal_rcc_ex.o
                0x34184b24                HAL_RCCEx_PeriphCLKConfig
 .text.HAL_RCCEx_GetPeriphCLKFreq
                0x341870ec      0x938 ./Drivers/STM32N6xx_HAL_Driver/stm32n6xx_hal_rcc_ex.o
                0x341870ec                HAL_RCCEx_GetPeriphCLKFreq
 .text.HAL_RCCEx_GetPLL1CLKFreq
                0x34187a24       0x8c ./Drivers/STM32N6xx_HAL_Driver/stm32n6xx_hal_rcc_ex.o
                0x34187a24                HAL_RCCEx_GetPLL1CLKFreq
 .text.HAL_RCCEx_GetPLL2CLKFreq
                0x34187ab0       0x8c ./Drivers/STM32N6xx_HAL_Driver/stm32n6xx_hal_rcc_ex.o
                0x34187ab0                HAL_RCCEx_GetPLL2CLKFreq
 .text.HAL_RCCEx_GetPLL3CLKFreq
                0x34187b3c       0x8c ./Drivers/STM32N6xx_HAL_Driver/stm32n6xx_hal_rcc_ex.o
                0x34187b3c                HAL_RCCEx_GetPLL3CLKFreq
 .text.HAL_RCCEx_GetPLL4CLKFreq
                0x34187bc8       0x8c ./Drivers/STM32N6xx_HAL_Driver/stm32n6xx_hal_rcc_ex.o
                0x34187bc8                HAL_RCCEx_GetPLL4CLKFreq
 .text.RCCEx_GetHCLKFreq
                0x34187c54       0x22 ./Drivers/STM32N6xx_HAL_Driver/stm32n6xx_hal_rcc_ex.o
 .text.RCCEx_GetPCLK1Freq
                0x34187c76       0x20 ./Drivers/STM32N6xx_HAL_Driver/stm32n6xx_hal_rcc_ex.o
 .text.RCCEx_GetPCLK2Freq
                0x34187c96       0x22 ./Drivers/STM32N6xx_HAL_Driver/stm32n6xx_hal_rcc_ex.o
 .text.RCCEx_GetPCLK4Freq
                0x34187cb8       0x22 ./Drivers/STM32N6xx_HAL_Driver/stm32n6xx_hal_rcc_ex.o
 .text.RCCEx_GetPCLK5Freq
                0x34187cda       0x22 ./Drivers/STM32N6xx_HAL_Driver/stm32n6xx_hal_rcc_ex.o
 .text.RCCEx_GetPLLSourceFreq
                0x34187cfc       0xbc ./Drivers/STM32N6xx_HAL_Driver/stm32n6xx_hal_rcc_ex.o
 .text.RCCEx_CalcPLLFreq
                0x34187db8       0x98 ./Drivers/STM32N6xx_HAL_Driver/stm32n6xx_hal_rcc_ex.o
 .text.RCCEx_GetADCCLKFreq
                0x34187e50      0x204 ./Drivers/STM32N6xx_HAL_Driver/stm32n6xx_hal_rcc_ex.o
 .text.RCCEx_GetADFCLKFreq
                0x34188054      0x1d8 ./Drivers/STM32N6xx_HAL_Driver/stm32n6xx_hal_rcc_ex.o
 .text.RCCEx_GetCLKPCLKFreq
                0x3418822c      0x36c ./Drivers/STM32N6xx_HAL_Driver/stm32n6xx_hal_rcc_ex.o
 .text.RCCEx_GetCSICLKFreq
                0x34188598       0x98 ./Drivers/STM32N6xx_HAL_Driver/stm32n6xx_hal_rcc_ex.o
 .text.RCCEx_GetDCMIPPCLKFreq
                0x34188630      0x114 ./Drivers/STM32N6xx_HAL_Driver/stm32n6xx_hal_rcc_ex.o
 .text.RCCEx_GetETH1CLKFreq
                0x34188744      0x100 ./Drivers/STM32N6xx_HAL_Driver/stm32n6xx_hal_rcc_ex.o
 .text.RCCEx_GetETH1PTPCLKFreq
                0x34188844      0x108 ./Drivers/STM32N6xx_HAL_Driver/stm32n6xx_hal_rcc_ex.o
 .text.RCCEx_GetFDCANCLKFreq
                0x3418894c      0x100 ./Drivers/STM32N6xx_HAL_Driver/stm32n6xx_hal_rcc_ex.o
 .text.RCCEx_GetFMCCLKFreq
                0x34188a4c      0x16e ./Drivers/STM32N6xx_HAL_Driver/stm32n6xx_hal_rcc_ex.o
 *fill*         0x34188bba        0x2 
 .text.RCCEx_GetI2CCLKFreq
                0x34188bbc      0x350 ./Drivers/STM32N6xx_HAL_Driver/stm32n6xx_hal_rcc_ex.o
 .text.RCCEx_GetI3CCLKFreq
                0x34188f0c      0x268 ./Drivers/STM32N6xx_HAL_Driver/stm32n6xx_hal_rcc_ex.o
 .text.RCCEx_GetLPTIMCLKFreq
                0x34189174      0x354 ./Drivers/STM32N6xx_HAL_Driver/stm32n6xx_hal_rcc_ex.o
 .text.RCCEx_GetLPUARTCLKFreq
                0x341894c8      0x204 ./Drivers/STM32N6xx_HAL_Driver/stm32n6xx_hal_rcc_ex.o
 .text.RCCEx_GetLTDCCLKFreq
                0x341896cc      0x114 ./Drivers/STM32N6xx_HAL_Driver/stm32n6xx_hal_rcc_ex.o
 .text.RCCEx_GetMDFCLKFreq
                0x341897e0      0x214 ./Drivers/STM32N6xx_HAL_Driver/stm32n6xx_hal_rcc_ex.o
 .text.RCCEx_GetPSSICLKFreq
                0x341899f4      0x104 ./Drivers/STM32N6xx_HAL_Driver/stm32n6xx_hal_rcc_ex.o
 .text.RCCEx_GetRTCCLKFreq
                0x34189af8       0xa4 ./Drivers/STM32N6xx_HAL_Driver/stm32n6xx_hal_rcc_ex.o
 .text.RCCEx_GetSAICLKFreq
                0x34189b9c      0x2cc ./Drivers/STM32N6xx_HAL_Driver/stm32n6xx_hal_rcc_ex.o
 .text.RCCEx_GetSDMMCCLKFreq
                0x34189e68      0x1d4 ./Drivers/STM32N6xx_HAL_Driver/stm32n6xx_hal_rcc_ex.o
 .text.RCCEx_GetSPDIFRXCLKFreq
                0x3418a03c      0x1c8 ./Drivers/STM32N6xx_HAL_Driver/stm32n6xx_hal_rcc_ex.o
 .text.RCCEx_GetSPICLKFreq
                0x3418a204      0x5a4 ./Drivers/STM32N6xx_HAL_Driver/stm32n6xx_hal_rcc_ex.o
 .text.RCCEx_GetUARTCLKFreq
                0x3418a7a8      0x454 ./Drivers/STM32N6xx_HAL_Driver/stm32n6xx_hal_rcc_ex.o
 .text.RCCEx_GetUSARTCLKFreq
                0x3418abfc      0x454 ./Drivers/STM32N6xx_HAL_Driver/stm32n6xx_hal_rcc_ex.o
 .text.RCCEx_GetOTGPHYCLKFreq
                0x3418b050      0x16c ./Drivers/STM32N6xx_HAL_Driver/stm32n6xx_hal_rcc_ex.o
 .text.RCCEx_GetOTGPHYCKREFCLKFreq
                0x3418b1bc       0xa0 ./Drivers/STM32N6xx_HAL_Driver/stm32n6xx_hal_rcc_ex.o
 .text.RCCEx_GetXSPICLKFreq
                0x3418b25c      0x220 ./Drivers/STM32N6xx_HAL_Driver/stm32n6xx_hal_rcc_ex.o
 .text.LL_AHB5_GRP1_IsEnabledClock
                0x3418b47c       0x30 ./Drivers/STM32N6xx_HAL_Driver/stm32n6xx_hal_xspi.o
 .text.HAL_XSPI_Init
                0x3418b4ac      0x220 ./Drivers/STM32N6xx_HAL_Driver/stm32n6xx_hal_xspi.o
                0x3418b4ac                HAL_XSPI_Init
 .text.HAL_XSPI_Command
                0x3418b6cc      0x120 ./Drivers/STM32N6xx_HAL_Driver/stm32n6xx_hal_xspi.o
                0x3418b6cc                HAL_XSPI_Command
 .text.HAL_XSPI_Transmit
                0x3418b7ec       0xe6 ./Drivers/STM32N6xx_HAL_Driver/stm32n6xx_hal_xspi.o
                0x3418b7ec                HAL_XSPI_Transmit
 .text.HAL_XSPI_Receive
                0x3418b8d2      0x146 ./Drivers/STM32N6xx_HAL_Driver/stm32n6xx_hal_xspi.o
                0x3418b8d2                HAL_XSPI_Receive
 .text.HAL_XSPI_AutoPolling
                0x3418ba18      0x114 ./Drivers/STM32N6xx_HAL_Driver/stm32n6xx_hal_xspi.o
                0x3418ba18                HAL_XSPI_AutoPolling
 .text.HAL_XSPI_MemoryMapped
                0x3418bb2c       0xd8 ./Drivers/STM32N6xx_HAL_Driver/stm32n6xx_hal_xspi.o
                0x3418bb2c                HAL_XSPI_MemoryMapped
 .text.HAL_XSPI_Abort
                0x3418bc04      0x10e ./Drivers/STM32N6xx_HAL_Driver/stm32n6xx_hal_xspi.o
                0x3418bc04                HAL_XSPI_Abort
 .text.HAL_XSPI_SetTimeout
                0x3418bd12       0x1e ./Drivers/STM32N6xx_HAL_Driver/stm32n6xx_hal_xspi.o
                0x3418bd12                HAL_XSPI_SetTimeout
 .text.HAL_XSPIM_Config
                0x3418bd30      0x258 ./Drivers/STM32N6xx_HAL_Driver/stm32n6xx_hal_xspi.o
                0x3418bd30                HAL_XSPIM_Config
 .text.XSPI_WaitFlagStateUntilTimeout
                0x3418bf88       0x6c ./Drivers/STM32N6xx_HAL_Driver/stm32n6xx_hal_xspi.o
 .text.XSPI_ConfigCmd
                0x3418bff4      0x314 ./Drivers/STM32N6xx_HAL_Driver/stm32n6xx_hal_xspi.o
 .text.XSPIM_GetConfig
                0x3418c308       0xc8 ./Drivers/STM32N6xx_HAL_Driver/stm32n6xx_hal_xspi.o
 .text.BOOT_Application
                0x3418c3d0       0x26 ./Middlewares/ST/STM32_ExtMem_Manager/stm32_boot_xip.o
                0x3418c3d0                BOOT_Application
 .text.MapMemory
                0x3418c3f6       0x5c ./Middlewares/ST/STM32_ExtMem_Manager/stm32_boot_xip.o
                0x3418c3f6                MapMemory
 *fill*         0x3418c452        0x2 
 .text.JumpToApplication
                0x3418c454      0x164 ./Middlewares/ST/STM32_ExtMem_Manager/stm32_boot_xip.o
                0x3418c454                JumpToApplication
 .text.EXTMEM_Init
                0x3418c5b8       0xd0 ./Middlewares/ST/STM32_ExtMem_Manager/stm32_extmem.o
                0x3418c5b8                EXTMEM_Init
 .text.EXTMEM_DeInit
                0x3418c688       0x74 ./Middlewares/ST/STM32_ExtMem_Manager/stm32_extmem.o
                0x3418c688                EXTMEM_DeInit
 .text.EXTMEM_MemoryMappedMode
                0x3418c6fc       0xe4 ./Middlewares/ST/STM32_ExtMem_Manager/stm32_extmem.o
                0x3418c6fc                EXTMEM_MemoryMappedMode
 .text.EXTMEM_GetMapAddress
                0x3418c7e0       0xc0 ./Middlewares/ST/STM32_ExtMem_Manager/stm32_extmem.o
                0x3418c7e0                EXTMEM_GetMapAddress
 .text.EXTMEM_DRIVER_PSRAM_Init
                0x3418c8a0       0xe4 ./Middlewares/ST/STM32_ExtMem_Manager/stm32_psram_driver.o
                0x3418c8a0                EXTMEM_DRIVER_PSRAM_Init
 .text.EXTMEM_DRIVER_PSRAM_DeInit
                0x3418c984       0x1a ./Middlewares/ST/STM32_ExtMem_Manager/stm32_psram_driver.o
                0x3418c984                EXTMEM_DRIVER_PSRAM_DeInit
 .text.EXTMEM_DRIVER_PSRAM_Enable_MemoryMappedMode
                0x3418c99e       0x62 ./Middlewares/ST/STM32_ExtMem_Manager/stm32_psram_driver.o
                0x3418c99e                EXTMEM_DRIVER_PSRAM_Enable_MemoryMappedMode
 .text.EXTMEM_DRIVER_PSRAM_Disable_MemoryMappedMode
                0x3418ca00       0x2a ./Middlewares/ST/STM32_ExtMem_Manager/stm32_psram_driver.o
                0x3418ca00                EXTMEM_DRIVER_PSRAM_Disable_MemoryMappedMode
 .text.PSRAM_ExecuteCommand
                0x3418ca2a       0xde ./Middlewares/ST/STM32_ExtMem_Manager/stm32_psram_driver.o
                0x3418ca2a                PSRAM_ExecuteCommand
 .text.SAL_XSPI_SetClock
                0x3418cb08       0x7e ./Middlewares/ST/STM32_ExtMem_Manager/stm32_sal_xspi.o
                0x3418cb08                SAL_XSPI_SetClock
 .text.SAL_XSPI_Init
                0x3418cb86       0x66 ./Middlewares/ST/STM32_ExtMem_Manager/stm32_sal_xspi.o
                0x3418cb86                SAL_XSPI_Init
 .text.SAL_XSPI_MemoryConfig
                0x3418cbec      0x2a4 ./Middlewares/ST/STM32_ExtMem_Manager/stm32_sal_xspi.o
                0x3418cbec                SAL_XSPI_MemoryConfig
 .text.SAL_XSPI_GetSFDP
                0x3418ce90       0xc0 ./Middlewares/ST/STM32_ExtMem_Manager/stm32_sal_xspi.o
                0x3418ce90                SAL_XSPI_GetSFDP
 .text.SAL_XSPI_GetId
                0x3418cf50      0x100 ./Middlewares/ST/STM32_ExtMem_Manager/stm32_sal_xspi.o
                0x3418cf50                SAL_XSPI_GetId
 .text.SAL_XSPI_Read
                0x3418d050       0xd0 ./Middlewares/ST/STM32_ExtMem_Manager/stm32_sal_xspi.o
                0x3418d050                SAL_XSPI_Read
 .text.SAL_XSPI_Write
                0x3418d120       0x92 ./Middlewares/ST/STM32_ExtMem_Manager/stm32_sal_xspi.o
                0x3418d120                SAL_XSPI_Write
 .text.SAL_XSPI_CommandSendData
                0x3418d1b2       0xa8 ./Middlewares/ST/STM32_ExtMem_Manager/stm32_sal_xspi.o
                0x3418d1b2                SAL_XSPI_CommandSendData
 .text.SAL_XSPI_SendReadCommand
                0x3418d25a       0xa8 ./Middlewares/ST/STM32_ExtMem_Manager/stm32_sal_xspi.o
                0x3418d25a                SAL_XSPI_SendReadCommand
 .text.SAL_XSPI_CommandSendReadAddress
                0x3418d302       0xca ./Middlewares/ST/STM32_ExtMem_Manager/stm32_sal_xspi.o
                0x3418d302                SAL_XSPI_CommandSendReadAddress
 .text.SAL_XSPI_CheckStatusRegister
                0x3418d3cc       0xf2 ./Middlewares/ST/STM32_ExtMem_Manager/stm32_sal_xspi.o
                0x3418d3cc                SAL_XSPI_CheckStatusRegister
 .text.SAL_XSPI_ConfigureWrappMode
                0x3418d4be       0x78 ./Middlewares/ST/STM32_ExtMem_Manager/stm32_sal_xspi.o
                0x3418d4be                SAL_XSPI_ConfigureWrappMode
 .text.SAL_XSPI_EnableMapMode
                0x3418d536       0xf2 ./Middlewares/ST/STM32_ExtMem_Manager/stm32_sal_xspi.o
                0x3418d536                SAL_XSPI_EnableMapMode
 .text.SAL_XSPI_DisableMapMode
                0x3418d628       0x22 ./Middlewares/ST/STM32_ExtMem_Manager/stm32_sal_xspi.o
                0x3418d628                SAL_XSPI_DisableMapMode
 .text.SAL_XSPI_UpdateMemoryType
                0x3418d64a       0x70 ./Middlewares/ST/STM32_ExtMem_Manager/stm32_sal_xspi.o
                0x3418d64a                SAL_XSPI_UpdateMemoryType
 .text.SAL_XSPI_Abort
                0x3418d6ba       0x1c ./Middlewares/ST/STM32_ExtMem_Manager/stm32_sal_xspi.o
                0x3418d6ba                SAL_XSPI_Abort
 .text.XSPI_FormatCommand
                0x3418d6d6       0x52 ./Middlewares/ST/STM32_ExtMem_Manager/stm32_sal_xspi.o
                0x3418d6d6                XSPI_FormatCommand
 .text.XSPI_Transmit
                0x3418d728       0x26 ./Middlewares/ST/STM32_ExtMem_Manager/stm32_sal_xspi.o
                0x3418d728                XSPI_Transmit
 .text.XSPI_Receive
                0x3418d74e       0x26 ./Middlewares/ST/STM32_ExtMem_Manager/stm32_sal_xspi.o
                0x3418d74e                XSPI_Receive
 .text.SFDP_ReadHeader
                0x3418d774       0x7a ./Middlewares/ST/STM32_ExtMem_Manager/stm32_sfdp_data.o
                0x3418d774                SFDP_ReadHeader
 *fill*         0x3418d7ee        0x2 
 .text.SFDP_GetHeader
                0x3418d7f0       0xbc ./Middlewares/ST/STM32_ExtMem_Manager/stm32_sfdp_data.o
                0x3418d7f0                SFDP_GetHeader
 .text.SFDP_CollectData
                0x3418d8ac      0x1b8 ./Middlewares/ST/STM32_ExtMem_Manager/stm32_sfdp_data.o
                0x3418d8ac                SFDP_CollectData
 .text.SFDP_MemoryReset
                0x3418da64      0x1b8 ./Middlewares/ST/STM32_ExtMem_Manager/stm32_sfdp_data.o
                0x3418da64                SFDP_MemoryReset
 .text.SFDP_BuildGenericDriver
                0x3418dc1c      0xca4 ./Middlewares/ST/STM32_ExtMem_Manager/stm32_sfdp_data.o
                0x3418dc1c                SFDP_BuildGenericDriver
 .text.driver_check_FlagBUSY
                0x3418e8c0       0x7c ./Middlewares/ST/STM32_ExtMem_Manager/stm32_sfdp_data.o
                0x3418e8c0                driver_check_FlagBUSY
 .text.sfdp_getfrequencevalue
                0x3418e93c       0x4c ./Middlewares/ST/STM32_ExtMem_Manager/stm32_sfdp_data.o
                0x3418e93c                sfdp_getfrequencevalue
 .text.sfdp_get_paraminfo
                0x3418e988      0x1f8 ./Middlewares/ST/STM32_ExtMem_Manager/stm32_sfdp_data.o
                0x3418e988                sfdp_get_paraminfo
 .text.sfdp_enter_octal_mode
                0x3418eb80      0x1c8 ./Middlewares/ST/STM32_ExtMem_Manager/stm32_sfdp_data.o
                0x3418eb80                sfdp_enter_octal_mode
 .text.sfdp_set_dummycycle
                0x3418ed48      0x1c8 ./Middlewares/ST/STM32_ExtMem_Manager/stm32_sfdp_data.o
                0x3418ed48                sfdp_set_dummycycle
 .text.JEDEC_Basic_ManageQuadEnableRequirement
                0x3418ef10      0x178 ./Middlewares/ST/STM32_ExtMem_Manager/stm32_sfdp_data.o
                0x3418ef10                JEDEC_Basic_ManageQuadEnableRequirement
 .text.JEDEC_Basic_Manage4S4S4SEnableSequence
                0x3418f088       0x80 ./Middlewares/ST/STM32_ExtMem_Manager/stm32_sfdp_data.o
                0x3418f088                JEDEC_Basic_Manage4S4S4SEnableSequence
 .text.CheckSFDP_Signature
                0x3418f108       0x54 ./Middlewares/ST/STM32_ExtMem_Manager/stm32_sfdp_data.o
                0x3418f108                CheckSFDP_Signature
 .text.EXTMEM_DRIVER_NOR_SFDP_Init
                0x3418f15c      0x168 ./Middlewares/ST/STM32_ExtMem_Manager/stm32_sfdp_driver.o
                0x3418f15c                EXTMEM_DRIVER_NOR_SFDP_Init
 .text.EXTMEM_DRIVER_NOR_SFDP_DeInit
                0x3418f2c4       0x1e ./Middlewares/ST/STM32_ExtMem_Manager/stm32_sfdp_driver.o
                0x3418f2c4                EXTMEM_DRIVER_NOR_SFDP_DeInit
 .text.EXTMEM_DRIVER_NOR_SFDP_Enable_MemoryMappedMode
                0x3418f2e2       0x42 ./Middlewares/ST/STM32_ExtMem_Manager/stm32_sfdp_driver.o
                0x3418f2e2                EXTMEM_DRIVER_NOR_SFDP_Enable_MemoryMappedMode
 .text.EXTMEM_DRIVER_NOR_SFDP_Disable_MemoryMappedMode
                0x3418f324       0x2c ./Middlewares/ST/STM32_ExtMem_Manager/stm32_sfdp_driver.o
                0x3418f324                EXTMEM_DRIVER_NOR_SFDP_Disable_MemoryMappedMode
 .text.memset   0x3418f350       0x10 C:/ST/STM32CubeIDE_2.1.1/STM32CubeIDE/plugins/com.st.stm32cube.ide.mcu.externaltools.gnu-tools-for-stm32.14.3.rel1.win32_1.0.100.202602081740/tools/bin/../lib/gcc/arm-none-eabi/14.3.1/../../../../arm-none-eabi/lib/thumb/v8-m.main+dp/hard\libc_nano.a(libc_a-memset.o)
                0x3418f350                memset
 .text.__libc_init_array
                0x3418f360       0x48 C:/ST/STM32CubeIDE_2.1.1/STM32CubeIDE/plugins/com.st.stm32cube.ide.mcu.externaltools.gnu-tools-for-stm32.14.3.rel1.win32_1.0.100.202602081740/tools/bin/../lib/gcc/arm-none-eabi/14.3.1/../../../../arm-none-eabi/lib/thumb/v8-m.main+dp/hard\libc_nano.a(libc_a-init.o)
                0x3418f360                __libc_init_array
 .text.memcpy   0x3418f3a8       0x1a C:/ST/STM32CubeIDE_2.1.1/STM32CubeIDE/plugins/com.st.stm32cube.ide.mcu.externaltools.gnu-tools-for-stm32.14.3.rel1.win32_1.0.100.202602081740/tools/bin/../lib/gcc/arm-none-eabi/14.3.1/../../../../arm-none-eabi/lib/thumb/v8-m.main+dp/hard\libc_nano.a(libc_a-memcpy-stub.o)
                0x3418f3a8                memcpy
 *(.glue_7)
 .glue_7        0x3418f3c2        0x0 linker stubs
 *(.glue_7t)
 .glue_7t       0x3418f3c2        0x0 linker stubs
 *(.eh_frame)
 *fill*         0x3418f3c2        0x2 
 .eh_frame      0x3418f3c4        0x0 C:/ST/STM32CubeIDE_2.1.1/STM32CubeIDE/plugins/com.st.stm32cube.ide.mcu.externaltools.gnu-tools-for-stm32.14.3.rel1.win32_1.0.100.202602081740/tools/bin/../lib/gcc/arm-none-eabi/14.3.1/thumb/v8-m.main+dp/hard/crtbegin.o
 *(.RamFunc)
 *(.RamFunc*)
 *(.init)
 .init          0x3418f3c4        0x4 C:/ST/STM32CubeIDE_2.1.1/STM32CubeIDE/plugins/com.st.stm32cube.ide.mcu.externaltools.gnu-tools-for-stm32.14.3.rel1.win32_1.0.100.202602081740/tools/bin/../lib/gcc/arm-none-eabi/14.3.1/thumb/v8-m.main+dp/hard/crti.o
                0x3418f3c4                _init
 .init          0x3418f3c8        0x8 C:/ST/STM32CubeIDE_2.1.1/STM32CubeIDE/plugins/com.st.stm32cube.ide.mcu.externaltools.gnu-tools-for-stm32.14.3.rel1.win32_1.0.100.202602081740/tools/bin/../lib/gcc/arm-none-eabi/14.3.1/thumb/v8-m.main+dp/hard/crtn.o
 *(.fini)
 .fini          0x3418f3d0        0x4 C:/ST/STM32CubeIDE_2.1.1/STM32CubeIDE/plugins/com.st.stm32cube.ide.mcu.externaltools.gnu-tools-for-stm32.14.3.rel1.win32_1.0.100.202602081740/tools/bin/../lib/gcc/arm-none-eabi/14.3.1/thumb/v8-m.main+dp/hard/crti.o
                0x3418f3d0                _fini
 .fini          0x3418f3d4        0x8 C:/ST/STM32CubeIDE_2.1.1/STM32CubeIDE/plugins/com.st.stm32cube.ide.mcu.externaltools.gnu-tools-for-stm32.14.3.rel1.win32_1.0.100.202602081740/tools/bin/../lib/gcc/arm-none-eabi/14.3.1/thumb/v8-m.main+dp/hard/crtn.o
                0x3418f3dc                        . = ALIGN (0x4)
                0x3418f3dc                        _etext = .

.vfp11_veneer   0x3418f3dc        0x0
 .vfp11_veneer  0x3418f3dc        0x0 linker stubs

.v4_bx          0x3418f3dc        0x0
 .v4_bx         0x3418f3dc        0x0 linker stubs

.iplt           0x3418f3dc        0x0
 .iplt          0x3418f3dc        0x0 C:/ST/STM32CubeIDE_2.1.1/STM32CubeIDE/plugins/com.st.stm32cube.ide.mcu.externaltools.gnu-tools-for-stm32.14.3.rel1.win32_1.0.100.202602081740/tools/bin/../lib/gcc/arm-none-eabi/14.3.1/thumb/v8-m.main+dp/hard/crtbegin.o

.rodata         0x3418f3dc       0x44
                0x3418f3dc                        . = ALIGN (0x4)
 *(.rodata)
 .rodata        0x3418f3dc       0x2a ./Middlewares/ST/STM32_ExtMem_Manager/stm32_sfdp_data.o
 *(.rodata*)
 *fill*         0x3418f406        0x2 
 .rodata.block_erase_unit.1
                0x3418f408        0x8 ./Middlewares/ST/STM32_ExtMem_Manager/stm32_sfdp_data.o
 .rodata.chip_erase_unit.0
                0x3418f410       0x10 ./Middlewares/ST/STM32_ExtMem_Manager/stm32_sfdp_data.o
                0x3418f420                        . = ALIGN (0x4)

.ARM.extab      0x3418f420        0x0
                0x3418f420                        . = ALIGN (0x4)
 *(.ARM.extab* .gnu.linkonce.armextab.*)
                0x3418f420                        . = ALIGN (0x4)

.ARM            0x3418f420        0x0
                0x3418f420                        . = ALIGN (0x4)
                0x3418f420                        __exidx_start = .
 *(.ARM.exidx*)
                0x3418f420                        __exidx_end = .
                0x3418f420                        . = ALIGN (0x4)

.preinit_array  0x3418f420        0x0
                0x3418f420                        . = ALIGN (0x4)
                0x3418f420                        PROVIDE (__preinit_array_start = .)
 *(.preinit_array*)
                0x3418f420                        PROVIDE (__preinit_array_end = .)
                0x3418f420                        . = ALIGN (0x4)

.init_array     0x3418f420        0x4
                0x3418f420                        . = ALIGN (0x4)
                0x3418f420                        PROVIDE (__init_array_start = .)
 *(SORT_BY_NAME(.init_array.*))
 *(.init_array*)
 .init_array    0x3418f420        0x4 C:/ST/STM32CubeIDE_2.1.1/STM32CubeIDE/plugins/com.st.stm32cube.ide.mcu.externaltools.gnu-tools-for-stm32.14.3.rel1.win32_1.0.100.202602081740/tools/bin/../lib/gcc/arm-none-eabi/14.3.1/thumb/v8-m.main+dp/hard/crtbegin.o
                0x3418f424                        PROVIDE (__init_array_end = .)
                0x3418f424                        . = ALIGN (0x4)

.fini_array     0x3418f424        0x4
                0x3418f424                        . = ALIGN (0x4)
                [!provide]                        PROVIDE (__fini_array_start = .)
 *(SORT_BY_NAME(.fini_array.*))
 *(.fini_array*)
 .fini_array    0x3418f424        0x4 C:/ST/STM32CubeIDE_2.1.1/STM32CubeIDE/plugins/com.st.stm32cube.ide.mcu.externaltools.gnu-tools-for-stm32.14.3.rel1.win32_1.0.100.202602081740/tools/bin/../lib/gcc/arm-none-eabi/14.3.1/thumb/v8-m.main+dp/hard/crtbegin.o
                [!provide]                        PROVIDE (__fini_array_end = .)
                0x3418f428                        . = ALIGN (0x4)
                0x3418f428                        _sidata = LOADADDR (.data)

.rel.dyn        0x3418f428        0x0
 .rel.iplt      0x3418f428        0x0 C:/ST/STM32CubeIDE_2.1.1/STM32CubeIDE/plugins/com.st.stm32cube.ide.mcu.externaltools.gnu-tools-for-stm32.14.3.rel1.win32_1.0.100.202602081740/tools/bin/../lib/gcc/arm-none-eabi/14.3.1/thumb/v8-m.main+dp/hard/crtbegin.o

.data           0x341c0000        0xc load address 0x3418f428
                0x341c0000                        . = ALIGN (0x4)
                0x341c0000                        _sdata = .
 *(.data)
 *(.data*)
 .data.SystemCoreClock
                0x341c0000        0x4 ./Core/Src/system_stm32n6xx_fsbl.o
                0x341c0000                SystemCoreClock
 .data.uwTickPrio
                0x341c0004        0x4 ./Drivers/STM32N6xx_HAL_Driver/stm32n6xx_hal.o
                0x341c0004                uwTickPrio
 .data.uwTickFreq
                0x341c0008        0x1 ./Drivers/STM32N6xx_HAL_Driver/stm32n6xx_hal.o
                0x341c0008                uwTickFreq
                0x341c000c                        . = ALIGN (0x4)
 *fill*         0x341c0009        0x3 
                0x341c000c                        _edata = .

.igot.plt       0x341c000c        0x0 load address 0x3418f434
 .igot.plt      0x341c000c        0x0 C:/ST/STM32CubeIDE_2.1.1/STM32CubeIDE/plugins/com.st.stm32cube.ide.mcu.externaltools.gnu-tools-for-stm32.14.3.rel1.win32_1.0.100.202602081740/tools/bin/../lib/gcc/arm-none-eabi/14.3.1/thumb/v8-m.main+dp/hard/crtbegin.o

.noncacheable   0x341c000c        0x4 load address 0x3418f434
                0x341c0010                        . = ALIGN (0x8)
 *fill*         0x341c000c        0x4 
                0x341c0010                        __snoncacheable = .
 *(.noncacheable)
                0x341c0010                        . = ALIGN (0x8)
                0x341c0010                        __enoncacheable = .

.gnu.sgstubs    0x3418f440       0x20
                0x3418f440                        . = ALIGN (0x4)
 *(.gnu.sgstubs*)
                0x3418f440                        . = ALIGN (0x4)
 .gnu.sgstubs.__stub
                0x3418f440        0x8 linker stubs
                0x3418f440                SECURE_SystemCoreClockUpdate
                0x3418f448                        . = ALIGN (0x4)

.bss            0x341c0010      0x368
                0x341c0010                        _sbss = .
                0x341c0010                        __bss_start__ = _sbss
 *(.bss)
 .bss           0x341c0010       0x1c C:/ST/STM32CubeIDE_2.1.1/STM32CubeIDE/plugins/com.st.stm32cube.ide.mcu.externaltools.gnu-tools-for-stm32.14.3.rel1.win32_1.0.100.202602081740/tools/bin/../lib/gcc/arm-none-eabi/14.3.1/thumb/v8-m.main+dp/hard/crtbegin.o
 *(.bss*)
 .bss.hxspi2    0x341c002c       0x64 ./Core/Src/xspi.o
                0x341c002c                hxspi2
 .bss.uwTick    0x341c0090        0x4 ./Drivers/STM32N6xx_HAL_Driver/stm32n6xx_hal.o
                0x341c0090                uwTick
 .bss.JumpToApp.0
                0x341c0094        0x4 ./Middlewares/ST/STM32_ExtMem_Manager/stm32_boot_xip.o
 .bss.extmem_list_config
                0x341c0098      0x158 ./Middlewares/ST/STM32_ExtMem_Manager/stm32_extmem.o
                0x341c0098                extmem_list_config
 .bss.sfdp_param_info
                0x341c01f0       0x78 ./Middlewares/ST/STM32_ExtMem_Manager/stm32_sfdp_data.o
 .bss.JEDEC_Basic
                0x341c0268       0x60 ./Middlewares/ST/STM32_ExtMem_Manager/stm32_sfdp_data.o
 .bss.JEDEC_Address4Bytes
                0x341c02c8        0x8 ./Middlewares/ST/STM32_ExtMem_Manager/stm32_sfdp_data.o
 .bss.JEDEC_XSPI10
                0x341c02d0       0x18 ./Middlewares/ST/STM32_ExtMem_Manager/stm32_sfdp_data.o
 .bss.JEDEC_SCCR_Map
                0x341c02e8       0x70 ./Middlewares/ST/STM32_ExtMem_Manager/stm32_sfdp_data.o
 .bss.JEDEC_OctalDdr
                0x341c0358       0x20 ./Middlewares/ST/STM32_ExtMem_Manager/stm32_sfdp_data.o
 *(COMMON)
                0x341c0378                        . = ALIGN (0x4)
                0x341c0378                        _ebss = .
                0x341c0378                        __bss_end__ = _ebss

._user_heap_stack
                0x341c0378      0xa00
                0x341c0378                        . = ALIGN (0x8)
                [!provide]                        PROVIDE (end = .)
                0x341c0378                        PROVIDE (_end = .)
                0x341c0578                        . = (. + _Min_Heap_Size)
 *fill*         0x341c0378      0x200 
                0x341c0d78                        . = (. + _Min_Stack_Size)
 *fill*         0x341c0578      0x800 
                0x341c0d78                        . = ALIGN (0x8)

/DISCARD/
 libc.a(*)
 libm.a(*)
 libgcc.a(*)

.ARM.attributes
                0x00000000       0x3a
 *(.ARM.attributes)
 .ARM.attributes
                0x00000000       0x24 C:/ST/STM32CubeIDE_2.1.1/STM32CubeIDE/plugins/com.st.stm32cube.ide.mcu.externaltools.gnu-tools-for-stm32.14.3.rel1.win32_1.0.100.202602081740/tools/bin/../lib/gcc/arm-none-eabi/14.3.1/thumb/v8-m.main+dp/hard/crti.o
 .ARM.attributes
                0x00000024       0x36 C:/ST/STM32CubeIDE_2.1.1/STM32CubeIDE/plugins/com.st.stm32cube.ide.mcu.externaltools.gnu-tools-for-stm32.14.3.rel1.win32_1.0.100.202602081740/tools/bin/../lib/gcc/arm-none-eabi/14.3.1/thumb/v8-m.main+dp/hard/crtbegin.o
 .ARM.attributes
                0x0000005a       0x3e ./Core/Src/extmem_manager.o
 .ARM.attributes
                0x00000098       0x3e ./Core/Src/gpio.o
 .ARM.attributes
                0x000000d6       0x3e ./Core/Src/main.o
 .ARM.attributes
                0x00000114       0x3e ./Core/Src/stm32n6xx_hal_msp.o
 .ARM.attributes
                0x00000152       0x3e ./Core/Src/stm32n6xx_it.o
 .ARM.attributes
                0x00000190       0x3e ./Core/Src/system_stm32n6xx_fsbl.o
 .ARM.attributes
                0x000001ce       0x3e ./Core/Src/xspi.o
 .ARM.attributes
                0x0000020c       0x22 ./Core/Startup/startup_stm32n657i0hxq_fsbl.o
 .ARM.attributes
                0x0000022e       0x3e ./Drivers/STM32N6xx_HAL_Driver/stm32n6xx_hal.o
 .ARM.attributes
                0x0000026c       0x3e ./Drivers/STM32N6xx_HAL_Driver/stm32n6xx_hal_cortex.o
 .ARM.attributes
                0x000002aa       0x3e ./Drivers/STM32N6xx_HAL_Driver/stm32n6xx_hal_dma.o
 .ARM.attributes
                0x000002e8       0x3e ./Drivers/STM32N6xx_HAL_Driver/stm32n6xx_hal_gpio.o
 .ARM.attributes
                0x00000326       0x3e ./Drivers/STM32N6xx_HAL_Driver/stm32n6xx_hal_pwr_ex.o
 .ARM.attributes
                0x00000364       0x3e ./Drivers/STM32N6xx_HAL_Driver/stm32n6xx_hal_rcc.o
 .ARM.attributes
                0x000003a2       0x3e ./Drivers/STM32N6xx_HAL_Driver/stm32n6xx_hal_rcc_ex.o
 .ARM.attributes
                0x000003e0       0x3e ./Drivers/STM32N6xx_HAL_Driver/stm32n6xx_hal_xspi.o
 .ARM.attributes
                0x0000041e       0x3e ./Middlewares/ST/STM32_ExtMem_Manager/stm32_boot_xip.o
 .ARM.attributes
                0x0000045c       0x3e ./Middlewares/ST/STM32_ExtMem_Manager/stm32_extmem.o
 .ARM.attributes
                0x0000049a       0x3e ./Middlewares/ST/STM32_ExtMem_Manager/stm32_psram_driver.o
 .ARM.attributes
                0x000004d8       0x3e ./Middlewares/ST/STM32_ExtMem_Manager/stm32_sal_xspi.o
 .ARM.attributes
                0x00000516       0x3e ./Middlewares/ST/STM32_ExtMem_Manager/stm32_sfdp_data.o
 .ARM.attributes
                0x00000554       0x3e ./Middlewares/ST/STM32_ExtMem_Manager/stm32_sfdp_driver.o
 .ARM.attributes
                0x00000592       0x36 C:/ST/STM32CubeIDE_2.1.1/STM32CubeIDE/plugins/com.st.stm32cube.ide.mcu.externaltools.gnu-tools-for-stm32.14.3.rel1.win32_1.0.100.202602081740/tools/bin/../lib/gcc/arm-none-eabi/14.3.1/../../../../arm-none-eabi/lib/thumb/v8-m.main+dp/hard\libc_nano.a(libc_a-memset.o)
 .ARM.attributes
                0x000005c8       0x36 C:/ST/STM32CubeIDE_2.1.1/STM32CubeIDE/plugins/com.st.stm32cube.ide.mcu.externaltools.gnu-tools-for-stm32.14.3.rel1.win32_1.0.100.202602081740/tools/bin/../lib/gcc/arm-none-eabi/14.3.1/../../../../arm-none-eabi/lib/thumb/v8-m.main+dp/hard\libc_nano.a(libc_a-init.o)
 .ARM.attributes
                0x000005fe       0x36 C:/ST/STM32CubeIDE_2.1.1/STM32CubeIDE/plugins/com.st.stm32cube.ide.mcu.externaltools.gnu-tools-for-stm32.14.3.rel1.win32_1.0.100.202602081740/tools/bin/../lib/gcc/arm-none-eabi/14.3.1/../../../../arm-none-eabi/lib/thumb/v8-m.main+dp/hard\libc_nano.a(libc_a-memcpy-stub.o)
 .ARM.attributes
                0x00000634       0x24 C:/ST/STM32CubeIDE_2.1.1/STM32CubeIDE/plugins/com.st.stm32cube.ide.mcu.externaltools.gnu-tools-for-stm32.14.3.rel1.win32_1.0.100.202602081740/tools/bin/../lib/gcc/arm-none-eabi/14.3.1/thumb/v8-m.main+dp/hard/crtn.o
OUTPUT(SOFTWARE_FSBL.elf elf32-littlearm)
LOAD linker stubs
LOAD C:/ST/STM32CubeIDE_2.1.1/STM32CubeIDE/plugins/com.st.stm32cube.ide.mcu.externaltools.gnu-tools-for-stm32.14.3.rel1.win32_1.0.100.202602081740/tools/bin/../lib/gcc/arm-none-eabi/14.3.1/../../../../arm-none-eabi/lib/thumb/v8-m.main+dp/hard\libc.a
LOAD C:/ST/STM32CubeIDE_2.1.1/STM32CubeIDE/plugins/com.st.stm32cube.ide.mcu.externaltools.gnu-tools-for-stm32.14.3.rel1.win32_1.0.100.202602081740/tools/bin/../lib/gcc/arm-none-eabi/14.3.1/../../../../arm-none-eabi/lib/thumb/v8-m.main+dp/hard\libm.a
LOAD C:/ST/STM32CubeIDE_2.1.1/STM32CubeIDE/plugins/com.st.stm32cube.ide.mcu.externaltools.gnu-tools-for-stm32.14.3.rel1.win32_1.0.100.202602081740/tools/bin/../lib/gcc/arm-none-eabi/14.3.1/thumb/v8-m.main+dp/hard\libgcc.a

.debug_info     0x00000000    0x1eb63
 .debug_info    0x00000000     0x1113 ./Core/Src/extmem_manager.o
 .debug_info    0x00001113     0x11d2 ./Core/Src/gpio.o
 .debug_info    0x000022e5      0x431 ./Core/Src/main.o
 .debug_info    0x00002716       0xad ./Core/Src/stm32n6xx_hal_msp.o
 .debug_info    0x000027c3      0x138 ./Core/Src/stm32n6xx_it.o
 .debug_info    0x000028fb     0x1a83 ./Core/Src/system_stm32n6xx_fsbl.o
 .debug_info    0x0000437e     0x2292 ./Core/Src/xspi.o
 .debug_info    0x00006610       0x30 ./Core/Startup/startup_stm32n657i0hxq_fsbl.o
 .debug_info    0x00006640     0x27e2 ./Drivers/STM32N6xx_HAL_Driver/stm32n6xx_hal.o
 .debug_info    0x00008e22     0x1490 ./Drivers/STM32N6xx_HAL_Driver/stm32n6xx_hal_cortex.o
 .debug_info    0x0000a2b2      0xbfa ./Drivers/STM32N6xx_HAL_Driver/stm32n6xx_hal_dma.o
 .debug_info    0x0000aeac      0xafd ./Drivers/STM32N6xx_HAL_Driver/stm32n6xx_hal_gpio.o
 .debug_info    0x0000b9a9      0xd08 ./Drivers/STM32N6xx_HAL_Driver/stm32n6xx_hal_pwr_ex.o
 .debug_info    0x0000c6b1     0x2161 ./Drivers/STM32N6xx_HAL_Driver/stm32n6xx_hal_rcc.o
 .debug_info    0x0000e812     0x3841 ./Drivers/STM32N6xx_HAL_Driver/stm32n6xx_hal_rcc_ex.o
 .debug_info    0x00012053     0x2c1c ./Drivers/STM32N6xx_HAL_Driver/stm32n6xx_hal_xspi.o
 .debug_info    0x00014c6f      0x7bc ./Middlewares/ST/STM32_ExtMem_Manager/stm32_boot_xip.o
 .debug_info    0x0001542b     0x170d ./Middlewares/ST/STM32_ExtMem_Manager/stm32_extmem.o
 .debug_info    0x00016b38     0x1089 ./Middlewares/ST/STM32_ExtMem_Manager/stm32_psram_driver.o
 .debug_info    0x00017bc1     0x1692 ./Middlewares/ST/STM32_ExtMem_Manager/stm32_sal_xspi.o
 .debug_info    0x00019253     0x3b4c ./Middlewares/ST/STM32_ExtMem_Manager/stm32_sfdp_data.o
 .debug_info    0x0001cd9f     0x1dc4 ./Middlewares/ST/STM32_ExtMem_Manager/stm32_sfdp_driver.o

.debug_abbrev   0x00000000     0x2e9d
 .debug_abbrev  0x00000000      0x1cf ./Core/Src/extmem_manager.o
 .debug_abbrev  0x000001cf      0x19f ./Core/Src/gpio.o
 .debug_abbrev  0x0000036e      0x186 ./Core/Src/main.o
 .debug_abbrev  0x000004f4       0x5a ./Core/Src/stm32n6xx_hal_msp.o
 .debug_abbrev  0x0000054e       0x73 ./Core/Src/stm32n6xx_it.o
 .debug_abbrev  0x000005c1      0x164 ./Core/Src/system_stm32n6xx_fsbl.o
 .debug_abbrev  0x00000725      0x24a ./Core/Src/xspi.o
 .debug_abbrev  0x0000096f       0x24 ./Core/Startup/startup_stm32n657i0hxq_fsbl.o
 .debug_abbrev  0x00000993      0x2bd ./Drivers/STM32N6xx_HAL_Driver/stm32n6xx_hal.o
 .debug_abbrev  0x00000c50      0x346 ./Drivers/STM32N6xx_HAL_Driver/stm32n6xx_hal_cortex.o
 .debug_abbrev  0x00000f96      0x1dd ./Drivers/STM32N6xx_HAL_Driver/stm32n6xx_hal_dma.o
 .debug_abbrev  0x00001173      0x24d ./Drivers/STM32N6xx_HAL_Driver/stm32n6xx_hal_gpio.o
 .debug_abbrev  0x000013c0      0x265 ./Drivers/STM32N6xx_HAL_Driver/stm32n6xx_hal_pwr_ex.o
 .debug_abbrev  0x00001625      0x36a ./Drivers/STM32N6xx_HAL_Driver/stm32n6xx_hal_rcc.o
 .debug_abbrev  0x0000198f      0x305 ./Drivers/STM32N6xx_HAL_Driver/stm32n6xx_hal_rcc_ex.o
 .debug_abbrev  0x00001c94      0x2b7 ./Drivers/STM32N6xx_HAL_Driver/stm32n6xx_hal_xspi.o
 .debug_abbrev  0x00001f4b      0x253 ./Middlewares/ST/STM32_ExtMem_Manager/stm32_boot_xip.o
 .debug_abbrev  0x0000219e      0x28e ./Middlewares/ST/STM32_ExtMem_Manager/stm32_extmem.o
 .debug_abbrev  0x0000242c      0x1ec ./Middlewares/ST/STM32_ExtMem_Manager/stm32_psram_driver.o
 .debug_abbrev  0x00002618      0x268 ./Middlewares/ST/STM32_ExtMem_Manager/stm32_sal_xspi.o
 .debug_abbrev  0x00002880      0x2c0 ./Middlewares/ST/STM32_ExtMem_Manager/stm32_sfdp_data.o
 .debug_abbrev  0x00002b40      0x35d ./Middlewares/ST/STM32_ExtMem_Manager/stm32_sfdp_driver.o

.debug_aranges  0x00000000     0x18d0
 .debug_aranges
                0x00000000       0x20 ./Core/Src/extmem_manager.o
 .debug_aranges
                0x00000020       0x28 ./Core/Src/gpio.o
 .debug_aranges
                0x00000048       0x30 ./Core/Src/main.o
 .debug_aranges
                0x00000078       0x20 ./Core/Src/stm32n6xx_hal_msp.o
 .debug_aranges
                0x00000098       0x68 ./Core/Src/stm32n6xx_it.o
 .debug_aranges
                0x00000100       0x30 ./Core/Src/system_stm32n6xx_fsbl.o
 .debug_aranges
                0x00000130       0x48 ./Core/Src/xspi.o
 .debug_aranges
                0x00000178       0x28 ./Core/Startup/startup_stm32n657i0hxq_fsbl.o
 .debug_aranges
                0x000001a0      0x3d0 ./Drivers/STM32N6xx_HAL_Driver/stm32n6xx_hal.o
 .debug_aranges
                0x00000570      0x178 ./Drivers/STM32N6xx_HAL_Driver/stm32n6xx_hal_cortex.o
 .debug_aranges
                0x000006e8       0xb8 ./Drivers/STM32N6xx_HAL_Driver/stm32n6xx_hal_dma.o
 .debug_aranges
                0x000007a0       0xa8 ./Drivers/STM32N6xx_HAL_Driver/stm32n6xx_hal_gpio.o
 .debug_aranges
                0x00000848      0x260 ./Drivers/STM32N6xx_HAL_Driver/stm32n6xx_hal_pwr_ex.o
 .debug_aranges
                0x00000aa8      0x2a0 ./Drivers/STM32N6xx_HAL_Driver/stm32n6xx_hal_rcc.o
 .debug_aranges
                0x00000d48      0x758 ./Drivers/STM32N6xx_HAL_Driver/stm32n6xx_hal_rcc_ex.o
 .debug_aranges
                0x000014a0      0x1a8 ./Drivers/STM32N6xx_HAL_Driver/stm32n6xx_hal_xspi.o
 .debug_aranges
                0x00001648       0x30 ./Middlewares/ST/STM32_ExtMem_Manager/stm32_boot_xip.o
 .debug_aranges
                0x00001678       0x68 ./Middlewares/ST/STM32_ExtMem_Manager/stm32_extmem.o
 .debug_aranges
                0x000016e0       0x40 ./Middlewares/ST/STM32_ExtMem_Manager/stm32_psram_driver.o
 .debug_aranges
                0x00001720       0xb8 ./Middlewares/ST/STM32_ExtMem_Manager/stm32_sal_xspi.o
 .debug_aranges
                0x000017d8       0x80 ./Middlewares/ST/STM32_ExtMem_Manager/stm32_sfdp_data.o
 .debug_aranges
                0x00001858       0x78 ./Middlewares/ST/STM32_ExtMem_Manager/stm32_sfdp_driver.o

.debug_rnglists
                0x00000000     0x12c5
 .debug_rnglists
                0x00000000       0x14 ./Core/Src/extmem_manager.o
 .debug_rnglists
                0x00000014       0x19 ./Core/Src/gpio.o
 .debug_rnglists
                0x0000002d       0x20 ./Core/Src/main.o
 .debug_rnglists
                0x0000004d       0x13 ./Core/Src/stm32n6xx_hal_msp.o
 .debug_rnglists
                0x00000060       0x49 ./Core/Src/stm32n6xx_it.o
 .debug_rnglists
                0x000000a9       0x21 ./Core/Src/system_stm32n6xx_fsbl.o
 .debug_rnglists
                0x000000ca       0x33 ./Core/Src/xspi.o
 .debug_rnglists
                0x000000fd       0x19 ./Core/Startup/startup_stm32n657i0hxq_fsbl.o
 .debug_rnglists
                0x00000116      0x2da ./Drivers/STM32N6xx_HAL_Driver/stm32n6xx_hal.o
 .debug_rnglists
                0x000003f0      0x115 ./Drivers/STM32N6xx_HAL_Driver/stm32n6xx_hal_cortex.o
 .debug_rnglists
                0x00000505       0x91 ./Drivers/STM32N6xx_HAL_Driver/stm32n6xx_hal_dma.o
 .debug_rnglists
                0x00000596       0x80 ./Drivers/STM32N6xx_HAL_Driver/stm32n6xx_hal_gpio.o
 .debug_rnglists
                0x00000616      0x1c9 ./Drivers/STM32N6xx_HAL_Driver/stm32n6xx_hal_pwr_ex.o
 .debug_rnglists
                0x000007df      0x201 ./Drivers/STM32N6xx_HAL_Driver/stm32n6xx_hal_rcc.o
 .debug_rnglists
                0x000009e0      0x5a1 ./Drivers/STM32N6xx_HAL_Driver/stm32n6xx_hal_rcc_ex.o
 .debug_rnglists
                0x00000f81      0x14f ./Drivers/STM32N6xx_HAL_Driver/stm32n6xx_hal_xspi.o
 .debug_rnglists
                0x000010d0       0x20 ./Middlewares/ST/STM32_ExtMem_Manager/stm32_boot_xip.o
 .debug_rnglists
                0x000010f0       0x4d ./Middlewares/ST/STM32_ExtMem_Manager/stm32_extmem.o
 .debug_rnglists
                0x0000113d       0x39 ./Middlewares/ST/STM32_ExtMem_Manager/stm32_psram_driver.o
 .debug_rnglists
                0x00001176       0x90 ./Middlewares/ST/STM32_ExtMem_Manager/stm32_sal_xspi.o
 .debug_rnglists
                0x00001206       0x64 ./Middlewares/ST/STM32_ExtMem_Manager/stm32_sfdp_data.o
 .debug_rnglists
                0x0000126a       0x5b ./Middlewares/ST/STM32_ExtMem_Manager/stm32_sfdp_driver.o

.debug_macro    0x00000000    0x532dc
 .debug_macro   0x00000000      0x317 ./Core/Src/extmem_manager.o
 .debug_macro   0x00000317      0xb5c ./Core/Src/extmem_manager.o
 .debug_macro   0x00000e73       0x2e ./Core/Src/extmem_manager.o
 .debug_macro   0x00000ea1      0x1d3 ./Core/Src/extmem_manager.o
 .debug_macro   0x00001074      0x190 ./Core/Src/extmem_manager.o
 .debug_macro   0x00001204       0x63 ./Core/Src/extmem_manager.o
 .debug_macro   0x00001267       0x2e ./Core/Src/extmem_manager.o
 .debug_macro   0x00001295       0x6c ./Core/Src/extmem_manager.o
 .debug_macro   0x00001301       0x22 ./Core/Src/extmem_manager.o
 .debug_macro   0x00001323       0x8e ./Core/Src/extmem_manager.o
 .debug_macro   0x000013b1       0x51 ./Core/Src/extmem_manager.o
 .debug_macro   0x00001402      0x103 ./Core/Src/extmem_manager.o
 .debug_macro   0x00001505       0x6a ./Core/Src/extmem_manager.o
 .debug_macro   0x0000156f      0x1df ./Core/Src/extmem_manager.o
 .debug_macro   0x0000174e       0x2e ./Core/Src/extmem_manager.o
 .debug_macro   0x0000177c       0x17 ./Core/Src/extmem_manager.o
 .debug_macro   0x00001793       0x58 ./Core/Src/extmem_manager.o
 .debug_macro   0x000017eb      0x26d ./Core/Src/extmem_manager.o
 .debug_macro   0x00001a58       0x3a ./Core/Src/extmem_manager.o
 .debug_macro   0x00001a92     0x2f0c ./Core/Src/extmem_manager.o
 .debug_macro   0x0000499e      0x130 ./Core/Src/extmem_manager.o
 .debug_macro   0x00004ace      0x344 ./Core/Src/extmem_manager.o
 .debug_macro   0x00004e12      0x146 ./Core/Src/extmem_manager.o
 .debug_macro   0x00004f58       0x22 ./Core/Src/extmem_manager.o
 .debug_macro   0x00004f7a    0x3e927 ./Core/Src/extmem_manager.o
 .debug_macro   0x000438a1       0x6c ./Core/Src/extmem_manager.o
 .debug_macro   0x0004390d     0x3486 ./Core/Src/extmem_manager.o
 .debug_macro   0x00046d93       0x61 ./Core/Src/extmem_manager.o
 .debug_macro   0x00046df4       0x29 ./Core/Src/extmem_manager.o
 .debug_macro   0x00046e1d       0x43 ./Core/Src/extmem_manager.o
 .debug_macro   0x00046e60       0x34 ./Core/Src/extmem_manager.o
 .debug_macro   0x00046e94      0x364 ./Core/Src/extmem_manager.o
 .debug_macro   0x000471f8       0x16 ./Core/Src/extmem_manager.o
 .debug_macro   0x0004720e       0x4a ./Core/Src/extmem_manager.o
 .debug_macro   0x00047258       0x34 ./Core/Src/extmem_manager.o
 .debug_macro   0x0004728c       0x10 ./Core/Src/extmem_manager.o
 .debug_macro   0x0004729c       0x58 ./Core/Src/extmem_manager.o
 .debug_macro   0x000472f4       0x8e ./Core/Src/extmem_manager.o