Archive member included to satisfy reference by file (symbol)

C:/ST/STM32CubeIDE_2.1.1/STM32CubeIDE/plugins/com.st.stm32cube.ide.mcu.externaltools.gnu-tools-for-stm32.14.3.rel1.win32_1.0.100.202602081740/tools/bin/../lib/gcc/arm-none-eabi/14.3.1/../../../../arm-none-eabi/lib/thumb/v8-m.main+dp/hard\libc_nano.a(libc_a-exit.o)
                              C:/ST/STM32CubeIDE_2.1.1/STM32CubeIDE/plugins/com.st.stm32cube.ide.mcu.externaltools.gnu-tools-for-stm32.14.3.rel1.win32_1.0.100.202602081740/tools/bin/../lib/gcc/arm-none-eabi/14.3.1/../../../../arm-none-eabi/lib/thumb/v8-m.main+dp/hard/crt0.o (exit)
C:/ST/STM32CubeIDE_2.1.1/STM32CubeIDE/plugins/com.st.stm32cube.ide.mcu.externaltools.gnu-tools-for-stm32.14.3.rel1.win32_1.0.100.202602081740/tools/bin/../lib/gcc/arm-none-eabi/14.3.1/../../../../arm-none-eabi/lib/thumb/v8-m.main+dp/hard\libc_nano.a(libc_a-findfp.o)
                              C:/ST/STM32CubeIDE_2.1.1/STM32CubeIDE/plugins/com.st.stm32cube.ide.mcu.externaltools.gnu-tools-for-stm32.14.3.rel1.win32_1.0.100.202602081740/tools/bin/../lib/gcc/arm-none-eabi/14.3.1/../../../../arm-none-eabi/lib/thumb/v8-m.main+dp/hard\libc_nano.a(libc_a-exit.o) (__stdio_exit_handler)
C:/ST/STM32CubeIDE_2.1.1/STM32CubeIDE/plugins/com.st.stm32cube.ide.mcu.externaltools.gnu-tools-for-stm32.14.3.rel1.win32_1.0.100.202602081740/tools/bin/../lib/gcc/arm-none-eabi/14.3.1/../../../../arm-none-eabi/lib/thumb/v8-m.main+dp/hard\libc_nano.a(libc_a-fwalk.o)
                              C:/ST/STM32CubeIDE_2.1.1/STM32CubeIDE/plugins/com.st.stm32cube.ide.mcu.externaltools.gnu-tools-for-stm32.14.3.rel1.win32_1.0.100.202602081740/tools/bin/../lib/gcc/arm-none-eabi/14.3.1/../../../../arm-none-eabi/lib/thumb/v8-m.main+dp/hard\libc_nano.a(libc_a-findfp.o) (_fwalk_sglue)
C:/ST/STM32CubeIDE_2.1.1/STM32CubeIDE/plugins/com.st.stm32cube.ide.mcu.externaltools.gnu-tools-for-stm32.14.3.rel1.win32_1.0.100.202602081740/tools/bin/../lib/gcc/arm-none-eabi/14.3.1/../../../../arm-none-eabi/lib/thumb/v8-m.main+dp/hard\libc_nano.a(libc_a-stdio.o)
                              C:/ST/STM32CubeIDE_2.1.1/STM32CubeIDE/plugins/com.st.stm32cube.ide.mcu.externaltools.gnu-tools-for-stm32.14.3.rel1.win32_1.0.100.202602081740/tools/bin/../lib/gcc/arm-none-eabi/14.3.1/../../../../arm-none-eabi/lib/thumb/v8-m.main+dp/hard\libc_nano.a(libc_a-findfp.o) (__sread)
C:/ST/STM32CubeIDE_2.1.1/STM32CubeIDE/plugins/com.st.stm32cube.ide.mcu.externaltools.gnu-tools-for-stm32.14.3.rel1.win32_1.0.100.202602081740/tools/bin/../lib/gcc/arm-none-eabi/14.3.1/../../../../arm-none-eabi/lib/thumb/v8-m.main+dp/hard\libc_nano.a(libc_a-memset.o)
                              C:/ST/STM32CubeIDE_2.1.1/STM32CubeIDE/plugins/com.st.stm32cube.ide.mcu.externaltools.gnu-tools-for-stm32.14.3.rel1.win32_1.0.100.202602081740/tools/bin/../lib/gcc/arm-none-eabi/14.3.1/../../../../arm-none-eabi/lib/thumb/v8-m.main+dp/hard/crt0.o (memset)
C:/ST/STM32CubeIDE_2.1.1/STM32CubeIDE/plugins/com.st.stm32cube.ide.mcu.externaltools.gnu-tools-for-stm32.14.3.rel1.win32_1.0.100.202602081740/tools/bin/../lib/gcc/arm-none-eabi/14.3.1/../../../../arm-none-eabi/lib/thumb/v8-m.main+dp/hard\libc_nano.a(libc_a-closer.o)
                              C:/ST/STM32CubeIDE_2.1.1/STM32CubeIDE/plugins/com.st.stm32cube.ide.mcu.externaltools.gnu-tools-for-stm32.14.3.rel1.win32_1.0.100.202602081740/tools/bin/../lib/gcc/arm-none-eabi/14.3.1/../../../../arm-none-eabi/lib/thumb/v8-m.main+dp/hard\libc_nano.a(libc_a-stdio.o) (_close_r)
C:/ST/STM32CubeIDE_2.1.1/STM32CubeIDE/plugins/com.st.stm32cube.ide.mcu.externaltools.gnu-tools-for-stm32.14.3.rel1.win32_1.0.100.202602081740/tools/bin/../lib/gcc/arm-none-eabi/14.3.1/../../../../arm-none-eabi/lib/thumb/v8-m.main+dp/hard\libc_nano.a(libc_a-reent.o)
                              C:/ST/STM32CubeIDE_2.1.1/STM32CubeIDE/plugins/com.st.stm32cube.ide.mcu.externaltools.gnu-tools-for-stm32.14.3.rel1.win32_1.0.100.202602081740/tools/bin/../lib/gcc/arm-none-eabi/14.3.1/../../../../arm-none-eabi/lib/thumb/v8-m.main+dp/hard\libc_nano.a(libc_a-closer.o) (errno)
C:/ST/STM32CubeIDE_2.1.1/STM32CubeIDE/plugins/com.st.stm32cube.ide.mcu.externaltools.gnu-tools-for-stm32.14.3.rel1.win32_1.0.100.202602081740/tools/bin/../lib/gcc/arm-none-eabi/14.3.1/../../../../arm-none-eabi/lib/thumb/v8-m.main+dp/hard\libc_nano.a(libc_a-impure.o)
                              C:/ST/STM32CubeIDE_2.1.1/STM32CubeIDE/plugins/com.st.stm32cube.ide.mcu.externaltools.gnu-tools-for-stm32.14.3.rel1.win32_1.0.100.202602081740/tools/bin/../lib/gcc/arm-none-eabi/14.3.1/../../../../arm-none-eabi/lib/thumb/v8-m.main+dp/hard\libc_nano.a(libc_a-reent.o) (_impure_ptr)
C:/ST/STM32CubeIDE_2.1.1/STM32CubeIDE/plugins/com.st.stm32cube.ide.mcu.externaltools.gnu-tools-for-stm32.14.3.rel1.win32_1.0.100.202602081740/tools/bin/../lib/gcc/arm-none-eabi/14.3.1/../../../../arm-none-eabi/lib/thumb/v8-m.main+dp/hard\libc_nano.a(libc_a-lseekr.o)
[...]
Memory Configuration

Name             Origin             Length             Attributes
ROM              0x34000400         0x00063c00         xrw
RAM              0x34064000         0x0009c000         xrw
*default*        0x00000000         0xffffffff

Linker script and memory map

LOAD C:/ST/STM32CubeIDE_2.1.1/STM32CubeIDE/plugins/com.st.stm32cube.ide.mcu.externaltools.gnu-tools-for-stm32.14.3.rel1.win32_1.0.100.202602081740/tools/bin/../lib/gcc/arm-none-eabi/14.3.1/thumb/v8-m.main+dp/hard/crti.o
LOAD C:/ST/STM32CubeIDE_2.1.1/STM32CubeIDE/plugins/com.st.stm32cube.ide.mcu.externaltools.gnu-tools-for-stm32.14.3.rel1.win32_1.0.100.202602081740/tools/bin/../lib/gcc/arm-none-eabi/14.3.1/thumb/v8-m.main+dp/hard/crtbegin.o
LOAD C:/ST/STM32CubeIDE_2.1.1/STM32CubeIDE/plugins/com.st.stm32cube.ide.mcu.externaltools.gnu-tools-for-stm32.14.3.rel1.win32_1.0.100.202602081740/tools/bin/../lib/gcc/arm-none-eabi/14.3.1/../../../../arm-none-eabi/lib/thumb/v8-m.main+dp/hard/crt0.o
LOAD ./Core/Src/main.o
LOAD ./Core/Src/secure_nsc.o
LOAD ./Core/Src/stm32n6xx_hal_msp.o
LOAD ./Core/Src/stm32n6xx_it.o
LOAD ./Core/Src/syscalls.o
LOAD ./Core/Src/sysmem.o
LOAD ./Core/Src/system_stm32n6xx_s.o
LOAD ./Core/Startup/startup_stm32n657i0hxq.o
LOAD ./Drivers/STM32N6xx_HAL_Driver/stm32n6xx_hal.o
LOAD ./Drivers/STM32N6xx_HAL_Driver/stm32n6xx_hal_cortex.o
LOAD ./Drivers/STM32N6xx_HAL_Driver/stm32n6xx_hal_dma.o
LOAD ./Drivers/STM32N6xx_HAL_Driver/stm32n6xx_hal_dma_ex.o
LOAD ./Drivers/STM32N6xx_HAL_Driver/stm32n6xx_hal_exti.o
LOAD ./Drivers/STM32N6xx_HAL_Driver/stm32n6xx_hal_gpio.o
LOAD ./Drivers/STM32N6xx_HAL_Driver/stm32n6xx_hal_pwr.o
LOAD ./Drivers/STM32N6xx_HAL_Driver/stm32n6xx_hal_pwr_ex.o
LOAD ./Drivers/STM32N6xx_HAL_Driver/stm32n6xx_hal_rcc.o
LOAD ./Drivers/STM32N6xx_HAL_Driver/stm32n6xx_hal_rcc_ex.o
LOAD ./Drivers/STM32N6xx_HAL_Driver/stm32n6xx_hal_rif.o
START GROUP
LOAD C:/ST/STM32CubeIDE_2.1.1/STM32CubeIDE/plugins/com.st.stm32cube.ide.mcu.externaltools.gnu-tools-for-stm32.14.3.rel1.win32_1.0.100.202602081740/tools/bin/../lib/gcc/arm-none-eabi/14.3.1/../../../../arm-none-eabi/lib/thumb/v8-m.main+dp/hard\libc_nano.a
LOAD C:/ST/STM32CubeIDE_2.1.1/STM32CubeIDE/plugins/com.st.stm32cube.ide.mcu.externaltools.gnu-tools-for-stm32.14.3.rel1.win32_1.0.100.202602081740/tools/bin/../lib/gcc/arm-none-eabi/14.3.1/../../../../arm-none-eabi/lib/thumb/v8-m.main+dp/hard\libm.a
END GROUP
START GROUP
LOAD C:/ST/STM32CubeIDE_2.1.1/STM32CubeIDE/plugins/com.st.stm32cube.ide.mcu.externaltools.gnu-tools-for-stm32.14.3.rel1.win32_1.0.100.202602081740/tools/bin/../lib/gcc/arm-none-eabi/14.3.1/thumb/v8-m.main+dp/hard\libgcc.a
LOAD C:/ST/STM32CubeIDE_2.1.1/STM32CubeIDE/plugins/com.st.stm32cube.ide.mcu.externaltools.gnu-tools-for-stm32.14.3.rel1.win32_1.0.100.202602081740/tools/bin/../lib/gcc/arm-none-eabi/14.3.1/../../../../arm-none-eabi/lib/thumb/v8-m.main+dp/hard\libc_nano.a
END GROUP
START GROUP
LOAD C:/ST/STM32CubeIDE_2.1.1/STM32CubeIDE/plugins/com.st.stm32cube.ide.mcu.externaltools.gnu-tools-for-stm32.14.3.rel1.win32_1.0.100.202602081740/tools/bin/../lib/gcc/arm-none-eabi/14.3.1/thumb/v8-m.main+dp/hard\libgcc.a
LOAD C:/ST/STM32CubeIDE_2.1.1/STM32CubeIDE/plugins/com.st.stm32cube.ide.mcu.externaltools.gnu-tools-for-stm32.14.3.rel1.win32_1.0.100.202602081740/tools/bin/../lib/gcc/arm-none-eabi/14.3.1/../../../../arm-none-eabi/lib/thumb/v8-m.main+dp/hard\libc_nano.a
LOAD C:/ST/STM32CubeIDE_2.1.1/STM32CubeIDE/plugins/com.st.stm32cube.ide.mcu.externaltools.gnu-tools-for-stm32.14.3.rel1.win32_1.0.100.202602081740/tools/bin/../lib/gcc/arm-none-eabi/14.3.1/../../../../arm-none-eabi/lib/thumb/v8-m.main+dp/hard\libnosys.a
END GROUP
START GROUP
LOAD C:/ST/STM32CubeIDE_2.1.1/STM32CubeIDE/plugins/com.st.stm32cube.ide.mcu.externaltools.gnu-tools-for-stm32.14.3.rel1.win32_1.0.100.202602081740/tools/bin/../lib/gcc/arm-none-eabi/14.3.1/thumb/v8-m.main+dp/hard\libgcc.a
LOAD C:/ST/STM32CubeIDE_2.1.1/STM32CubeIDE/plugins/com.st.stm32cube.ide.mcu.externaltools.gnu-tools-for-stm32.14.3.rel1.win32_1.0.100.202602081740/tools/bin/../lib/gcc/arm-none-eabi/14.3.1/../../../../arm-none-eabi/lib/thumb/v8-m.main+dp/hard\libc_nano.a
LOAD C:/ST/STM32CubeIDE_2.1.1/STM32CubeIDE/plugins/com.st.stm32cube.ide.mcu.externaltools.gnu-tools-for-stm32.14.3.rel1.win32_1.0.100.202602081740/tools/bin/../lib/gcc/arm-none-eabi/14.3.1/../../../../arm-none-eabi/lib/thumb/v8-m.main+dp/hard\libnosys.a
END GROUP
LOAD C:/ST/STM32CubeIDE_2.1.1/STM32CubeIDE/plugins/com.st.stm32cube.ide.mcu.externaltools.gnu-tools-for-stm32.14.3.rel1.win32_1.0.100.202602081740/tools/bin/../lib/gcc/arm-none-eabi/14.3.1/thumb/v8-m.main+dp/hard/crtend.o
LOAD C:/ST/STM32CubeIDE_2.1.1/STM32CubeIDE/plugins/com.st.stm32cube.ide.mcu.externaltools.gnu-tools-for-stm32.14.3.rel1.win32_1.0.100.202602081740/tools/bin/../lib/gcc/arm-none-eabi/14.3.1/thumb/v8-m.main+dp/hard/crtn.o
                0x34100000                        _estack = (ORIGIN (RAM) + LENGTH (RAM))
                0x340ff800                        _sstack = (_estack - _Min_Stack_Size)
                0x00000200                        _Min_Heap_Size = 0x200
                0x00000800                        _Min_Stack_Size = 0x800

.isr_vector     0x34000400      0x34c
                0x34000400                        . = ALIGN (0x4)
 *(.isr_vector)
 .isr_vector    0x34000400      0x34c ./Core/Startup/startup_stm32n657i0hxq.o
                0x34000400                g_pfnVectors
                0x3400074c                        . = ALIGN (0x4)

.text           0x3400074c      0xb6c
                0x3400074c                        . = ALIGN (0x4)
 *(.text)
 .text          0x3400074c       0x40 C:/ST/STM32CubeIDE_2.1.1/STM32CubeIDE/plugins/com.st.stm32cube.ide.mcu.externaltools.gnu-tools-for-stm32.14.3.rel1.win32_1.0.100.202602081740/tools/bin/../lib/gcc/arm-none-eabi/14.3.1/thumb/v8-m.main+dp/hard/crtbegin.o
 *(.text*)
 .text.LL_AHB3_GRP1_EnableClock
                0x3400078c       0x2c ./Core/Src/main.o
 .text.LL_AHB4_GRP1_EnableClock
                0x340007b8       0x2c ./Core/Src/main.o
 .text.main     0x340007e4       0x18 ./Core/Src/main.o
                0x340007e4                main
 .text.NonSecure_Init
                0x340007fc       0x54 ./Core/Src/main.o
 .text.SystemIsolation_Config
                0x34000850      0x104 ./Core/Src/main.o
 .text.SECURE_RegisterCallback
                0x34000954       0x54 ./Core/Src/secure_nsc.o
                0x34000954                __acle_se_SECURE_RegisterCallback
 .text.HAL_MspInit
                0x340009a8       0x10 ./Core/Src/stm32n6xx_hal_msp.o
                0x340009a8                HAL_MspInit
 .text.NMI_Handler
                0x340009b8        0x8 ./Core/Src/stm32n6xx_it.o
                0x340009b8                NMI_Handler
 .text.HardFault_Handler
                0x340009c0        0x8 ./Core/Src/stm32n6xx_it.o
                0x340009c0                HardFault_Handler
 .text.MemManage_Handler
                0x340009c8        0x8 ./Core/Src/stm32n6xx_it.o
                0x340009c8                MemManage_Handler
 .text.BusFault_Handler
                0x340009d0        0x8 ./Core/Src/stm32n6xx_it.o
                0x340009d0                BusFault_Handler
 .text.UsageFault_Handler
                0x340009d8        0x8 ./Core/Src/stm32n6xx_it.o
                0x340009d8                UsageFault_Handler
 .text.SecureFault_Handler
                0x340009e0        0x8 ./Core/Src/stm32n6xx_it.o
                0x340009e0                SecureFault_Handler
 .text.SVC_Handler
                0x340009e8        0xe ./Core/Src/stm32n6xx_it.o
                0x340009e8                SVC_Handler
 .text.DebugMon_Handler
                0x340009f6        0xe ./Core/Src/stm32n6xx_it.o
                0x340009f6                DebugMon_Handler
 .text.PendSV_Handler
                0x34000a04        0xe ./Core/Src/stm32n6xx_it.o
                0x34000a04                PendSV_Handler
 .text.SysTick_Handler
                0x34000a12        0xc ./Core/Src/stm32n6xx_it.o
                0x34000a12                SysTick_Handler
 *fill*         0x34000a1e        0x2 
 .text.TZ_SAU_Setup
                0x34000a20       0x74 ./Core/Src/system_stm32n6xx_s.o
 .text.SystemInit
                0x34000a94       0x70 ./Core/Src/system_stm32n6xx_s.o
                0x34000a94                SystemInit
 .text.SystemCoreClockUpdate
                0x34000b04      0x350 ./Core/Src/system_stm32n6xx_s.o
                0x34000b04                SystemCoreClockUpdate
 .text.SECURE_SystemCoreClockUpdate
                0x34000e54       0x2c ./Core/Src/system_stm32n6xx_s.o
                0x34000e54                __acle_se_SECURE_SystemCoreClockUpdate
 .text.Reset_Handler
                0x34000e80       0x5c ./Core/Startup/startup_stm32n657i0hxq.o
                0x34000e80                Reset_Handler
 .text.Default_Handler
                0x34000edc        0x2 ./Core/Startup/startup_stm32n657i0hxq.o
                0x34000edc                HPDMA1_Channel13_IRQHandler
                0x34000edc                EXTI2_IRQHandler
                0x34000edc                MCE2_IRQHandler
                0x34000edc                TIM8_CC_IRQHandler
                0x34000edc                USB2_OTG_HS_IRQHandler
                0x34000edc                SAI1_A_IRQHandler
                0x34000edc                EXTI5_IRQHandler
                0x34000edc                I3C1_ER_IRQHandler
                0x34000edc                UART8_IRQHandler
                0x34000edc                CTI_INT0_IRQHandler
                0x34000edc                SPI4_IRQHandler
                0x34000edc                LTDC_LO_IRQHandler
                0x34000edc                NPU2_IRQHandler
                0x34000edc                FDCAN3_IT0_IRQHandler
                0x34000edc                EXTI13_IRQHandler
                0x34000edc                TIM1_CC_IRQHandler
                0x34000edc                XSPI1_IRQHandler
                0x34000edc                TIM10_IRQHandler
                0x34000edc                JPEG_IRQHandler
                0x34000edc                TAMP_IRQHandler
                0x34000edc                CACHE_ECC_IRQHandler
                0x34000edc                TIM6_IRQHandler
                0x34000edc                CSI_IRQHandler
                0x34000edc                EXTI12_IRQHandler
                0x34000edc                GFXTIM_IRQHandler
                0x34000edc                EXTI3_IRQHandler
                0x34000edc                LPTIM4_IRQHandler
                0x34000edc                GPDMA1_Channel5_IRQHandler
                0x34000edc                EXTI8_IRQHandler
                0x34000edc                LPTIM2_IRQHandler
                0x34000edc                GFXMMU_IRQHandler
                0x34000edc                LTDC_LO_ERR_IRQHandler
                0x34000edc                I2C3_ER_IRQHandler
                0x34000edc                RIFSC_TAMPER_IRQHandler
                0x34000edc                USART10_IRQHandler
                0x34000edc                MDF1_FLT2_IRQHandler
                0x34000edc                LPTIM3_IRQHandler
                0x34000edc                SAI2_A_IRQHandler
                0x34000edc                EXTI0_IRQHandler
                0x34000edc                HPDMA1_Channel9_IRQHandler
                0x34000edc                I2C2_EV_IRQHandler
                0x34000edc                GPU2D_IRQHandler
                0x34000edc                FPU_IRQHandler
                0x34000edc                GPDMA1_Channel3_IRQHandler
                0x34000edc                GPDMA1_Channel7_IRQHandler
                0x34000edc                MDF1_FLT4_IRQHandler
                0x34000edc                FDCAN1_IT1_IRQHandler
                0x34000edc                HPDMA1_Channel3_IRQHandler
                0x34000edc                ADC1_2_IRQHandler
                0x34000edc                GPDMA1_Channel9_IRQHandler
                0x34000edc                SPI1_IRQHandler
                0x34000edc                CACHEAXI_IRQHandler
                0x34000edc                SAI1_B_IRQHandler
                0x34000edc                GPDMA1_Channel2_IRQHandler
                0x34000edc                PAHB_ERR_IRQHandler
                0x34000edc                TIM8_UP_IRQHandler
                0x34000edc                RCC_S_IRQHandler
                0x34000edc                MDF1_FLT1_IRQHandler
                0x34000edc                LTDC_UP_IRQHandler
                0x34000edc                LOCKUP_IRQHandler
                0x34000edc                PKA_IRQHandler
                0x34000edc                USART6_IRQHandler
                0x34000edc                HPDMA1_Channel2_IRQHandler
                0x34000edc                MDF1_FLT5_IRQHandler
                0x34000edc                MCE4_IRQHandler
                0x34000edc                I3C2_ER_IRQHandler
                0x34000edc                EXTI15_IRQHandler
                0x34000edc                TIM17_IRQHandler
                0x34000edc                USART3_IRQHandler
                0x34000edc                HPDMA1_Channel6_IRQHandler
                0x34000edc                CRYP_IRQHandler
                0x34000edc                RTC_IRQHandler
                0x34000edc                XSPI2_IRQHandler
                0x34000edc                EXTI9_IRQHandler
                0x34000edc                IAC_IRQHandler
                0x34000edc                HPDMA1_Channel0_IRQHandler
                0x34000edc                LPTIM5_IRQHandler
                0x34000edc                HPDMA1_Channel1_IRQHandler
                0x34000edc                UART5_IRQHandler
                0x34000edc                TIM4_IRQHandler
                0x34000edc                NPU3_IRQHandler
                0x34000edc                I3C2_EV_IRQHandler
                0x34000edc                I2C1_EV_IRQHandler
                0x34000edc                FDCAN_CU_IRQHandler
                0x34000edc                GPDMA1_Channel12_IRQHandler
                0x34000edc                HPDMA1_Channel7_IRQHandler
                0x34000edc                GPDMA1_Channel1_IRQHandler
                0x34000edc                TIM16_IRQHandler
                0x34000edc                GPDMA1_Channel15_IRQHandler
                0x34000edc                UART4_IRQHandler
                0x34000edc                TCM_ECC_IRQHandler
                0x34000edc                TIM3_IRQHandler
                0x34000edc                RCC_IRQHandler
                0x34000edc                UART9_IRQHandler
                0x34000edc                NPU1_IRQHandler
                0x34000edc                SAI2_B_IRQHandler
                0x34000edc                Default_Handler
                0x34000edc                GPDMA1_Channel8_IRQHandler
                0x34000edc                HPDMA1_Channel8_IRQHandler
                0x34000edc                TIM18_IRQHandler
                0x34000edc                TIM14_IRQHandler
                0x34000edc                TIM13_IRQHandler
                0x34000edc                CTI_INT1_IRQHandler
                0x34000edc                GPDMA1_Channel11_IRQHandler
                0x34000edc                GPU2D_ER_IRQHandler
                0x34000edc                SPI5_IRQHandler
                0x34000edc                TIM12_IRQHandler
                0x34000edc                TIM7_IRQHandler
                0x34000edc                FDCAN3_IT1_IRQHandler
                0x34000edc                HPDMA1_Channel10_IRQHandler
                0x34000edc                SDMMC1_IRQHandler
                0x34000edc                SAES_IRQHandler
                0x34000edc                TIM5_IRQHandler
                0x34000edc                UCPD1_IRQHandler
                0x34000edc                GPDMA1_Channel0_IRQHandler
                0x34000edc                I3C1_EV_IRQHandler
                0x34000edc                HPDMA1_Channel5_IRQHandler
                0x34000edc                TIM15_IRQHandler
                0x34000edc                I2C3_EV_IRQHandler
                0x34000edc                HPDMA1_Channel4_IRQHandler
                0x34000edc                HPDMA1_Channel15_IRQHandler
                0x34000edc                TIM9_IRQHandler
                0x34000edc                ETH1_IRQHandler
                0x34000edc                USB1_OTG_HS_IRQHandler
                0x34000edc                PVD_PVM_IRQHandler
                0x34000edc                SPI2_IRQHandler
                0x34000edc                TIM1_TRG_CCU_IRQHandler
                0x34000edc                HPDMA1_Channel11_IRQHandler
                0x34000edc                EXTI14_IRQHandler
                0x34000edc                EXTI11_IRQHandler
                0x34000edc                VENC_IRQHandler
                0x34000edc                GPDMA1_Channel14_IRQHandler
                0x34000edc                EXTI4_IRQHandler
                0x34000edc                RTC_S_IRQHandler
                0x34000edc                GPDMA1_Channel13_IRQHandler
                0x34000edc                RNG_IRQHandler
                0x34000edc                XSPI3_IRQHandler
                0x34000edc                FDCAN2_IT1_IRQHandler
                0x34000edc                TIM1_UP_IRQHandler
                0x34000edc                NPU0_IRQHandler
                0x34000edc                BCK_ECC_IRQHandler
                0x34000edc                WWDG_IRQHandler
                0x34000edc                SPI6_IRQHandler
                0x34000edc                MDIOS_IRQHandler
                0x34000edc                I2C4_EV_IRQHandler
                0x34000edc                FDCAN2_IT0_IRQHandler
                0x34000edc                IWDG_IRQHandler
                0x34000edc                HPDMA1_Channel14_IRQHandler
                0x34000edc                LPUART1_IRQHandler
                0x34000edc                FDCAN1_IT0_IRQHandler
                0x34000edc                MDF1_FLT0_IRQHandler
                0x34000edc                TIM2_IRQHandler
                0x34000edc                MCE3_IRQHandler
                0x34000edc                GPDMA1_Channel4_IRQHandler
                0x34000edc                EXTI7_IRQHandler
                0x34000edc                DMA2D_IRQHandler
                0x34000edc                TIM1_BRK_IRQHandler
                0x34000edc                EXTI1_IRQHandler
                0x34000edc                SDMMC2_IRQHandler
                0x34000edc                TIM11_IRQHandler
                0x34000edc                LTDC_UP_ERR_IRQHandler
                0x34000edc                UART7_IRQHandler
                0x34000edc                DTS_IRQHandler
                0x34000edc                MDF1_FLT3_IRQHandler
                0x34000edc                USART2_IRQHandler
                0x34000edc                GPDMA1_Channel6_IRQHandler
                0x34000edc                ADF1_FLT0_IRQHandler
                0x34000edc                I2C2_ER_IRQHandler
                0x34000edc                MCE1_IRQHandler
                0x34000edc                SPDIFRX_IRQHandler
                0x34000edc                TIM8_BRK_IRQHandler
                0x34000edc                HPDMA1_Channel12_IRQHandler
                0x34000edc                USART1_IRQHandler
                0x34000edc                EXTI10_IRQHandler
                0x34000edc                SPI3_IRQHandler
                0x34000edc                WAKEUP_PIN_IRQHandler
                0x34000edc                DCMIPP_IRQHandler
                0x34000edc                I2C1_ER_IRQHandler
                0x34000edc                FMC_IRQHandler
                0x34000edc                EXTI6_IRQHandler
                0x34000edc                LPTIM1_IRQHandler
                0x34000edc                DCMI_PSSI_IRQHandler
                0x34000edc                TIM8_TRG_CCU_IRQHandler
                0x34000edc                I2C4_ER_IRQHandler
                0x34000edc                GPDMA1_Channel10_IRQHandler
                0x34000edc                ICACHE_IRQHandler
                0x34000edc                HASH_IRQHandler
 .text.HAL_Init
                0x34000ede       0x28 ./Drivers/STM32N6xx_HAL_Driver/stm32n6xx_hal.o
                0x34000ede                HAL_Init
 *fill*         0x34000f06        0x2 
 .text.HAL_InitTick
                0x34000f08       0x6c ./Drivers/STM32N6xx_HAL_Driver/stm32n6xx_hal.o
                0x34000f08                HAL_InitTick
 .text.HAL_IncTick
                0x34000f74       0x28 ./Drivers/STM32N6xx_HAL_Driver/stm32n6xx_hal.o
                0x34000f74                HAL_IncTick
 .text.HAL_SuspendTick
                0x34000f9c       0x20 ./Drivers/STM32N6xx_HAL_Driver/stm32n6xx_hal.o
                0x34000f9c                HAL_SuspendTick
 .text.__NVIC_SetPriorityGrouping
                0x34000fbc       0x48 ./Drivers/STM32N6xx_HAL_Driver/stm32n6xx_hal_cortex.o
 .text.__NVIC_GetPriorityGrouping
                0x34001004       0x1c ./Drivers/STM32N6xx_HAL_Driver/stm32n6xx_hal_cortex.o
 .text.__NVIC_SetPriority
                0x34001020       0x54 ./Drivers/STM32N6xx_HAL_Driver/stm32n6xx_hal_cortex.o
 .text.NVIC_EncodePriority
                0x34001074       0x66 ./Drivers/STM32N6xx_HAL_Driver/stm32n6xx_hal_cortex.o
 *fill*         0x340010da        0x2 
 .text.SysTick_Config
                0x340010dc       0x44 ./Drivers/STM32N6xx_HAL_Driver/stm32n6xx_hal_cortex.o
 .text.HAL_NVIC_SetPriorityGrouping
                0x34001120       0x16 ./Drivers/STM32N6xx_HAL_Driver/stm32n6xx_hal_cortex.o
                0x34001120                HAL_NVIC_SetPriorityGrouping
 .text.HAL_NVIC_SetPriority
                0x34001136       0x3a ./Drivers/STM32N6xx_HAL_Driver/stm32n6xx_hal_cortex.o
                0x34001136                HAL_NVIC_SetPriority
 .text.HAL_SYSTICK_Config
                0x34001170       0x18 ./Drivers/STM32N6xx_HAL_Driver/stm32n6xx_hal_cortex.o
                0x34001170                HAL_SYSTICK_Config
 .text.HAL_GPIO_ConfigPinAttributes
                0x34001188       0x8e ./Drivers/STM32N6xx_HAL_Driver/stm32n6xx_hal_gpio.o
                0x34001188                HAL_GPIO_ConfigPinAttributes
 *fill*         0x34001216        0x2 
 .text.HAL_PWREx_EnableVddIO3
                0x34001218       0x20 ./Drivers/STM32N6xx_HAL_Driver/stm32n6xx_hal_pwr_ex.o
                0x34001218                HAL_PWREx_EnableVddIO3
 .text.HAL_PWREx_EnableVddIO4
                0x34001238       0x20 ./Drivers/STM32N6xx_HAL_Driver/stm32n6xx_hal_pwr_ex.o
                0x34001238                HAL_PWREx_EnableVddIO4
 .text.__libc_init_array
                0x34001258       0x48 C:/ST/STM32CubeIDE_2.1.1/STM32CubeIDE/plugins/com.st.stm32cube.ide.mcu.externaltools.gnu-tools-for-stm32.14.3.rel1.win32_1.0.100.202602081740/tools/bin/../lib/gcc/arm-none-eabi/14.3.1/../../../../arm-none-eabi/lib/thumb/v8-m.main+dp/hard\libc_nano.a(libc_a-init.o)
                0x34001258                __libc_init_array
 *(.glue_7)
 .glue_7        0x340012a0        0x0 linker stubs
 *(.glue_7t)
 .glue_7t       0x340012a0        0x0 linker stubs
 *(.eh_frame)
 .eh_frame      0x340012a0        0x0 C:/ST/STM32CubeIDE_2.1.1/STM32CubeIDE/plugins/com.st.stm32cube.ide.mcu.externaltools.gnu-tools-for-stm32.14.3.rel1.win32_1.0.100.202602081740/tools/bin/../lib/gcc/arm-none-eabi/14.3.1/thumb/v8-m.main+dp/hard/crtbegin.o
 *(.RamFunc)
 *(.RamFunc*)
 *(.init)
 .init          0x340012a0        0x4 C:/ST/STM32CubeIDE_2.1.1/STM32CubeIDE/plugins/com.st.stm32cube.ide.mcu.externaltools.gnu-tools-for-stm32.14.3.rel1.win32_1.0.100.202602081740/tools/bin/../lib/gcc/arm-none-eabi/14.3.1/thumb/v8-m.main+dp/hard/crti.o
                0x340012a0                _init
 .init          0x340012a4        0x8 C:/ST/STM32CubeIDE_2.1.1/STM32CubeIDE/plugins/com.st.stm32cube.ide.mcu.externaltools.gnu-tools-for-stm32.14.3.rel1.win32_1.0.100.202602081740/tools/bin/../lib/gcc/arm-none-eabi/14.3.1/thumb/v8-m.main+dp/hard/crtn.o
 *(.fini)
 .fini          0x340012ac        0x4 C:/ST/STM32CubeIDE_2.1.1/STM32CubeIDE/plugins/com.st.stm32cube.ide.mcu.externaltools.gnu-tools-for-stm32.14.3.rel1.win32_1.0.100.202602081740/tools/bin/../lib/gcc/arm-none-eabi/14.3.1/thumb/v8-m.main+dp/hard/crti.o
                0x340012ac                _fini
 .fini          0x340012b0        0x8 C:/ST/STM32CubeIDE_2.1.1/STM32CubeIDE/plugins/com.st.stm32cube.ide.mcu.externaltools.gnu-tools-for-stm32.14.3.rel1.win32_1.0.100.202602081740/tools/bin/../lib/gcc/arm-none-eabi/14.3.1/thumb/v8-m.main+dp/hard/crtn.o
                0x340012b8                        . = ALIGN (0x4)
                0x340012b8                        _etext = .

.vfp11_veneer   0x340012b8        0x0
 .vfp11_veneer  0x340012b8        0x0 linker stubs

.v4_bx          0x340012b8        0x0
 .v4_bx         0x340012b8        0x0 linker stubs

.iplt           0x340012b8        0x0
 .iplt          0x340012b8        0x0 C:/ST/STM32CubeIDE_2.1.1/STM32CubeIDE/plugins/com.st.stm32cube.ide.mcu.externaltools.gnu-tools-for-stm32.14.3.rel1.win32_1.0.100.202602081740/tools/bin/../lib/gcc/arm-none-eabi/14.3.1/thumb/v8-m.main+dp/hard/crtbegin.o

.rel.dyn        0x340012b8        0x0
 .rel.iplt      0x340012b8        0x0 C:/ST/STM32CubeIDE_2.1.1/STM32CubeIDE/plugins/com.st.stm32cube.ide.mcu.externaltools.gnu-tools-for-stm32.14.3.rel1.win32_1.0.100.202602081740/tools/bin/../lib/gcc/arm-none-eabi/14.3.1/thumb/v8-m.main+dp/hard/crtbegin.o

.rodata         0x340012b8        0x0
                0x340012b8                        . = ALIGN (0x4)
 *(.rodata)
 *(.rodata*)
                0x340012b8                        . = ALIGN (0x4)

.ARM.extab      0x340012b8        0x0
                0x340012b8                        . = ALIGN (0x4)
 *(.ARM.extab* .gnu.linkonce.armextab.*)
                0x340012b8                        . = ALIGN (0x4)

.ARM            0x340012b8        0x0
                0x340012b8                        . = ALIGN (0x4)
                0x340012b8                        __exidx_start = .
 *(.ARM.exidx*)
                0x340012b8                        __exidx_end = .
                0x340012b8                        . = ALIGN (0x4)

.preinit_array  0x340012b8        0x0
                0x340012b8                        . = ALIGN (0x4)
                0x340012b8                        PROVIDE (__preinit_array_start = .)
 *(.preinit_array*)
                0x340012b8                        PROVIDE (__preinit_array_end = .)
                0x340012b8                        . = ALIGN (0x4)

.init_array     0x340012b8        0x4
                0x340012b8                        . = ALIGN (0x4)
                0x340012b8                        PROVIDE (__init_array_start = .)
 *(SORT_BY_NAME(.init_array.*))
 *(.init_array*)
 .init_array    0x340012b8        0x4 C:/ST/STM32CubeIDE_2.1.1/STM32CubeIDE/plugins/com.st.stm32cube.ide.mcu.externaltools.gnu-tools-for-stm32.14.3.rel1.win32_1.0.100.202602081740/tools/bin/../lib/gcc/arm-none-eabi/14.3.1/thumb/v8-m.main+dp/hard/crtbegin.o
                0x340012bc                        PROVIDE (__init_array_end = .)
                0x340012bc                        . = ALIGN (0x4)

.fini_array     0x340012bc        0x4
                0x340012bc                        . = ALIGN (0x4)
                [!provide]                        PROVIDE (__fini_array_start = .)
 *(SORT_BY_NAME(.fini_array.*))
 *(.fini_array*)
 .fini_array    0x340012bc        0x4 C:/ST/STM32CubeIDE_2.1.1/STM32CubeIDE/plugins/com.st.stm32cube.ide.mcu.externaltools.gnu-tools-for-stm32.14.3.rel1.win32_1.0.100.202602081740/tools/bin/../lib/gcc/arm-none-eabi/14.3.1/thumb/v8-m.main+dp/hard/crtbegin.o
                [!provide]                        PROVIDE (__fini_array_end = .)
                0x340012c0                        . = ALIGN (0x4)
                0x340012c0                        _sidata = LOADADDR (.data)

.data           0x34064000        0xc load address 0x340012c0
                0x34064000                        . = ALIGN (0x4)
                0x34064000                        _sdata = .
 *(.data)
 *(.data*)
 .data.SystemCoreClock
                0x34064000        0x4 ./Core/Src/system_stm32n6xx_s.o
                0x34064000                SystemCoreClock
 .data.uwTickPrio
                0x34064004        0x4 ./Drivers/STM32N6xx_HAL_Driver/stm32n6xx_hal.o
                0x34064004                uwTickPrio
 .data.uwTickFreq
                0x34064008        0x1 ./Drivers/STM32N6xx_HAL_Driver/stm32n6xx_hal.o
                0x34064008                uwTickFreq
                0x3406400c                        . = ALIGN (0x4)
 *fill*         0x34064009        0x3 
                0x3406400c                        _edata = .

.igot.plt       0x3406400c        0x0 load address 0x340012cc
 .igot.plt      0x3406400c        0x0 C:/ST/STM32CubeIDE_2.1.1/STM32CubeIDE/plugins/com.st.stm32cube.ide.mcu.externaltools.gnu-tools-for-stm32.14.3.rel1.win32_1.0.100.202602081740/tools/bin/../lib/gcc/arm-none-eabi/14.3.1/thumb/v8-m.main+dp/hard/crtbegin.o

.noncacheable   0x3406400c        0x4 load address 0x340012cc
                0x34064010                        . = ALIGN (0x8)
 *fill*         0x3406400c        0x4 
                0x34064010                        __snoncacheable = .
 *(.noncacheable)
                0x34064010                        . = ALIGN (0x8)
                0x34064010                        __enoncacheable = .

.gnu.sgstubs    0x340012e0       0x20
                0x340012e0                        _sNSCVeneer = .
                0x340012e0                        . = ALIGN (0x4)
 *(.gnu.sgstubs*)
                0x340012e0                        . = ALIGN (0x4)
 .gnu.sgstubs.__stub
                0x340012e0       0x10 linker stubs
                0x340012e0                SECURE_SystemCoreClockUpdate
                0x340012e8                SECURE_RegisterCallback
                0x34001300                        _eNSCVeneer = .
                0x340012f0                        . = ALIGN (0x4)

.bss            0x34064010       0x28
                0x34064010                        _sbss = .
                0x34064010                        __bss_start__ = _sbss
 *(.bss)
 .bss           0x34064010       0x1c C:/ST/STM32CubeIDE_2.1.1/STM32CubeIDE/plugins/com.st.stm32cube.ide.mcu.externaltools.gnu-tools-for-stm32.14.3.rel1.win32_1.0.100.202602081740/tools/bin/../lib/gcc/arm-none-eabi/14.3.1/thumb/v8-m.main+dp/hard/crtbegin.o
 *(.bss*)
 .bss.pSecureFaultCallback
                0x3406402c        0x4 ./Core/Src/secure_nsc.o
                0x3406402c                pSecureFaultCallback
 .bss.pSecureErrorCallback
                0x34064030        0x4 ./Core/Src/secure_nsc.o
                0x34064030                pSecureErrorCallback
 .bss.uwTick    0x34064034        0x4 ./Drivers/STM32N6xx_HAL_Driver/stm32n6xx_hal.o
                0x34064034                uwTick
 *(COMMON)
                0x34064038                        . = ALIGN (0x4)
                0x34064038                        _ebss = .
                0x34064038                        __bss_end__ = _ebss

._user_heap_stack
                0x34064038      0xa00
                0x34064038                        . = ALIGN (0x8)
                [!provide]                        PROVIDE (end = .)
                0x34064038                        PROVIDE (_end = .)
                0x34064238                        . = (. + _Min_Heap_Size)
 *fill*         0x34064038      0x200 
                0x34064a38                        . = (. + _Min_Stack_Size)
 *fill*         0x34064238      0x800 
                0x34064a38                        . = ALIGN (0x8)

/DISCARD/
 libc.a(*)
 libm.a(*)
 libgcc.a(*)

.ARM.attributes
                0x00000000       0x3a
 *(.ARM.attributes)
 .ARM.attributes
                0x00000000       0x24 C:/ST/STM32CubeIDE_2.1.1/STM32CubeIDE/plugins/com.st.stm32cube.ide.mcu.externaltools.gnu-tools-for-stm32.14.3.rel1.win32_1.0.100.202602081740/tools/bin/../lib/gcc/arm-none-eabi/14.3.1/thumb/v8-m.main+dp/hard/crti.o
 .ARM.attributes
                0x00000024       0x36 C:/ST/STM32CubeIDE_2.1.1/STM32CubeIDE/plugins/com.st.stm32cube.ide.mcu.externaltools.gnu-tools-for-stm32.14.3.rel1.win32_1.0.100.202602081740/tools/bin/../lib/gcc/arm-none-eabi/14.3.1/thumb/v8-m.main+dp/hard/crtbegin.o
 .ARM.attributes
                0x0000005a       0x3e ./Core/Src/main.o
 .ARM.attributes
                0x00000098       0x3e ./Core/Src/secure_nsc.o
 .ARM.attributes
                0x000000d6       0x3e ./Core/Src/stm32n6xx_hal_msp.o
 .ARM.attributes
                0x00000114       0x3e ./Core/Src/stm32n6xx_it.o
 .ARM.attributes
                0x00000152       0x3e ./Core/Src/system_stm32n6xx_s.o
 .ARM.attributes
                0x00000190       0x22 ./Core/Startup/startup_stm32n657i0hxq.o
 .ARM.attributes
                0x000001b2       0x3e ./Drivers/STM32N6xx_HAL_Driver/stm32n6xx_hal.o
 .ARM.attributes
                0x000001f0       0x3e ./Drivers/STM32N6xx_HAL_Driver/stm32n6xx_hal_cortex.o
 .ARM.attributes
                0x0000022e       0x3e ./Drivers/STM32N6xx_HAL_Driver/stm32n6xx_hal_gpio.o
 .ARM.attributes
                0x0000026c       0x3e ./Drivers/STM32N6xx_HAL_Driver/stm32n6xx_hal_pwr_ex.o
 .ARM.attributes
                0x000002aa       0x36 C:/ST/STM32CubeIDE_2.1.1/STM32CubeIDE/plugins/com.st.stm32cube.ide.mcu.externaltools.gnu-tools-for-stm32.14.3.rel1.win32_1.0.100.202602081740/tools/bin/../lib/gcc/arm-none-eabi/14.3.1/../../../../arm-none-eabi/lib/thumb/v8-m.main+dp/hard\libc_nano.a(libc_a-init.o)
 .ARM.attributes
                0x000002e0       0x24 C:/ST/STM32CubeIDE_2.1.1/STM32CubeIDE/plugins/com.st.stm32cube.ide.mcu.externaltools.gnu-tools-for-stm32.14.3.rel1.win32_1.0.100.202602081740/tools/bin/../lib/gcc/arm-none-eabi/14.3.1/thumb/v8-m.main+dp/hard/crtn.o
OUTPUT(SOFTWARE_AppliSecure.elf elf32-littlearm)
LOAD linker stubs
LOAD C:/ST/STM32CubeIDE_2.1.1/STM32CubeIDE/plugins/com.st.stm32cube.ide.mcu.externaltools.gnu-tools-for-stm32.14.3.rel1.win32_1.0.100.202602081740/tools/bin/../lib/gcc/arm-none-eabi/14.3.1/../../../../arm-none-eabi/lib/thumb/v8-m.main+dp/hard\libc.a
LOAD C:/ST/STM32CubeIDE_2.1.1/STM32CubeIDE/plugins/com.st.stm32cube.ide.mcu.externaltools.gnu-tools-for-stm32.14.3.rel1.win32_1.0.100.202602081740/tools/bin/../lib/gcc/arm-none-eabi/14.3.1/../../../../arm-none-eabi/lib/thumb/v8-m.main+dp/hard\libm.a
LOAD C:/ST/STM32CubeIDE_2.1.1/STM32CubeIDE/plugins/com.st.stm32cube.ide.mcu.externaltools.gnu-tools-for-stm32.14.3.rel1.win32_1.0.100.202602081740/tools/bin/../lib/gcc/arm-none-eabi/14.3.1/thumb/v8-m.main+dp/hard\libgcc.a

.debug_info     0x00000000     0x8a90
 .debug_info    0x00000000     0x184f ./Core/Src/main.o
 .debug_info    0x0000184f      0x103 ./Core/Src/secure_nsc.o
 .debug_info    0x00001952       0xad ./Core/Src/stm32n6xx_hal_msp.o
 .debug_info    0x000019ff      0x138 ./Core/Src/stm32n6xx_it.o
 .debug_info    0x00001b37     0x1ab2 ./Core/Src/system_stm32n6xx_s.o
 .debug_info    0x000035e9       0x30 ./Core/Startup/startup_stm32n657i0hxq.o
 .debug_info    0x00003619     0x27e2 ./Drivers/STM32N6xx_HAL_Driver/stm32n6xx_hal.o
 .debug_info    0x00005dfb     0x1490 ./Drivers/STM32N6xx_HAL_Driver/stm32n6xx_hal_cortex.o
 .debug_info    0x0000728b      0xafd ./Drivers/STM32N6xx_HAL_Driver/stm32n6xx_hal_gpio.o
 .debug_info    0x00007d88      0xd08 ./Drivers/STM32N6xx_HAL_Driver/stm32n6xx_hal_pwr_ex.o

.debug_abbrev   0x00000000     0x101c
 .debug_abbrev  0x00000000      0x260 ./Core/Src/main.o
 .debug_abbrev  0x00000260       0x9f ./Core/Src/secure_nsc.o
 .debug_abbrev  0x000002ff       0x5a ./Core/Src/stm32n6xx_hal_msp.o
 .debug_abbrev  0x00000359       0x73 ./Core/Src/stm32n6xx_it.o
 .debug_abbrev  0x000003cc      0x177 ./Core/Src/system_stm32n6xx_s.o
 .debug_abbrev  0x00000543       0x24 ./Core/Startup/startup_stm32n657i0hxq.o
 .debug_abbrev  0x00000567      0x2bd ./Drivers/STM32N6xx_HAL_Driver/stm32n6xx_hal.o
 .debug_abbrev  0x00000824      0x346 ./Drivers/STM32N6xx_HAL_Driver/stm32n6xx_hal_cortex.o
 .debug_abbrev  0x00000b6a      0x24d ./Drivers/STM32N6xx_HAL_Driver/stm32n6xx_hal_gpio.o
 .debug_abbrev  0x00000db7      0x265 ./Drivers/STM32N6xx_HAL_Driver/stm32n6xx_hal_pwr_ex.o

.debug_aranges  0x00000000      0x9a0
 .debug_aranges
                0x00000000       0x48 ./Core/Src/main.o
 .debug_aranges
                0x00000048       0x20 ./Core/Src/secure_nsc.o
 .debug_aranges
                0x00000068       0x20 ./Core/Src/stm32n6xx_hal_msp.o
 .debug_aranges
                0x00000088       0x68 ./Core/Src/stm32n6xx_it.o
 .debug_aranges
                0x000000f0       0x38 ./Core/Src/system_stm32n6xx_s.o
 .debug_aranges
                0x00000128       0x28 ./Core/Startup/startup_stm32n657i0hxq.o
 .debug_aranges
                0x00000150      0x3d0 ./Drivers/STM32N6xx_HAL_Driver/stm32n6xx_hal.o
 .debug_aranges
                0x00000520      0x178 ./Drivers/STM32N6xx_HAL_Driver/stm32n6xx_hal_cortex.o
 .debug_aranges
                0x00000698       0xa8 ./Drivers/STM32N6xx_HAL_Driver/stm32n6xx_hal_gpio.o
 .debug_aranges
                0x00000740      0x260 ./Drivers/STM32N6xx_HAL_Driver/stm32n6xx_hal_pwr_ex.o

.debug_rnglists
                0x00000000      0x718
 .debug_rnglists
                0x00000000       0x32 ./Core/Src/main.o
 .debug_rnglists
                0x00000032       0x13 ./Core/Src/secure_nsc.o
 .debug_rnglists
                0x00000045       0x13 ./Core/Src/stm32n6xx_hal_msp.o
 .debug_rnglists
                0x00000058       0x49 ./Core/Src/stm32n6xx_it.o
 .debug_rnglists
                0x000000a1       0x26 ./Core/Src/system_stm32n6xx_s.o
 .debug_rnglists
                0x000000c7       0x19 ./Core/Startup/startup_stm32n657i0hxq.o
 .debug_rnglists
                0x000000e0      0x2da ./Drivers/STM32N6xx_HAL_Driver/stm32n6xx_hal.o
 .debug_rnglists
                0x000003ba      0x115 ./Drivers/STM32N6xx_HAL_Driver/stm32n6xx_hal_cortex.o
 .debug_rnglists
                0x000004cf       0x80 ./Drivers/STM32N6xx_HAL_Driver/stm32n6xx_hal_gpio.o
 .debug_rnglists
                0x0000054f      0x1c9 ./Drivers/STM32N6xx_HAL_Driver/stm32n6xx_hal_pwr_ex.o

.debug_macro    0x00000000    0x50f32
 .debug_macro   0x00000000      0x2a7 ./Core/Src/main.o
 .debug_macro   0x000002a7      0xb5c ./Core/Src/main.o
 .debug_macro   0x00000e03       0x16 ./Core/Src/main.o
 .debug_macro   0x00000e19      0x1d3 ./Core/Src/main.o
 .debug_macro   0x00000fec      0x190 ./Core/Src/main.o
 .debug_macro   0x0000117c       0x63 ./Core/Src/main.o
 .debug_macro   0x000011df       0x2e ./Core/Src/main.o
 .debug_macro   0x0000120d       0x6c ./Core/Src/main.o
 .debug_macro   0x00001279       0x22 ./Core/Src/main.o
 .debug_macro   0x0000129b       0x8e ./Core/Src/main.o
 .debug_macro   0x00001329       0x51 ./Core/Src/main.o
 .debug_macro   0x0000137a      0x103 ./Core/Src/main.o
 .debug_macro   0x0000147d       0x6a ./Core/Src/main.o
 .debug_macro   0x000014e7      0x1df ./Core/Src/main.o
 .debug_macro   0x000016c6       0x2e ./Core/Src/main.o
 .debug_macro   0x000016f4       0x17 ./Core/Src/main.o
 .debug_macro   0x0000170b       0x58 ./Core/Src/main.o
 .debug_macro   0x00001763      0x26d ./Core/Src/main.o
 .debug_macro   0x000019d0       0x3a ./Core/Src/main.o
 .debug_macro   0x00001a0a     0x2f0c ./Core/Src/main.o
 .debug_macro   0x00004916      0x130 ./Core/Src/main.o
 .debug_macro   0x00004a46      0x344 ./Core/Src/main.o
 .debug_macro   0x00004d8a      0x146 ./Core/Src/main.o
 .debug_macro   0x00004ed0       0x22 ./Core/Src/main.o
 .debug_macro   0x00004ef2    0x3e927 ./Core/Src/main.o
 .debug_macro   0x00043819       0x6c ./Core/Src/main.o
 .debug_macro   0x00043885     0x3486 ./Core/Src/main.o
 .debug_macro   0x00046d0b       0x61 ./Core/Src/main.o
 .debug_macro   0x00046d6c       0x29 ./Core/Src/main.o
 .debug_macro   0x00046d95       0x43 ./Core/Src/main.o
 .debug_macro   0x00046dd8       0x34 ./Core/Src/main.o
 .debug_macro   0x00046e0c      0x364 ./Core/Src/main.o
 .debug_macro   0x00047170       0x16 ./Core/Src/main.o
 .debug_macro   0x00047186       0x4a ./Core/Src/main.o
 .debug_macro   0x000471d0       0x34 ./Core/Src/main.o
 .debug_macro   0x00047204       0x10 ./Core/Src/main.o
 .debug_macro   0x00047214       0x58 ./Core/Src/main.o
 .debug_macro   0x0004726c       0x8e ./Core/Src/main.o
 .debug_macro   0x000472fa       0x1c ./Core/Src/main.o
 .debug_macro   0x00047316      0x17e ./Core/Src/main.o
 .debug_macro   0x00047494      0x19b ./Core/Src/main.o
 .debug_macro   0x0004762f       0x72 ./Core/Src/main.o
 .debug_macro   0x000476a1      0x47a ./Core/Src/main.o
 .debug_macro   0x00047b1b     0x10fe ./Core/Src/main.o
 .debug_macro   0x00048c19     0x27e2 ./Core/Src/main.o
 .debug_macro   0x0004b3fb      0xfd4 ./Core/Src/main.o
 .debug_macro   0x0004c3cf      0x1af ./Core/Src/main.o
 .debug_macro   0x0004c57e      0x2c9 ./Core/Src/main.o
 .debug_macro   0x0004c847      0x2c4 ./Core/Src/main.o
 .debug_macro   0x0004cb0b      0x781 ./Core/Src/main.o
 .debug_macro   0x0004d28c      0xa36 ./Core/Src/main.o
 .debug_macro   0x0004dcc2      0x7b2 ./Core/Src/main.o
 .debug_macro   0x0004e474       0xeb ./Core/Src/main.o
 .debug_macro   0x0004e55f      0x216 ./Core/Src/main.o
 .debug_macro   0x0004e775      0x36b ./Core/Src/main.o
 .debug_macro   0x0004eae0      0x303 ./Core/Src/main.o
 .debug_macro   0x0004ede3      0x46a ./Core/Src/main.o
 .debug_macro   0x0004f24d      0x5fb ./Core/Src/main.o
 .debug_macro   0x0004f848      0x2a5 ./Core/Src/secure_nsc.o
 .debug_macro   0x0004faed      0x29b ./Core/Src/stm32n6xx_hal_msp.o
 .debug_macro   0x0004fd88      0x2a5 ./Core/Src/stm32n6xx_it.o
 .debug_macro   0x0005002d      0x2b8 ./Core/Src/system_stm32n6xx_s.o
 .debug_macro   0x000502e5      0x1a9 ./Core/Src/system_stm32n6xx_s.o
 .debug_macro   0x0005048e      0x298 ./Drivers/STM32N6xx_HAL_Driver/stm32n6xx_hal.o
 .debug_macro   0x00050726      0x293 ./Drivers/STM32N6xx_HAL_Driver/stm32n6xx_hal_cortex.o
 .debug_macro   0x000509b9      0x299 ./Drivers/STM32N6xx_HAL_Driver/stm32n6xx_hal_gpio.o
 .debug_macro   0x00050c52      0x2e0 ./Drivers/STM32N6xx_HAL_Driver/stm32n6xx_hal_pwr_ex.o

.debug_line     0x00000000     0x7ac5
 .debug_line    0x00000000      0x972 ./Core/Src/main.o
 .debug_line    0x00000972      0x8dd ./Core/Src/secure_nsc.o
 .debug_line    0x0000124f      0x8ad ./Core/Src/stm32n6xx_hal_msp.o
 .debug_line    0x00001afc      0x971 ./Core/Src/stm32n6xx_it.o
 .debug_line    0x0000246d      0xb33 ./Core/Src/system_stm32n6xx_s.o
 .debug_line    0x00002fa0       0x7e ./Core/Startup/startup_stm32n657i0hxq.o
 .debug_line    0x0000301e     0x1672 ./Drivers/STM32N6xx_HAL_Driver/stm32n6xx_hal.o
 .debug_line    0x00004690     0x1015 ./Drivers/STM32N6xx_HAL_Driver/stm32n6xx_hal_cortex.o
 .debug_line    0x000056a5     0x1097 ./Drivers/STM32N6xx_HAL_Driver/stm32n6xx_hal_gpio.o
 .debug_line    0x0000673c     0x1389 ./Drivers/STM32N6xx_HAL_Driver/stm32n6xx_hal_pwr_ex.o

.debug_str      0x00000000   0x207117
 .debug_str     0x00000000   0x207117 ./Core/Src/main.o
                             0x203c62 (size before relaxing)
 .debug_str     0x00207117   0x202f37 ./Core/Src/secure_nsc.o
 .debug_str     0x00207117   0x202edc ./Core/Src/stm32n6xx_hal_msp.o
 .debug_str     0x00207117   0x202f5f ./Core/Src/stm32n6xx_it.o
 .debug_str     0x00207117   0x204328 ./Core/Src/system_stm32n6xx_s.o
 .debug_str     0x00207117       0x88 ./Core/Startup/startup_stm32n657i0hxq.o
 .debug_str     0x00207117   0x205611 ./Drivers/STM32N6xx_HAL_Driver/stm32n6xx_hal.o
 .debug_str     0x00207117   0x2040e5 ./Drivers/STM32N6xx_HAL_Driver/stm32n6xx_hal_cortex.o
 .debug_str     0x00207117   0x203340 ./Drivers/STM32N6xx_HAL_Driver/stm32n6xx_hal_gpio.o
 .debug_str     0x00207117   0x203b7a ./Drivers/STM32N6xx_HAL_Driver/stm32n6xx_hal_pwr_ex.o

.comment        0x00000000       0x43
 .comment       0x00000000       0x43 ./Core/Src/main.o
                                 0x44 (size before relaxing)
 .comment       0x00000043       0x44 ./Core/Src/secure_nsc.o
 .comment       0x00000043       0x44 ./Core/Src/stm32n6xx_hal_msp.o
 .comment       0x00000043       0x44 ./Core/Src/stm32n6xx_it.o
 .comment       0x00000043       0x44 ./Core/Src/system_stm32n6xx_s.o
 .comment       0x00000043       0x44 ./Drivers/STM32N6xx_HAL_Driver/stm32n6xx_hal.o
 .comment       0x00000043       0x44 ./Drivers/STM32N6xx_HAL_Driver/stm32n6xx_hal_cortex.o
 .comment       0x00000043       0x44 ./Drivers/STM32N6xx_HAL_Driver/stm32n6xx_hal_gpio.o
 .comment       0x00000043       0x44 ./Drivers/STM32N6xx_HAL_Driver/stm32n6xx_hal_pwr_ex.o

.debug_frame    0x00000000     0x22b0
 .debug_frame   0x00000000       0xcc ./Core/Src/main.o
 .debug_frame   0x000000cc       0x38 ./Core/Src/secure_nsc.o
 .debug_frame   0x00000104       0x2c ./Core/Src/stm32n6xx_hal_msp.o
 .debug_frame   0x00000130      0x110 ./Core/Src/stm32n6xx_it.o
 .debug_frame   0x00000240       0x98 ./Core/Src/system_stm32n6xx_s.o
 .debug_frame   0x000002d8      0xeac ./Drivers/STM32N6xx_HAL_Driver/stm32n6xx_hal.o
 .debug_frame   0x00001184      0x5f4 ./Drivers/STM32N6xx_HAL_Driver/stm32n6xx_hal_cortex.o
 .debug_frame   0x00001778      0x298 ./Drivers/STM32N6xx_HAL_Driver/stm32n6xx_hal_gpio.o
 .debug_frame   0x00001a10      0x874 ./Drivers/STM32N6xx_HAL_Driver/stm32n6xx_hal_pwr_ex.o
 .debug_frame   0x00002284       0x2c C:/ST/STM32CubeIDE_2.1.1/STM32CubeIDE/plugins/com.st.stm32cube.ide.mcu.externaltools.gnu-tools-for-stm32.14.3.rel1.win32_1.0.100.202602081740/tools/bin/../lib/gcc/arm-none-eabi/14.3.1/../../../../arm-none-eabi/lib/thumb/v8-m.main+dp/hard\libc_nano.a(libc_a-init.o)

.debug_line_str
                0x00000000       0x6c
 .debug_line_str
                0x00000000       0x6c ./Core/Startup/startup_stm32n657i0hxq.o
