Archive member included to satisfy reference by file (symbol)

C:/ST/STM32CubeIDE_2.1.1/STM32CubeIDE/plugins/com.st.stm32cube.ide.mcu.externaltools.gnu-tools-for-stm32.14.3.rel1.win32_1.0.100.202602081740/tools/bin/../lib/gcc/arm-none-eabi/14.3.1/../../../../arm-none-eabi/lib/thumb/v8-m.main+dp/hard\libc_nano.a(libc_a-exit.o)
                              C:/ST/STM32CubeIDE_2.1.1/STM32CubeIDE/plugins/com.st.stm32cube.ide.mcu.externaltools.gnu-tools-for-stm32.14.3.rel1.win32_1.0.100.202602081740/tools/bin/../lib/gcc/arm-none-eabi/14.3.1/../../../../arm-none-eabi/lib/thumb/v8-m.main+dp/hard/crt0.o (exit)
C:/ST/STM32CubeIDE_2.1.1/STM32CubeIDE/plugins/com.st.stm32cube.ide.mcu.externaltools.gnu-tools-for-stm32.14.3.rel1.win32_1.0.100.202602081740/tools/bin/../lib/gcc/arm-none-eabi/14.3.1/../../../../arm-none-eabi/lib/thumb/v8-m.main+dp/hard\libc_nano.a(libc_a-findfp.o)
                              C:/ST/STM32CubeIDE_2.1.1/STM32CubeIDE/plugins/com.st.stm32cube.ide.mcu.externaltools.gnu-tools-for-stm32.14.3.rel1.win32_1.0.100.202602081740/tools/bin/../lib/gcc/arm-none-eabi/14.3.1/../../../../arm-none-eabi/lib/thumb/v8-m.main+dp/hard\libc_nano.a(libc_a-exit.o) (__stdio_exit_handler)
C:/ST/STM32CubeIDE_2.1.1/STM32CubeIDE/plugins/com.st.stm32cube.ide.mcu.externaltools.gnu-tools-for-stm32.14.3.rel1.win32_1.0.100.202602081740/tools/bin/../lib/gcc/arm-none-eabi/14.3.1/../../../../arm-none-eabi/lib/thumb/v8-m.main+dp/hard\libc_nano.a(libc_a-fwalk.o)
                              C:/ST/STM32CubeIDE_2.1.1/STM32CubeIDE/plugins/com.st.stm32cube.ide.mcu.externaltools.gnu-tools-for-stm32.14.3.rel1.win32_1.0.100.202602081740/tools/bin/../lib/gcc/arm-none-eabi/14.3.1/../../../../arm-none-eabi/lib/thumb/v8-m.main+dp/hard\libc_nano.a(libc_a-findfp.o) (_fwalk_sglue)
C:/ST/STM32CubeIDE_2.1.1/STM32CubeIDE/plugins/com.st.stm32cube.ide.mcu.externaltools.gnu-tools-for-stm32.14.3.rel1.win32_1.0.100.202602081740/tools/bin/../lib/gcc/arm-none-eabi/14.3.1/../../../../arm-none-eabi/lib/thumb/v8-m.main+dp/hard\libc_nano.a(libc_a-stdio.o)
                              C:/ST/STM32CubeIDE_2.1.1/STM32CubeIDE/plugins/com.st.stm32cube.ide.mcu.externaltools.gnu-tools-for-stm32.14.3.rel1.win32_1.0.100.202602081740/tools/bin/../lib/gcc/arm-none-eabi/14.3.1/../../../../arm-none-eabi/lib/thumb/v8-m.main+dp/hard\libc_nano.a(libc_a-findfp.o) (__sread)
C:/ST/STM32CubeIDE_2.1.1/STM32CubeIDE/plugins/com.st.stm32cube.ide.mcu.externaltools.gnu-tools-for-stm32.14.3.rel1.win32_1.0.100.202602081740/tools/bin/../lib/gcc/arm-none-eabi/14.3.1/../../../../arm-none-eabi/lib/thumb/v8-m.main+dp/hard\libc_nano.a(libc_a-memset.o)
                              C:/ST/STM32CubeIDE_2.1.1/STM32CubeIDE/plugins/com.st.stm32cube.ide.mcu.externaltools.gnu-tools-for-stm32.14.3.rel1.win32_1.0.100.202602081740/tools/bin/../lib/gcc/arm-none-eabi/14.3.1/../../../../arm-none-eabi/lib/thumb/v8-m.main+dp/hard/crt0.o (memset)
C:/ST/STM32CubeIDE_2.1.1/STM32CubeIDE/plugins/com.st.stm32cube.ide.mcu.externaltools.gnu-tools-for-stm32.14.3.rel1.win32_1.0.100.202602081740/tools/bin/../lib/gcc/arm-none-eabi/14.3.1/../../../../arm-none-eabi/lib/thumb/v8-m.main+dp/hard\libc_nano.a(libc_a-closer.o)
                              C:/ST/STM32CubeIDE_2.1.1/STM32CubeIDE/plugins/com.st.stm32cube.ide.mcu.externaltools.gnu-tools-for-stm32.14.3.rel1.win32_1.0.100.202602081740/tools/bin/../lib/gcc/arm-none-eabi/14.3.1/../../../../arm-none-eabi/lib/thumb/v8-m.main+dp/hard\libc_nano.a(libc_a-stdio.o) (_close_r)
C:/ST/STM32CubeIDE_2.1.1/STM32CubeIDE/plugins/com.st.stm32cube.ide.mcu.externaltools.gnu-tools-for-stm32.14.3.rel1.win32_1.0.100.202602081740/tools/bin/../lib/gcc/arm-none-eabi/14.3.1/../../../../arm-none-eabi/lib/thumb/v8-m.main+dp/hard\libc_nano.a(libc_a-reent.o)
                              C:/ST/STM32CubeIDE_2.1.1/STM32CubeIDE/plugins/com.st.stm32cube.ide.mcu.externaltools.gnu-tools-for-stm32.14.3.rel1.win32_1.0.100.202602081740/tools/bin/../lib/gcc/arm-none-eabi/14.3.1/../../../../arm-none-eabi/lib/thumb/v8-m.main+dp/hard\libc_nano.a(libc_a-closer.o) (errno)
C:/ST/STM32CubeIDE_2.1.1/STM32CubeIDE/plugins/com.st.stm32cube.ide.mcu.externaltools.gnu-tools-for-stm32.14.3.rel1.win32_1.0.100.202602081740/tools/bin/../lib/gcc/arm-none-eabi/14.3.1/../../../../arm-none-eabi/lib/thumb/v8-m.main+dp/hard\libc_nano.a(libc_a-impure.o)
                              C:/ST/STM32CubeIDE_2.1.1/STM32CubeIDE/plugins/com.st.stm32cube.ide.mcu.externaltools.gnu-tools-for-stm32.14.3.rel1.win32_1.0.100.202602081740/tools/bin/../lib/gcc/arm-none-eabi/14.3.1/../../../../arm-none-eabi/lib/thumb/v8-m.main+dp/hard\libc_nano.a(libc_a-reent.o) (_impure_ptr)
C:/ST/STM32CubeIDE_2.1.1/STM32CubeIDE/plugins/com.st.stm32cube.ide.mcu.externaltools.gnu-tools-for-stm32.14.3.rel1.win32_1.0.100.202602081740/tools/bin/../lib/gcc/arm-none-eabi/14.3.1/../../../../arm-none-eabi/lib/thumb/v8-m.main+dp/hard\libc_nano.a(libc_a-lseekr.o)
[...]
Memory Configuration

Name             Origin             Length             Attributes
ROM              0x24100400         0x0007fc00         xrw
RAM              0x24180000         0x00080000         xrw
*default*        0x00000000         0xffffffff

Linker script and memory map

LOAD C:/ST/STM32CubeIDE_2.1.1/STM32CubeIDE/plugins/com.st.stm32cube.ide.mcu.externaltools.gnu-tools-for-stm32.14.3.rel1.win32_1.0.100.202602081740/tools/bin/../lib/gcc/arm-none-eabi/14.3.1/thumb/v8-m.main+dp/hard/crti.o
LOAD C:/ST/STM32CubeIDE_2.1.1/STM32CubeIDE/plugins/com.st.stm32cube.ide.mcu.externaltools.gnu-tools-for-stm32.14.3.rel1.win32_1.0.100.202602081740/tools/bin/../lib/gcc/arm-none-eabi/14.3.1/thumb/v8-m.main+dp/hard/crtbegin.o
LOAD C:/ST/STM32CubeIDE_2.1.1/STM32CubeIDE/plugins/com.st.stm32cube.ide.mcu.externaltools.gnu-tools-for-stm32.14.3.rel1.win32_1.0.100.202602081740/tools/bin/../lib/gcc/arm-none-eabi/14.3.1/../../../../arm-none-eabi/lib/thumb/v8-m.main+dp/hard/crt0.o
LOAD ./Core/Src/cacheaxi.o
LOAD ./Core/Src/csi.o
LOAD ./Core/Src/gpio.o
LOAD ./Core/Src/main.o
LOAD ./Core/Src/sdmmc.o
LOAD ./Core/Src/stm32n6xx_hal_msp.o
LOAD ./Core/Src/stm32n6xx_it.o
LOAD ./Core/Src/syscalls.o
LOAD ./Core/Src/sysmem.o
LOAD ./Core/Src/system_stm32n6xx_ns.o
LOAD ./Core/Src/usb_otg.o
LOAD ./Core/Src/xspi.o
LOAD ./Core/Src/xspim.o
LOAD ./Core/Startup/startup_stm32n657i0hxq.o
LOAD ./Drivers/STM32N6xx_HAL_Driver/stm32n6xx_hal.o
LOAD ./Drivers/STM32N6xx_HAL_Driver/stm32n6xx_hal_cacheaxi.o
LOAD ./Drivers/STM32N6xx_HAL_Driver/stm32n6xx_hal_cortex.o
LOAD ./Drivers/STM32N6xx_HAL_Driver/stm32n6xx_hal_dma.o
LOAD ./Drivers/STM32N6xx_HAL_Driver/stm32n6xx_hal_dma_ex.o
LOAD ./Drivers/STM32N6xx_HAL_Driver/stm32n6xx_hal_exti.o
LOAD ./Drivers/STM32N6xx_HAL_Driver/stm32n6xx_hal_gpio.o
LOAD ./Drivers/STM32N6xx_HAL_Driver/stm32n6xx_hal_mmc.o
LOAD ./Drivers/STM32N6xx_HAL_Driver/stm32n6xx_hal_mmc_ex.o
LOAD ./Drivers/STM32N6xx_HAL_Driver/stm32n6xx_hal_pcd.o
LOAD ./Drivers/STM32N6xx_HAL_Driver/stm32n6xx_hal_pcd_ex.o
LOAD ./Drivers/STM32N6xx_HAL_Driver/stm32n6xx_hal_pwr.o
LOAD ./Drivers/STM32N6xx_HAL_Driver/stm32n6xx_hal_pwr_ex.o
LOAD ./Drivers/STM32N6xx_HAL_Driver/stm32n6xx_hal_rcc.o
LOAD ./Drivers/STM32N6xx_HAL_Driver/stm32n6xx_hal_rcc_ex.o
LOAD ./Drivers/STM32N6xx_HAL_Driver/stm32n6xx_hal_sd.o
LOAD ./Drivers/STM32N6xx_HAL_Driver/stm32n6xx_hal_sd_ex.o
LOAD ./Drivers/STM32N6xx_HAL_Driver/stm32n6xx_hal_sdio.o
LOAD ./Drivers/STM32N6xx_HAL_Driver/stm32n6xx_hal_tim.o
LOAD ./Drivers/STM32N6xx_HAL_Driver/stm32n6xx_hal_tim_ex.o
LOAD ./Drivers/STM32N6xx_HAL_Driver/stm32n6xx_hal_xspi.o
LOAD ./Drivers/STM32N6xx_HAL_Driver/stm32n6xx_ll_sdmmc.o
LOAD ./Drivers/STM32N6xx_HAL_Driver/stm32n6xx_ll_usb.o
LOAD C:/Users/mathi/Documents/GitHub/YOLO_N6/SOFTWARE/AppliSecure/Debug/secure_nsclib.o
START GROUP
LOAD C:/ST/STM32CubeIDE_2.1.1/STM32CubeIDE/plugins/com.st.stm32cube.ide.mcu.externaltools.gnu-tools-for-stm32.14.3.rel1.win32_1.0.100.202602081740/tools/bin/../lib/gcc/arm-none-eabi/14.3.1/../../../../arm-none-eabi/lib/thumb/v8-m.main+dp/hard\libc_nano.a
LOAD C:/ST/STM32CubeIDE_2.1.1/STM32CubeIDE/plugins/com.st.stm32cube.ide.mcu.externaltools.gnu-tools-for-stm32.14.3.rel1.win32_1.0.100.202602081740/tools/bin/../lib/gcc/arm-none-eabi/14.3.1/../../../../arm-none-eabi/lib/thumb/v8-m.main+dp/hard\libm.a
END GROUP
START GROUP
LOAD C:/ST/STM32CubeIDE_2.1.1/STM32CubeIDE/plugins/com.st.stm32cube.ide.mcu.externaltools.gnu-tools-for-stm32.14.3.rel1.win32_1.0.100.202602081740/tools/bin/../lib/gcc/arm-none-eabi/14.3.1/thumb/v8-m.main+dp/hard\libgcc.a
LOAD C:/ST/STM32CubeIDE_2.1.1/STM32CubeIDE/plugins/com.st.stm32cube.ide.mcu.externaltools.gnu-tools-for-stm32.14.3.rel1.win32_1.0.100.202602081740/tools/bin/../lib/gcc/arm-none-eabi/14.3.1/../../../../arm-none-eabi/lib/thumb/v8-m.main+dp/hard\libc_nano.a
END GROUP
START GROUP
LOAD C:/ST/STM32CubeIDE_2.1.1/STM32CubeIDE/plugins/com.st.stm32cube.ide.mcu.externaltools.gnu-tools-for-stm32.14.3.rel1.win32_1.0.100.202602081740/tools/bin/../lib/gcc/arm-none-eabi/14.3.1/thumb/v8-m.main+dp/hard\libgcc.a
LOAD C:/ST/STM32CubeIDE_2.1.1/STM32CubeIDE/plugins/com.st.stm32cube.ide.mcu.externaltools.gnu-tools-for-stm32.14.3.rel1.win32_1.0.100.202602081740/tools/bin/../lib/gcc/arm-none-eabi/14.3.1/../../../../arm-none-eabi/lib/thumb/v8-m.main+dp/hard\libc_nano.a
LOAD C:/ST/STM32CubeIDE_2.1.1/STM32CubeIDE/plugins/com.st.stm32cube.ide.mcu.externaltools.gnu-tools-for-stm32.14.3.rel1.win32_1.0.100.202602081740/tools/bin/../lib/gcc/arm-none-eabi/14.3.1/../../../../arm-none-eabi/lib/thumb/v8-m.main+dp/hard\libnosys.a
END GROUP
START GROUP
LOAD C:/ST/STM32CubeIDE_2.1.1/STM32CubeIDE/plugins/com.st.stm32cube.ide.mcu.externaltools.gnu-tools-for-stm32.14.3.rel1.win32_1.0.100.202602081740/tools/bin/../lib/gcc/arm-none-eabi/14.3.1/thumb/v8-m.main+dp/hard\libgcc.a
LOAD C:/ST/STM32CubeIDE_2.1.1/STM32CubeIDE/plugins/com.st.stm32cube.ide.mcu.externaltools.gnu-tools-for-stm32.14.3.rel1.win32_1.0.100.202602081740/tools/bin/../lib/gcc/arm-none-eabi/14.3.1/../../../../arm-none-eabi/lib/thumb/v8-m.main+dp/hard\libc_nano.a
LOAD C:/ST/STM32CubeIDE_2.1.1/STM32CubeIDE/plugins/com.st.stm32cube.ide.mcu.externaltools.gnu-tools-for-stm32.14.3.rel1.win32_1.0.100.202602081740/tools/bin/../lib/gcc/arm-none-eabi/14.3.1/../../../../arm-none-eabi/lib/thumb/v8-m.main+dp/hard\libnosys.a
END GROUP
LOAD C:/ST/STM32CubeIDE_2.1.1/STM32CubeIDE/plugins/com.st.stm32cube.ide.mcu.externaltools.gnu-tools-for-stm32.14.3.rel1.win32_1.0.100.202602081740/tools/bin/../lib/gcc/arm-none-eabi/14.3.1/thumb/v8-m.main+dp/hard/crtend.o
LOAD C:/ST/STM32CubeIDE_2.1.1/STM32CubeIDE/plugins/com.st.stm32cube.ide.mcu.externaltools.gnu-tools-for-stm32.14.3.rel1.win32_1.0.100.202602081740/tools/bin/../lib/gcc/arm-none-eabi/14.3.1/thumb/v8-m.main+dp/hard/crtn.o
                0x24200000                        _estack = (ORIGIN (RAM) + LENGTH (RAM))
                0x241ff800                        _sstack = (_estack - _Min_Stack_Size)
                0x00000200                        _Min_Heap_Size = 0x200
                0x00000800                        _Min_Stack_Size = 0x800

.isr_vector     0x24100400      0x34c
                0x24100400                        . = ALIGN (0x4)
 *(.isr_vector)
 .isr_vector    0x24100400      0x34c ./Core/Startup/startup_stm32n657i0hxq.o
                0x24100400                g_pfnVectors
                0x2410074c                        . = ALIGN (0x4)

.text           0x24100750     0xbb10
                0x24100750                        . = ALIGN (0x4)
 *(.text)
 .text          0x24100750       0x40 C:/ST/STM32CubeIDE_2.1.1/STM32CubeIDE/plugins/com.st.stm32cube.ide.mcu.externaltools.gnu-tools-for-stm32.14.3.rel1.win32_1.0.100.202602081740/tools/bin/../lib/gcc/arm-none-eabi/14.3.1/thumb/v8-m.main+dp/hard/crtbegin.o
 *(.text*)
 .text.LL_AHB5_GRP1_EnableClock
                0x24100790       0x2c ./Core/Src/cacheaxi.o
 .text.MX_CACHEAXI_Init
                0x241007bc       0x28 ./Core/Src/cacheaxi.o
                0x241007bc                MX_CACHEAXI_Init
 .text.HAL_CACHEAXI_MspInit
                0x241007e4       0x28 ./Core/Src/cacheaxi.o
                0x241007e4                HAL_CACHEAXI_MspInit
 .text.LL_AHB4_GRP1_EnableClock
                0x2410080c       0x2c ./Core/Src/gpio.o
 .text.MX_GPIO_Init
                0x24100838       0x58 ./Core/Src/gpio.o
                0x24100838                MX_GPIO_Init
 .text.main     0x24100890       0x24 ./Core/Src/main.o
                0x24100890                main
 .text.Error_Handler
                0x241008b4        0xc ./Core/Src/main.o
                0x241008b4                Error_Handler
 .text.LL_AHB4_GRP1_EnableClock
                0x241008c0       0x2c ./Core/Src/sdmmc.o
 .text.LL_AHB5_GRP1_EnableClock
                0x241008ec       0x2c ./Core/Src/sdmmc.o
 .text.MX_SDMMC1_SD_Init
                0x24100918       0x48 ./Core/Src/sdmmc.o
                0x24100918                MX_SDMMC1_SD_Init
 .text.HAL_SD_MspInit
                0x24100960      0x130 ./Core/Src/sdmmc.o
                0x24100960                HAL_SD_MspInit
 .text.HAL_MspInit
                0x24100a90       0x10 ./Core/Src/stm32n6xx_hal_msp.o
                0x24100a90                HAL_MspInit
 .text.MemManage_Handler
                0x24100aa0        0x8 ./Core/Src/stm32n6xx_it.o
                0x24100aa0                MemManage_Handler
 .text.UsageFault_Handler
                0x24100aa8        0x8 ./Core/Src/stm32n6xx_it.o
                0x24100aa8                UsageFault_Handler
 .text.SecureFault_Handler
                0x24100ab0        0x8 ./Core/Src/stm32n6xx_it.o
                0x24100ab0                SecureFault_Handler
 .text.SVC_Handler
                0x24100ab8        0xe ./Core/Src/stm32n6xx_it.o
                0x24100ab8                SVC_Handler
 .text.PendSV_Handler
                0x24100ac6        0xe ./Core/Src/stm32n6xx_it.o
                0x24100ac6                PendSV_Handler
 .text.SysTick_Handler
                0x24100ad4        0xc ./Core/Src/stm32n6xx_it.o
                0x24100ad4                SysTick_Handler
 .text.SystemInit
                0x24100ae0       0x1c ./Core/Src/system_stm32n6xx_ns.o
                0x24100ae0                SystemInit
 .text.SystemCoreClockUpdate
                0x24100afc       0x18 ./Core/Src/system_stm32n6xx_ns.o
                0x24100afc                SystemCoreClockUpdate
 .text.LL_AHB5_GRP1_EnableClock
                0x24100b14       0x2c ./Core/Src/usb_otg.o
 .text.MX_USB1_OTG_HS_PCD_Init
                0x24100b40       0x5c ./Core/Src/usb_otg.o
                0x24100b40                MX_USB1_OTG_HS_PCD_Init
 .text.HAL_PCD_MspInit
                0x24100b9c       0xa8 ./Core/Src/usb_otg.o
                0x24100b9c                HAL_PCD_MspInit
 .text.LL_AHB4_GRP1_EnableClock
                0x24100c44       0x2c ./Core/Src/xspi.o
 .text.LL_AHB5_GRP1_EnableClock
                0x24100c70       0x2c ./Core/Src/xspi.o
 .text.MX_XSPI1_Init
                0x24100c9c       0xb8 ./Core/Src/xspi.o
                0x24100c9c                MX_XSPI1_Init
 .text.MX_XSPI2_Init
                0x24100d54       0xb8 ./Core/Src/xspi.o
                0x24100d54                MX_XSPI2_Init
 .text.HAL_XSPI_MspInit
                0x24100e0c      0x194 ./Core/Src/xspi.o
                0x24100e0c                HAL_XSPI_MspInit
 .text.Reset_Handler
                0x24100fa0       0x5c ./Core/Startup/startup_stm32n657i0hxq.o
                0x24100fa0                Reset_Handler
 .text.Default_Handler
                0x24100ffc        0x2 ./Core/Startup/startup_stm32n657i0hxq.o
                0x24100ffc                HPDMA1_Channel13_IRQHandler
                0x24100ffc                EXTI2_IRQHandler
                0x24100ffc                MCE2_IRQHandler
                0x24100ffc                TIM8_CC_IRQHandler
                0x24100ffc                USB2_OTG_HS_IRQHandler
                0x24100ffc                SAI1_A_IRQHandler
                0x24100ffc                EXTI5_IRQHandler
                0x24100ffc                I3C1_ER_IRQHandler
                0x24100ffc                DebugMon_Handler
                0x24100ffc                UART8_IRQHandler
                0x24100ffc                CTI_INT0_IRQHandler
                0x24100ffc                SPI4_IRQHandler
                0x24100ffc                LTDC_LO_IRQHandler
                0x24100ffc                NPU2_IRQHandler
                0x24100ffc                FDCAN3_IT0_IRQHandler
                0x24100ffc                EXTI13_IRQHandler
                0x24100ffc                TIM1_CC_IRQHandler
                0x24100ffc                XSPI1_IRQHandler
                0x24100ffc                HardFault_Handler
                0x24100ffc                TIM10_IRQHandler
                0x24100ffc                JPEG_IRQHandler
                0x24100ffc                TAMP_IRQHandler
                0x24100ffc                CACHE_ECC_IRQHandler
                0x24100ffc                TIM6_IRQHandler
                0x24100ffc                CSI_IRQHandler
                0x24100ffc                EXTI12_IRQHandler
                0x24100ffc                GFXTIM_IRQHandler
                0x24100ffc                NMI_Handler
                0x24100ffc                EXTI3_IRQHandler
                0x24100ffc                LPTIM4_IRQHandler
                0x24100ffc                GPDMA1_Channel5_IRQHandler
                0x24100ffc                EXTI8_IRQHandler
                0x24100ffc                LPTIM2_IRQHandler
                0x24100ffc                GFXMMU_IRQHandler
                0x24100ffc                LTDC_LO_ERR_IRQHandler
                0x24100ffc                I2C3_ER_IRQHandler
                0x24100ffc                RIFSC_TAMPER_IRQHandler
                0x24100ffc                USART10_IRQHandler
                0x24100ffc                MDF1_FLT2_IRQHandler
                0x24100ffc                LPTIM3_IRQHandler
                0x24100ffc                SAI2_A_IRQHandler
                0x24100ffc                EXTI0_IRQHandler
                0x24100ffc                HPDMA1_Channel9_IRQHandler
                0x24100ffc                I2C2_EV_IRQHandler
                0x24100ffc                GPU2D_IRQHandler
                0x24100ffc                FPU_IRQHandler
                0x24100ffc                GPDMA1_Channel3_IRQHandler
                0x24100ffc                GPDMA1_Channel7_IRQHandler
                0x24100ffc                MDF1_FLT4_IRQHandler
                0x24100ffc                FDCAN1_IT1_IRQHandler
                0x24100ffc                HPDMA1_Channel3_IRQHandler
                0x24100ffc                ADC1_2_IRQHandler
                0x24100ffc                GPDMA1_Channel9_IRQHandler
                0x24100ffc                SPI1_IRQHandler
                0x24100ffc                CACHEAXI_IRQHandler
                0x24100ffc                SAI1_B_IRQHandler
                0x24100ffc                GPDMA1_Channel2_IRQHandler
                0x24100ffc                PAHB_ERR_IRQHandler
                0x24100ffc                TIM8_UP_IRQHandler
                0x24100ffc                RCC_S_IRQHandler
                0x24100ffc                MDF1_FLT1_IRQHandler
                0x24100ffc                LTDC_UP_IRQHandler
                0x24100ffc                LOCKUP_IRQHandler
                0x24100ffc                PKA_IRQHandler
                0x24100ffc                USART6_IRQHandler
                0x24100ffc                HPDMA1_Channel2_IRQHandler
                0x24100ffc                MDF1_FLT5_IRQHandler
                0x24100ffc                MCE4_IRQHandler
                0x24100ffc                I3C2_ER_IRQHandler
                0x24100ffc                EXTI15_IRQHandler
                0x24100ffc                TIM17_IRQHandler
                0x24100ffc                USART3_IRQHandler
                0x24100ffc                HPDMA1_Channel6_IRQHandler
                0x24100ffc                CRYP_IRQHandler
                0x24100ffc                RTC_IRQHandler
                0x24100ffc                XSPI2_IRQHandler
                0x24100ffc                EXTI9_IRQHandler
                0x24100ffc                IAC_IRQHandler
                0x24100ffc                HPDMA1_Channel0_IRQHandler
                0x24100ffc                LPTIM5_IRQHandler
                0x24100ffc                HPDMA1_Channel1_IRQHandler
                0x24100ffc                UART5_IRQHandler
                0x24100ffc                TIM4_IRQHandler
                0x24100ffc                NPU3_IRQHandler
                0x24100ffc                I3C2_EV_IRQHandler
                0x24100ffc                I2C1_EV_IRQHandler
                0x24100ffc                FDCAN_CU_IRQHandler
                0x24100ffc                GPDMA1_Channel12_IRQHandler
                0x24100ffc                HPDMA1_Channel7_IRQHandler
                0x24100ffc                GPDMA1_Channel1_IRQHandler
                0x24100ffc                TIM16_IRQHandler
                0x24100ffc                GPDMA1_Channel15_IRQHandler
                0x24100ffc                UART4_IRQHandler
                0x24100ffc                TCM_ECC_IRQHandler
                0x24100ffc                TIM3_IRQHandler
                0x24100ffc                RCC_IRQHandler
                0x24100ffc                UART9_IRQHandler
                0x24100ffc                NPU1_IRQHandler
                0x24100ffc                SAI2_B_IRQHandler
                0x24100ffc                Default_Handler
                0x24100ffc                GPDMA1_Channel8_IRQHandler
                0x24100ffc                HPDMA1_Channel8_IRQHandler
                0x24100ffc                TIM18_IRQHandler
                0x24100ffc                TIM14_IRQHandler
                0x24100ffc                TIM13_IRQHandler
                0x24100ffc                CTI_INT1_IRQHandler
                0x24100ffc                GPDMA1_Channel11_IRQHandler
                0x24100ffc                GPU2D_ER_IRQHandler
                0x24100ffc                SPI5_IRQHandler
                0x24100ffc                TIM12_IRQHandler
                0x24100ffc                TIM7_IRQHandler
                0x24100ffc                FDCAN3_IT1_IRQHandler
                0x24100ffc                HPDMA1_Channel10_IRQHandler
                0x24100ffc                SDMMC1_IRQHandler
                0x24100ffc                SAES_IRQHandler
                0x24100ffc                TIM5_IRQHandler
                0x24100ffc                UCPD1_IRQHandler
                0x24100ffc                GPDMA1_Channel0_IRQHandler
                0x24100ffc                I3C1_EV_IRQHandler
                0x24100ffc                HPDMA1_Channel5_IRQHandler
                0x24100ffc                TIM15_IRQHandler
                0x24100ffc                I2C3_EV_IRQHandler
                0x24100ffc                HPDMA1_Channel4_IRQHandler
                0x24100ffc                HPDMA1_Channel15_IRQHandler
                0x24100ffc                TIM9_IRQHandler
                0x24100ffc                ETH1_IRQHandler
                0x24100ffc                USB1_OTG_HS_IRQHandler
                0x24100ffc                PVD_PVM_IRQHandler
                0x24100ffc                SPI2_IRQHandler
                0x24100ffc                TIM1_TRG_CCU_IRQHandler
                0x24100ffc                HPDMA1_Channel11_IRQHandler
                0x24100ffc                EXTI14_IRQHandler
                0x24100ffc                EXTI11_IRQHandler
                0x24100ffc                VENC_IRQHandler
                0x24100ffc                GPDMA1_Channel14_IRQHandler
                0x24100ffc                EXTI4_IRQHandler
                0x24100ffc                RTC_S_IRQHandler
                0x24100ffc                GPDMA1_Channel13_IRQHandler
                0x24100ffc                RNG_IRQHandler
                0x24100ffc                XSPI3_IRQHandler
                0x24100ffc                FDCAN2_IT1_IRQHandler
                0x24100ffc                TIM1_UP_IRQHandler
                0x24100ffc                NPU0_IRQHandler
                0x24100ffc                BCK_ECC_IRQHandler
                0x24100ffc                WWDG_IRQHandler
                0x24100ffc                SPI6_IRQHandler
                0x24100ffc                MDIOS_IRQHandler
                0x24100ffc                I2C4_EV_IRQHandler
                0x24100ffc                FDCAN2_IT0_IRQHandler
                0x24100ffc                IWDG_IRQHandler
                0x24100ffc                HPDMA1_Channel14_IRQHandler
                0x24100ffc                LPUART1_IRQHandler
                0x24100ffc                FDCAN1_IT0_IRQHandler
                0x24100ffc                MDF1_FLT0_IRQHandler
                0x24100ffc                TIM2_IRQHandler
                0x24100ffc                MCE3_IRQHandler
                0x24100ffc                GPDMA1_Channel4_IRQHandler
                0x24100ffc                EXTI7_IRQHandler
                0x24100ffc                DMA2D_IRQHandler
                0x24100ffc                TIM1_BRK_IRQHandler
                0x24100ffc                EXTI1_IRQHandler
                0x24100ffc                SDMMC2_IRQHandler
                0x24100ffc                TIM11_IRQHandler
                0x24100ffc                LTDC_UP_ERR_IRQHandler
                0x24100ffc                UART7_IRQHandler
                0x24100ffc                DTS_IRQHandler
                0x24100ffc                MDF1_FLT3_IRQHandler
                0x24100ffc                USART2_IRQHandler
                0x24100ffc                GPDMA1_Channel6_IRQHandler
                0x24100ffc                ADF1_FLT0_IRQHandler
                0x24100ffc                I2C2_ER_IRQHandler
                0x24100ffc                MCE1_IRQHandler
                0x24100ffc                SPDIFRX_IRQHandler
                0x24100ffc                TIM8_BRK_IRQHandler
                0x24100ffc                HPDMA1_Channel12_IRQHandler
                0x24100ffc                BusFault_Handler
                0x24100ffc                USART1_IRQHandler
                0x24100ffc                EXTI10_IRQHandler
                0x24100ffc                SPI3_IRQHandler
                0x24100ffc                WAKEUP_PIN_IRQHandler
                0x24100ffc                DCMIPP_IRQHandler
                0x24100ffc                I2C1_ER_IRQHandler
                0x24100ffc                FMC_IRQHandler
                0x24100ffc                EXTI6_IRQHandler
                0x24100ffc                LPTIM1_IRQHandler
                0x24100ffc                DCMI_PSSI_IRQHandler
                0x24100ffc                TIM8_TRG_CCU_IRQHandler
                0x24100ffc                I2C4_ER_IRQHandler
                0x24100ffc                GPDMA1_Channel10_IRQHandler
                0x24100ffc                ICACHE_IRQHandler
                0x24100ffc                HASH_IRQHandler
 .text.HAL_Init
                0x24100ffe       0x28 ./Drivers/STM32N6xx_HAL_Driver/stm32n6xx_hal.o
                0x24100ffe                HAL_Init
 *fill*         0x24101026        0x2 
 .text.HAL_InitTick
                0x24101028       0x6c ./Drivers/STM32N6xx_HAL_Driver/stm32n6xx_hal.o
                0x24101028                HAL_InitTick
 .text.HAL_IncTick
                0x24101094       0x28 ./Drivers/STM32N6xx_HAL_Driver/stm32n6xx_hal.o
                0x24101094                HAL_IncTick
 .text.HAL_GetTick
                0x241010bc       0x18 ./Drivers/STM32N6xx_HAL_Driver/stm32n6xx_hal.o
                0x241010bc                HAL_GetTick
 .text.HAL_Delay
                0x241010d4       0x48 ./Drivers/STM32N6xx_HAL_Driver/stm32n6xx_hal.o
                0x241010d4                HAL_Delay
 .text.HAL_CACHEAXI_Init
                0x2410111c       0x42 ./Drivers/STM32N6xx_HAL_Driver/stm32n6xx_hal_cacheaxi.o
                0x2410111c                HAL_CACHEAXI_Init
 .text.HAL_CACHEAXI_Enable
                0x2410115e       0x88 ./Drivers/STM32N6xx_HAL_Driver/stm32n6xx_hal_cacheaxi.o
                0x2410115e                HAL_CACHEAXI_Enable
 *fill*         0x241011e6        0x2 
 .text.__NVIC_SetPriorityGrouping
                0x241011e8       0x48 ./Drivers/STM32N6xx_HAL_Driver/stm32n6xx_hal_cortex.o
 .text.__NVIC_GetPriorityGrouping
                0x24101230       0x1c ./Drivers/STM32N6xx_HAL_Driver/stm32n6xx_hal_cortex.o
 .text.__NVIC_SetPriority
                0x2410124c       0x54 ./Drivers/STM32N6xx_HAL_Driver/stm32n6xx_hal_cortex.o
 .text.NVIC_EncodePriority
                0x241012a0       0x66 ./Drivers/STM32N6xx_HAL_Driver/stm32n6xx_hal_cortex.o
 *fill*         0x24101306        0x2 
 .text.SysTick_Config
                0x24101308       0x44 ./Drivers/STM32N6xx_HAL_Driver/stm32n6xx_hal_cortex.o
 .text.HAL_NVIC_SetPriorityGrouping
                0x2410134c       0x16 ./Drivers/STM32N6xx_HAL_Driver/stm32n6xx_hal_cortex.o
                0x2410134c                HAL_NVIC_SetPriorityGrouping
 .text.HAL_NVIC_SetPriority
                0x24101362       0x3a ./Drivers/STM32N6xx_HAL_Driver/stm32n6xx_hal_cortex.o
                0x24101362                HAL_NVIC_SetPriority
 .text.HAL_SYSTICK_Config
                0x2410139c       0x18 ./Drivers/STM32N6xx_HAL_Driver/stm32n6xx_hal_cortex.o
                0x2410139c                HAL_SYSTICK_Config
 .text.HAL_GPIO_Init
                0x241013b4      0x364 ./Drivers/STM32N6xx_HAL_Driver/stm32n6xx_hal_gpio.o
                0x241013b4                HAL_GPIO_Init
 .text.HAL_PCD_Init
                0x24101718      0x218 ./Drivers/STM32N6xx_HAL_Driver/stm32n6xx_hal_pcd.o
                0x24101718                HAL_PCD_Init
 .text.HAL_PCDEx_ActivateLPM
                0x24101930       0x48 ./Drivers/STM32N6xx_HAL_Driver/stm32n6xx_hal_pcd_ex.o
                0x24101930                HAL_PCDEx_ActivateLPM
 .text.HAL_PWREx_EnableVddUSB
                0x24101978       0x20 ./Drivers/STM32N6xx_HAL_Driver/stm32n6xx_hal_pwr_ex.o
                0x24101978                HAL_PWREx_EnableVddUSB
 .text.HAL_PWREx_EnableVddIO3
                0x24101998       0x20 ./Drivers/STM32N6xx_HAL_Driver/stm32n6xx_hal_pwr_ex.o
                0x24101998                HAL_PWREx_EnableVddIO3
 .text.HAL_PWREx_EnableVddIO4
                0x241019b8       0x20 ./Drivers/STM32N6xx_HAL_Driver/stm32n6xx_hal_pwr_ex.o
                0x241019b8                HAL_PWREx_EnableVddIO4
 .text.LL_RCC_HSI_GetDivider
                0x241019d8       0x1c ./Drivers/STM32N6xx_HAL_Driver/stm32n6xx_hal_rcc.o
 .text.LL_RCC_GetSysClkSource
                0x241019f4       0x1c ./Drivers/STM32N6xx_HAL_Driver/stm32n6xx_hal_rcc.o
 .text.LL_RCC_IC2_GetSource
                0x24101a10       0x1c ./Drivers/STM32N6xx_HAL_Driver/stm32n6xx_hal_rcc.o
 .text.LL_RCC_IC2_GetDivider
                0x24101a2c       0x20 ./Drivers/STM32N6xx_HAL_Driver/stm32n6xx_hal_rcc.o
 .text.HAL_RCC_GetSysClockFreq
                0x24101a4c       0x1e ./Drivers/STM32N6xx_HAL_Driver/stm32n6xx_hal_rcc.o
                0x24101a4c                HAL_RCC_GetSysClockFreq
 *fill*         0x24101a6a        0x2 
 .text.RCC_GetSysClockFreq
                0x24101a6c      0x104 ./Drivers/STM32N6xx_HAL_Driver/stm32n6xx_hal_rcc.o
 .text.LL_RCC_HSE_SelectHSEAsDiv2Clock
                0x24101b70       0x20 ./Drivers/STM32N6xx_HAL_Driver/stm32n6xx_hal_rcc_ex.o
 .text.LL_RCC_HSE_SelectHSEDiv2AsDiv2Clock
                0x24101b90       0x20 ./Drivers/STM32N6xx_HAL_Driver/stm32n6xx_hal_rcc_ex.o
 .text.LL_RCC_HSE_IsSelectedHSEDiv2AsDiv2Clock
                0x24101bb0       0x24 ./Drivers/STM32N6xx_HAL_Driver/stm32n6xx_hal_rcc_ex.o
 .text.LL_RCC_HSE_IsReady
                0x24101bd4       0x24 ./Drivers/STM32N6xx_HAL_Driver/stm32n6xx_hal_rcc_ex.o
 .text.LL_RCC_HSI_IsReady
                0x24101bf8       0x24 ./Drivers/STM32N6xx_HAL_Driver/stm32n6xx_hal_rcc_ex.o
 .text.LL_RCC_HSI_GetDivider
                0x24101c1c       0x1c ./Drivers/STM32N6xx_HAL_Driver/stm32n6xx_hal_rcc_ex.o
 .text.LL_RCC_MSI_IsReady
                0x24101c38       0x24 ./Drivers/STM32N6xx_HAL_Driver/stm32n6xx_hal_rcc_ex.o
 .text.LL_RCC_MSI_GetFrequency
                0x24101c5c       0x1c ./Drivers/STM32N6xx_HAL_Driver/stm32n6xx_hal_rcc_ex.o
 .text.LL_RCC_LSE_IsReady
                0x24101c78       0x24 ./Drivers/STM32N6xx_HAL_Driver/stm32n6xx_hal_rcc_ex.o
 .text.LL_RCC_LSI_IsReady
                0x24101c9c       0x1c ./Drivers/STM32N6xx_HAL_Driver/stm32n6xx_hal_rcc_ex.o
 .text.LL_RCC_GetAHBPrescaler
                0x24101cb8       0x1c ./Drivers/STM32N6xx_HAL_Driver/stm32n6xx_hal_rcc_ex.o
 .text.LL_RCC_GetAPB1Prescaler
                0x24101cd4       0x1c ./Drivers/STM32N6xx_HAL_Driver/stm32n6xx_hal_rcc_ex.o
 .text.LL_RCC_GetAPB2Prescaler
                0x24101cf0       0x1c ./Drivers/STM32N6xx_HAL_Driver/stm32n6xx_hal_rcc_ex.o
 .text.LL_RCC_GetAPB4Prescaler
                0x24101d0c       0x1c ./Drivers/STM32N6xx_HAL_Driver/stm32n6xx_hal_rcc_ex.o
 .text.LL_RCC_GetAPB5Prescaler
                0x24101d28       0x1c ./Drivers/STM32N6xx_HAL_Driver/stm32n6xx_hal_rcc_ex.o
 .text.LL_RCC_SetClockSource
                0x24101d44       0x54 ./Drivers/STM32N6xx_HAL_Driver/stm32n6xx_hal_rcc_ex.o
 .text.LL_RCC_GetADCPrescaler
                0x24101d98       0x1c ./Drivers/STM32N6xx_HAL_Driver/stm32n6xx_hal_rcc_ex.o
 .text.LL_RCC_SetADFClockSource
                0x24101db4       0x2c ./Drivers/STM32N6xx_HAL_Driver/stm32n6xx_hal_rcc_ex.o
 .text.LL_RCC_SetCLKPClockSource
                0x24101de0       0x2c ./Drivers/STM32N6xx_HAL_Driver/stm32n6xx_hal_rcc_ex.o
 .text.LL_RCC_SetDCMIPPClockSource
                0x24101e0c       0x2c ./Drivers/STM32N6xx_HAL_Driver/stm32n6xx_hal_rcc_ex.o
 .text.LL_RCC_SetETHClockSource
                0x24101e38       0x2c ./Drivers/STM32N6xx_HAL_Driver/stm32n6xx_hal_rcc_ex.o
 .text.LL_RCC_SetETHPHYInterface
                0x24101e64       0x2c ./Drivers/STM32N6xx_HAL_Driver/stm32n6xx_hal_rcc_ex.o
 .text.LL_RCC_GetETH1PTPDivider
                0x24101e90       0x1c ./Drivers/STM32N6xx_HAL_Driver/stm32n6xx_hal_rcc_ex.o
 .text.LL_RCC_SetETHREFRXClockSource
                0x24101eac       0x2c ./Drivers/STM32N6xx_HAL_Driver/stm32n6xx_hal_rcc_ex.o
 .text.LL_RCC_SetETHREFTXClockSource
                0x24101ed8       0x2c ./Drivers/STM32N6xx_HAL_Driver/stm32n6xx_hal_rcc_ex.o
 .text.LL_RCC_SetFDCANClockSource
                0x24101f04       0x2c ./Drivers/STM32N6xx_HAL_Driver/stm32n6xx_hal_rcc_ex.o
 .text.LL_RCC_SetFMCClockSource
                0x24101f30       0x2c ./Drivers/STM32N6xx_HAL_Driver/stm32n6xx_hal_rcc_ex.o
 .text.LL_RCC_SetI2CClockSource
                0x24101f5c       0x16 ./Drivers/STM32N6xx_HAL_Driver/stm32n6xx_hal_rcc_ex.o
 .text.LL_RCC_SetI3CClockSource
                0x24101f72       0x16 ./Drivers/STM32N6xx_HAL_Driver/stm32n6xx_hal_rcc_ex.o
 .text.LL_RCC_SetLPTIMClockSource
                0x24101f88       0x16 ./Drivers/STM32N6xx_HAL_Driver/stm32n6xx_hal_rcc_ex.o
 *fill*         0x24101f9e        0x2 
 .text.LL_RCC_SetLPUARTClockSource
                0x24101fa0       0x2c ./Drivers/STM32N6xx_HAL_Driver/stm32n6xx_hal_rcc_ex.o
 .text.LL_RCC_SetLTDCClockSource
                0x24101fcc       0x2c ./Drivers/STM32N6xx_HAL_Driver/stm32n6xx_hal_rcc_ex.o
 .text.LL_RCC_SetMDFClockSource
                0x24101ff8       0x2c ./Drivers/STM32N6xx_HAL_Driver/stm32n6xx_hal_rcc_ex.o
 .text.LL_RCC_SetOTGPHYClockSource
                0x24102024       0x16 ./Drivers/STM32N6xx_HAL_Driver/stm32n6xx_hal_rcc_ex.o
 .text.LL_RCC_SetOTGPHYCKREFClockSource
                0x2410203a       0x16 ./Drivers/STM32N6xx_HAL_Driver/stm32n6xx_hal_rcc_ex.o
 .text.LL_RCC_SetPSSIClockSource
                0x24102050       0x2c ./Drivers/STM32N6xx_HAL_Driver/stm32n6xx_hal_rcc_ex.o
 .text.LL_RCC_SetSAIClockSource
                0x2410207c       0x16 ./Drivers/STM32N6xx_HAL_Driver/stm32n6xx_hal_rcc_ex.o
 .text.LL_RCC_SetSDMMCClockSource
                0x24102092       0x16 ./Drivers/STM32N6xx_HAL_Driver/stm32n6xx_hal_rcc_ex.o
 .text.LL_RCC_SetSPDIFRXClockSource
                0x241020a8       0x2c ./Drivers/STM32N6xx_HAL_Driver/stm32n6xx_hal_rcc_ex.o
 .text.LL_RCC_SetSPIClockSource
                0x241020d4       0x16 ./Drivers/STM32N6xx_HAL_Driver/stm32n6xx_hal_rcc_ex.o
 .text.LL_RCC_SetUSARTClockSource
                0x241020ea       0x16 ./Drivers/STM32N6xx_HAL_Driver/stm32n6xx_hal_rcc_ex.o
 .text.LL_RCC_SetXSPIClockSource
                0x24102100       0x16 ./Drivers/STM32N6xx_HAL_Driver/stm32n6xx_hal_rcc_ex.o
 *fill*         0x24102116        0x2 
 .text.LL_RCC_GetClockSource
                0x24102118       0x4c ./Drivers/STM32N6xx_HAL_Driver/stm32n6xx_hal_rcc_ex.o
 .text.LL_RCC_GetADCClockSource
                0x24102164       0x24 ./Drivers/STM32N6xx_HAL_Driver/stm32n6xx_hal_rcc_ex.o
 .text.LL_RCC_GetADFClockSource
                0x24102188       0x24 ./Drivers/STM32N6xx_HAL_Driver/stm32n6xx_hal_rcc_ex.o
 .text.LL_RCC_GetCLKPClockSource
                0x241021ac       0x24 ./Drivers/STM32N6xx_HAL_Driver/stm32n6xx_hal_rcc_ex.o
 .text.LL_RCC_GetDCMIPPClockSource
                0x241021d0       0x24 ./Drivers/STM32N6xx_HAL_Driver/stm32n6xx_hal_rcc_ex.o
 .text.LL_RCC_GetETHClockSource
                0x241021f4       0x24 ./Drivers/STM32N6xx_HAL_Driver/stm32n6xx_hal_rcc_ex.o
 .text.LL_RCC_GetETHPTPClockSource
                0x24102218       0x24 ./Drivers/STM32N6xx_HAL_Driver/stm32n6xx_hal_rcc_ex.o
 .text.LL_RCC_GetFDCANClockSource
                0x2410223c       0x24 ./Drivers/STM32N6xx_HAL_Driver/stm32n6xx_hal_rcc_ex.o
 .text.LL_RCC_GetFMCClockSource
                0x24102260       0x24 ./Drivers/STM32N6xx_HAL_Driver/stm32n6xx_hal_rcc_ex.o
 .text.LL_RCC_GetI2CClockSource
                0x24102284       0x18 ./Drivers/STM32N6xx_HAL_Driver/stm32n6xx_hal_rcc_ex.o
 .text.LL_RCC_GetI3CClockSource
                0x2410229c       0x18 ./Drivers/STM32N6xx_HAL_Driver/stm32n6xx_hal_rcc_ex.o
 .text.LL_RCC_GetLPTIMClockSource
                0x241022b4       0x18 ./Drivers/STM32N6xx_HAL_Driver/stm32n6xx_hal_rcc_ex.o
 .text.LL_RCC_GetLPUARTClockSource
                0x241022cc       0x24 ./Drivers/STM32N6xx_HAL_Driver/stm32n6xx_hal_rcc_ex.o
 .text.LL_RCC_GetLTDCClockSource
                0x241022f0       0x24 ./Drivers/STM32N6xx_HAL_Driver/stm32n6xx_hal_rcc_ex.o
 .text.LL_RCC_GetMDFClockSource
                0x24102314       0x24 ./Drivers/STM32N6xx_HAL_Driver/stm32n6xx_hal_rcc_ex.o
 .text.LL_RCC_GetPSSIClockSource
                0x24102338       0x24 ./Drivers/STM32N6xx_HAL_Driver/stm32n6xx_hal_rcc_ex.o
 .text.LL_RCC_GetSAIClockSource
                0x2410235c       0x18 ./Drivers/STM32N6xx_HAL_Driver/stm32n6xx_hal_rcc_ex.o
 .text.LL_RCC_GetSDMMCClockSource
                0x24102374       0x18 ./Drivers/STM32N6xx_HAL_Driver/stm32n6xx_hal_rcc_ex.o
 .text.LL_RCC_GetSPDIFRXClockSource
                0x2410238c       0x24 ./Drivers/STM32N6xx_HAL_Driver/stm32n6xx_hal_rcc_ex.o
 .text.LL_RCC_GetSPIClockSource
                0x241023b0       0x18 ./Drivers/STM32N6xx_HAL_Driver/stm32n6xx_hal_rcc_ex.o
 .text.LL_RCC_GetUSARTClockSource
                0x241023c8       0x18 ./Drivers/STM32N6xx_HAL_Driver/stm32n6xx_hal_rcc_ex.o
 .text.LL_RCC_GetUARTClockSource
                0x241023e0       0x18 ./Drivers/STM32N6xx_HAL_Driver/stm32n6xx_hal_rcc_ex.o
 .text.LL_RCC_GetUSBClockSource
                0x241023f8       0x18 ./Drivers/STM32N6xx_HAL_Driver/stm32n6xx_hal_rcc_ex.o
 .text.LL_RCC_GetXSPIClockSource
                0x24102410       0x18 ./Drivers/STM32N6xx_HAL_Driver/stm32n6xx_hal_rcc_ex.o
 .text.LL_RCC_SetRTCClockSource
                0x24102428       0x2c ./Drivers/STM32N6xx_HAL_Driver/stm32n6xx_hal_rcc_ex.o
 .text.LL_RCC_GetRTCClockSource
                0x24102454       0x1c ./Drivers/STM32N6xx_HAL_Driver/stm32n6xx_hal_rcc_ex.o
 .text.LL_RCC_SetRTC_HSEPrescaler
                0x24102470       0x2c ./Drivers/STM32N6xx_HAL_Driver/stm32n6xx_hal_rcc_ex.o
 .text.LL_RCC_SetTIMPrescaler
                0x2410249c       0x2c ./Drivers/STM32N6xx_HAL_Driver/stm32n6xx_hal_rcc_ex.o
 .text.LL_RCC_GetTIMPrescaler
                0x241024c8       0x1c ./Drivers/STM32N6xx_HAL_Driver/stm32n6xx_hal_rcc_ex.o
 .text.LL_RCC_PLL1_GetSource
                0x241024e4       0x1c ./Drivers/STM32N6xx_HAL_Driver/stm32n6xx_hal_rcc_ex.o
 .text.LL_RCC_PLL1_IsReady
                0x24102500       0x28 ./Drivers/STM32N6xx_HAL_Driver/stm32n6xx_hal_rcc_ex.o
 .text.LL_RCC_PLL1_IsEnabledBypass
                0x24102528       0x28 ./Drivers/STM32N6xx_HAL_Driver/stm32n6xx_hal_rcc_ex.o
 .text.LL_RCC_PLL1_GetN
                0x24102550       0x20 ./Drivers/STM32N6xx_HAL_Driver/stm32n6xx_hal_rcc_ex.o
 .text.LL_RCC_PLL1_GetM
                0x24102570       0x20 ./Drivers/STM32N6xx_HAL_Driver/stm32n6xx_hal_rcc_ex.o
 .text.LL_RCC_PLL1_GetP1
                0x24102590       0x20 ./Drivers/STM32N6xx_HAL_Driver/stm32n6xx_hal_rcc_ex.o
 .text.LL_RCC_PLL1_GetP2
                0x241025b0       0x20 ./Drivers/STM32N6xx_HAL_Driver/stm32n6xx_hal_rcc_ex.o
 .text.LL_RCC_PLL1P_IsEnabled
                0x241025d0       0x28 ./Drivers/STM32N6xx_HAL_Driver/stm32n6xx_hal_rcc_ex.o
 .text.LL_RCC_PLL1_GetFRACN
                0x241025f8       0x1c ./Drivers/STM32N6xx_HAL_Driver/stm32n6xx_hal_rcc_ex.o
 .text.LL_RCC_PLL2_GetSource
                0x24102614       0x1c ./Drivers/STM32N6xx_HAL_Driver/stm32n6xx_hal_rcc_ex.o
 .text.LL_RCC_PLL2_IsReady
                0x24102630       0x28 ./Drivers/STM32N6xx_HAL_Driver/stm32n6xx_hal_rcc_ex.o
 .text.LL_RCC_PLL2_IsEnabledBypass
                0x24102658       0x28 ./Drivers/STM32N6xx_HAL_Driver/stm32n6xx_hal_rcc_ex.o
 .text.LL_RCC_PLL2_GetN
                0x24102680       0x20 ./Drivers/STM32N6xx_HAL_Driver/stm32n6xx_hal_rcc_ex.o
 .text.LL_RCC_PLL2_GetM
                0x241026a0       0x20 ./Drivers/STM32N6xx_HAL_Driver/stm32n6xx_hal_rcc_ex.o
 .text.LL_RCC_PLL2_GetP1
                0x241026c0       0x20 ./Drivers/STM32N6xx_HAL_Driver/stm32n6xx_hal_rcc_ex.o
 .text.LL_RCC_PLL2_GetP2
                0x241026e0       0x20 ./Drivers/STM32N6xx_HAL_Driver/stm32n6xx_hal_rcc_ex.o
 .text.LL_RCC_PLL2P_IsEnabled
                0x24102700       0x28 ./Drivers/STM32N6xx_HAL_Driver/stm32n6xx_hal_rcc_ex.o
 .text.LL_RCC_PLL2_GetFRACN
                0x24102728       0x1c ./Drivers/STM32N6xx_HAL_Driver/stm32n6xx_hal_rcc_ex.o
 .text.LL_RCC_PLL3_GetSource
                0x24102744       0x1c ./Drivers/STM32N6xx_HAL_Driver/stm32n6xx_hal_rcc_ex.o
 .text.LL_RCC_PLL3_IsReady
                0x24102760       0x28 ./Drivers/STM32N6xx_HAL_Driver/stm32n6xx_hal_rcc_ex.o
 .text.LL_RCC_PLL3_IsEnabledBypass
                0x24102788       0x28 ./Drivers/STM32N6xx_HAL_Driver/stm32n6xx_hal_rcc_ex.o
 .text.LL_RCC_PLL3_GetN
                0x241027b0       0x20 ./Drivers/STM32N6xx_HAL_Driver/stm32n6xx_hal_rcc_ex.o
 .text.LL_RCC_PLL3_GetM
                0x241027d0       0x20 ./Drivers/STM32N6xx_HAL_Driver/stm32n6xx_hal_rcc_ex.o
 .text.LL_RCC_PLL3_GetP1
                0x241027f0       0x20 ./Drivers/STM32N6xx_HAL_Driver/stm32n6xx_hal_rcc_ex.o
 .text.LL_RCC_PLL3_GetP2
                0x24102810       0x20 ./Drivers/STM32N6xx_HAL_Driver/stm32n6xx_hal_rcc_ex.o
 .text.LL_RCC_PLL3P_IsEnabled
                0x24102830       0x28 ./Drivers/STM32N6xx_HAL_Driver/stm32n6xx_hal_rcc_ex.o
 .text.LL_RCC_PLL3_GetFRACN
                0x24102858       0x1c ./Drivers/STM32N6xx_HAL_Driver/stm32n6xx_hal_rcc_ex.o
 .text.LL_RCC_PLL4_GetSource
                0x24102874       0x1c ./Drivers/STM32N6xx_HAL_Driver/stm32n6xx_hal_rcc_ex.o
 .text.LL_RCC_PLL4_IsReady
                0x24102890       0x28 ./Drivers/STM32N6xx_HAL_Driver/stm32n6xx_hal_rcc_ex.o
 .text.LL_RCC_PLL4_IsEnabledBypass
                0x241028b8       0x28 ./Drivers/STM32N6xx_HAL_Driver/stm32n6xx_hal_rcc_ex.o
 .text.LL_RCC_PLL4_GetN
                0x241028e0       0x20 ./Drivers/STM32N6xx_HAL_Driver/stm32n6xx_hal_rcc_ex.o
 .text.LL_RCC_PLL4_GetM
                0x24102900       0x20 ./Drivers/STM32N6xx_HAL_Driver/stm32n6xx_hal_rcc_ex.o
 .text.LL_RCC_PLL4_GetP1
                0x24102920       0x20 ./Drivers/STM32N6xx_HAL_Driver/stm32n6xx_hal_rcc_ex.o
 .text.LL_RCC_PLL4_GetP2
                0x24102940       0x20 ./Drivers/STM32N6xx_HAL_Driver/stm32n6xx_hal_rcc_ex.o
 .text.LL_RCC_PLL4P_IsEnabled
                0x24102960       0x28 ./Drivers/STM32N6xx_HAL_Driver/stm32n6xx_hal_rcc_ex.o
 .text.LL_RCC_PLL4_GetFRACN
                0x24102988       0x1c ./Drivers/STM32N6xx_HAL_Driver/stm32n6xx_hal_rcc_ex.o
 .text.LL_RCC_IC3_Enable
                0x241029a4       0x1c ./Drivers/STM32N6xx_HAL_Driver/stm32n6xx_hal_rcc_ex.o
 .text.LL_RCC_IC3_IsEnabled
                0x241029c0       0x28 ./Drivers/STM32N6xx_HAL_Driver/stm32n6xx_hal_rcc_ex.o
 .text.LL_RCC_IC3_GetSource
                0x241029e8       0x1c ./Drivers/STM32N6xx_HAL_Driver/stm32n6xx_hal_rcc_ex.o
 .text.LL_RCC_IC3_GetDivider
                0x24102a04       0x20 ./Drivers/STM32N6xx_HAL_Driver/stm32n6xx_hal_rcc_ex.o
 .text.LL_RCC_IC4_Enable
                0x24102a24       0x1c ./Drivers/STM32N6xx_HAL_Driver/stm32n6xx_hal_rcc_ex.o
 .text.LL_RCC_IC4_IsEnabled
                0x24102a40       0x28 ./Drivers/STM32N6xx_HAL_Driver/stm32n6xx_hal_rcc_ex.o
 .text.LL_RCC_IC4_GetSource
                0x24102a68       0x1c ./Drivers/STM32N6xx_HAL_Driver/stm32n6xx_hal_rcc_ex.o
 .text.LL_RCC_IC4_GetDivider
                0x24102a84       0x20 ./Drivers/STM32N6xx_HAL_Driver/stm32n6xx_hal_rcc_ex.o
 .text.LL_RCC_IC5_Enable
                0x24102aa4       0x1c ./Drivers/STM32N6xx_HAL_Driver/stm32n6xx_hal_rcc_ex.o
 .text.LL_RCC_IC5_IsEnabled
                0x24102ac0       0x28 ./Drivers/STM32N6xx_HAL_Driver/stm32n6xx_hal_rcc_ex.o
 .text.LL_RCC_IC5_GetSource
                0x24102ae8       0x1c ./Drivers/STM32N6xx_HAL_Driver/stm32n6xx_hal_rcc_ex.o
 .text.LL_RCC_IC5_GetDivider
                0x24102b04       0x20 ./Drivers/STM32N6xx_HAL_Driver/stm32n6xx_hal_rcc_ex.o
 .text.LL_RCC_IC7_Enable
                0x24102b24       0x1c ./Drivers/STM32N6xx_HAL_Driver/stm32n6xx_hal_rcc_ex.o
 .text.LL_RCC_IC7_IsEnabled
                0x24102b40       0x28 ./Drivers/STM32N6xx_HAL_Driver/stm32n6xx_hal_rcc_ex.o
 .text.LL_RCC_IC7_GetSource
                0x24102b68       0x1c ./Drivers/STM32N6xx_HAL_Driver/stm32n6xx_hal_rcc_ex.o
 .text.LL_RCC_IC7_GetDivider
                0x24102b84       0x20 ./Drivers/STM32N6xx_HAL_Driver/stm32n6xx_hal_rcc_ex.o
 .text.LL_RCC_IC8_Enable
                0x24102ba4       0x1c ./Drivers/STM32N6xx_HAL_Driver/stm32n6xx_hal_rcc_ex.o
 .text.LL_RCC_IC8_IsEnabled
                0x24102bc0       0x28 ./Drivers/STM32N6xx_HAL_Driver/stm32n6xx_hal_rcc_ex.o
 .text.LL_RCC_IC8_GetSource
                0x24102be8       0x1c ./Drivers/STM32N6xx_HAL_Driver/stm32n6xx_hal_rcc_ex.o
 .text.LL_RCC_IC8_GetDivider
                0x24102c04       0x20 ./Drivers/STM32N6xx_HAL_Driver/stm32n6xx_hal_rcc_ex.o
 .text.LL_RCC_IC9_Enable
                0x24102c24       0x1c ./Drivers/STM32N6xx_HAL_Driver/stm32n6xx_hal_rcc_ex.o
 .text.LL_RCC_IC9_IsEnabled
                0x24102c40       0x28 ./Drivers/STM32N6xx_HAL_Driver/stm32n6xx_hal_rcc_ex.o
 .text.LL_RCC_IC9_GetSource
                0x24102c68       0x1c ./Drivers/STM32N6xx_HAL_Driver/stm32n6xx_hal_rcc_ex.o
 .text.LL_RCC_IC9_GetDivider
                0x24102c84       0x20 ./Drivers/STM32N6xx_HAL_Driver/stm32n6xx_hal_rcc_ex.o
 .text.LL_RCC_IC10_Enable
                0x24102ca4       0x1c ./Drivers/STM32N6xx_HAL_Driver/stm32n6xx_hal_rcc_ex.o
 .text.LL_RCC_IC10_IsEnabled
                0x24102cc0       0x28 ./Drivers/STM32N6xx_HAL_Driver/stm32n6xx_hal_rcc_ex.o
 .text.LL_RCC_IC10_GetSource
                0x24102ce8       0x1c ./Drivers/STM32N6xx_HAL_Driver/stm32n6xx_hal_rcc_ex.o
 .text.LL_RCC_IC10_GetDivider
                0x24102d04       0x20 ./Drivers/STM32N6xx_HAL_Driver/stm32n6xx_hal_rcc_ex.o
 .text.LL_RCC_IC12_Enable
                0x24102d24       0x1c ./Drivers/STM32N6xx_HAL_Driver/stm32n6xx_hal_rcc_ex.o
 .text.LL_RCC_IC12_IsEnabled
                0x24102d40       0x28 ./Drivers/STM32N6xx_HAL_Driver/stm32n6xx_hal_rcc_ex.o
 .text.LL_RCC_IC12_GetSource
                0x24102d68       0x1c ./Drivers/STM32N6xx_HAL_Driver/stm32n6xx_hal_rcc_ex.o
 .text.LL_RCC_IC12_GetDivider
                0x24102d84       0x20 ./Drivers/STM32N6xx_HAL_Driver/stm32n6xx_hal_rcc_ex.o
 .text.LL_RCC_IC13_Enable
                0x24102da4       0x1c ./Drivers/STM32N6xx_HAL_Driver/stm32n6xx_hal_rcc_ex.o
 .text.LL_RCC_IC13_IsEnabled
                0x24102dc0       0x28 ./Drivers/STM32N6xx_HAL_Driver/stm32n6xx_hal_rcc_ex.o
 .text.LL_RCC_IC13_GetSource
                0x24102de8       0x1c ./Drivers/STM32N6xx_HAL_Driver/stm32n6xx_hal_rcc_ex.o
 .text.LL_RCC_IC13_GetDivider
                0x24102e04       0x20 ./Drivers/STM32N6xx_HAL_Driver/stm32n6xx_hal_rcc_ex.o
 .text.LL_RCC_IC14_Enable
                0x24102e24       0x1c ./Drivers/STM32N6xx_HAL_Driver/stm32n6xx_hal_rcc_ex.o
 .text.LL_RCC_IC14_IsEnabled
                0x24102e40       0x28 ./Drivers/STM32N6xx_HAL_Driver/stm32n6xx_hal_rcc_ex.o
 .text.LL_RCC_IC14_GetSource
                0x24102e68       0x1c ./Drivers/STM32N6xx_HAL_Driver/stm32n6xx_hal_rcc_ex.o
 .text.LL_RCC_IC14_GetDivider
                0x24102e84       0x20 ./Drivers/STM32N6xx_HAL_Driver/stm32n6xx_hal_rcc_ex.o
 .text.LL_RCC_IC15_Enable
                0x24102ea4       0x1c ./Drivers/STM32N6xx_HAL_Driver/stm32n6xx_hal_rcc_ex.o
 .text.LL_RCC_IC15_IsEnabled
                0x24102ec0       0x28 ./Drivers/STM32N6xx_HAL_Driver/stm32n6xx_hal_rcc_ex.o
 .text.LL_RCC_IC15_GetSource
                0x24102ee8       0x1c ./Drivers/STM32N6xx_HAL_Driver/stm32n6xx_hal_rcc_ex.o
 .text.LL_RCC_IC15_GetDivider
                0x24102f04       0x20 ./Drivers/STM32N6xx_HAL_Driver/stm32n6xx_hal_rcc_ex.o
 .text.LL_RCC_IC16_Enable
                0x24102f24       0x1c ./Drivers/STM32N6xx_HAL_Driver/stm32n6xx_hal_rcc_ex.o
 .text.LL_RCC_IC16_IsEnabled
                0x24102f40       0x28 ./Drivers/STM32N6xx_HAL_Driver/stm32n6xx_hal_rcc_ex.o
 .text.LL_RCC_IC16_GetSource
                0x24102f68       0x1c ./Drivers/STM32N6xx_HAL_Driver/stm32n6xx_hal_rcc_ex.o
 .text.LL_RCC_IC16_GetDivider
                0x24102f84       0x20 ./Drivers/STM32N6xx_HAL_Driver/stm32n6xx_hal_rcc_ex.o
 .text.LL_RCC_IC17_Enable
                0x24102fa4       0x1c ./Drivers/STM32N6xx_HAL_Driver/stm32n6xx_hal_rcc_ex.o
 .text.LL_RCC_IC17_IsEnabled
                0x24102fc0       0x28 ./Drivers/STM32N6xx_HAL_Driver/stm32n6xx_hal_rcc_ex.o
 .text.LL_RCC_IC17_GetSource
                0x24102fe8       0x1c ./Drivers/STM32N6xx_HAL_Driver/stm32n6xx_hal_rcc_ex.o
 .text.LL_RCC_IC17_GetDivider
                0x24103004       0x20 ./Drivers/STM32N6xx_HAL_Driver/stm32n6xx_hal_rcc_ex.o
 .text.LL_RCC_IC18_Enable
                0x24103024       0x1c ./Drivers/STM32N6xx_HAL_Driver/stm32n6xx_hal_rcc_ex.o
 .text.LL_RCC_IC18_IsEnabled
                0x24103040       0x28 ./Drivers/STM32N6xx_HAL_Driver/stm32n6xx_hal_rcc_ex.o
 .text.LL_RCC_IC18_GetSource
                0x24103068       0x1c ./Drivers/STM32N6xx_HAL_Driver/stm32n6xx_hal_rcc_ex.o
 .text.LL_RCC_IC18_GetDivider
                0x24103084       0x20 ./Drivers/STM32N6xx_HAL_Driver/stm32n6xx_hal_rcc_ex.o
 .text.LL_RCC_IC19_Enable
                0x241030a4       0x1c ./Drivers/STM32N6xx_HAL_Driver/stm32n6xx_hal_rcc_ex.o
 .text.LL_RCC_IC19_IsEnabled
                0x241030c0       0x28 ./Drivers/STM32N6xx_HAL_Driver/stm32n6xx_hal_rcc_ex.o
 .text.LL_RCC_IC19_GetSource
                0x241030e8       0x1c ./Drivers/STM32N6xx_HAL_Driver/stm32n6xx_hal_rcc_ex.o
 .text.LL_RCC_IC19_GetDivider
                0x24103104       0x20 ./Drivers/STM32N6xx_HAL_Driver/stm32n6xx_hal_rcc_ex.o
 .text.LL_RCC_IC20_Enable
                0x24103124       0x1c ./Drivers/STM32N6xx_HAL_Driver/stm32n6xx_hal_rcc_ex.o
 .text.LL_RCC_IC20_IsEnabled
                0x24103140       0x28 ./Drivers/STM32N6xx_HAL_Driver/stm32n6xx_hal_rcc_ex.o
 .text.LL_RCC_IC20_GetSource
                0x24103168       0x1c ./Drivers/STM32N6xx_HAL_Driver/stm32n6xx_hal_rcc_ex.o
 .text.LL_RCC_IC20_GetDivider
                0x24103184       0x20 ./Drivers/STM32N6xx_HAL_Driver/stm32n6xx_hal_rcc_ex.o
 .text.LL_RCC_CLKP_Enable
                0x241031a4       0x1c ./Drivers/STM32N6xx_HAL_Driver/stm32n6xx_hal_rcc_ex.o
 .text.LL_RCC_CLKP_IsEnabled
                0x241031c0       0x28 ./Drivers/STM32N6xx_HAL_Driver/stm32n6xx_hal_rcc_ex.o
 .text.HAL_RCCEx_PeriphCLKConfig
                0x241031e8     0x25c8 ./Drivers/STM32N6xx_HAL_Driver/stm32n6xx_hal_rcc_ex.o
                0x241031e8                HAL_RCCEx_PeriphCLKConfig
 .text.HAL_RCCEx_GetPeriphCLKFreq
                0x241057b0      0x938 ./Drivers/STM32N6xx_HAL_Driver/stm32n6xx_hal_rcc_ex.o
                0x241057b0                HAL_RCCEx_GetPeriphCLKFreq
 .text.HAL_RCCEx_GetPLL1CLKFreq
                0x241060e8       0x8c ./Drivers/STM32N6xx_HAL_Driver/stm32n6xx_hal_rcc_ex.o
                0x241060e8                HAL_RCCEx_GetPLL1CLKFreq
 .text.HAL_RCCEx_GetPLL2CLKFreq
                0x24106174       0x8c ./Drivers/STM32N6xx_HAL_Driver/stm32n6xx_hal_rcc_ex.o
                0x24106174                HAL_RCCEx_GetPLL2CLKFreq
 .text.HAL_RCCEx_GetPLL3CLKFreq
                0x24106200       0x8c ./Drivers/STM32N6xx_HAL_Driver/stm32n6xx_hal_rcc_ex.o
                0x24106200                HAL_RCCEx_GetPLL3CLKFreq
 .text.HAL_RCCEx_GetPLL4CLKFreq
                0x2410628c       0x8c ./Drivers/STM32N6xx_HAL_Driver/stm32n6xx_hal_rcc_ex.o
                0x2410628c                HAL_RCCEx_GetPLL4CLKFreq
 .text.RCCEx_GetHCLKFreq
                0x24106318       0x22 ./Drivers/STM32N6xx_HAL_Driver/stm32n6xx_hal_rcc_ex.o
 .text.RCCEx_GetPCLK1Freq
                0x2410633a       0x20 ./Drivers/STM32N6xx_HAL_Driver/stm32n6xx_hal_rcc_ex.o
 .text.RCCEx_GetPCLK2Freq
                0x2410635a       0x22 ./Drivers/STM32N6xx_HAL_Driver/stm32n6xx_hal_rcc_ex.o
 .text.RCCEx_GetPCLK4Freq
                0x2410637c       0x22 ./Drivers/STM32N6xx_HAL_Driver/stm32n6xx_hal_rcc_ex.o
 .text.RCCEx_GetPCLK5Freq
                0x2410639e       0x22 ./Drivers/STM32N6xx_HAL_Driver/stm32n6xx_hal_rcc_ex.o
 .text.RCCEx_GetPLLSourceFreq
                0x241063c0       0xbc ./Drivers/STM32N6xx_HAL_Driver/stm32n6xx_hal_rcc_ex.o
 .text.RCCEx_CalcPLLFreq
                0x2410647c       0x98 ./Drivers/STM32N6xx_HAL_Driver/stm32n6xx_hal_rcc_ex.o
 .text.RCCEx_GetADCCLKFreq
                0x24106514      0x204 ./Drivers/STM32N6xx_HAL_Driver/stm32n6xx_hal_rcc_ex.o
 .text.RCCEx_GetADFCLKFreq
                0x24106718      0x1d8 ./Drivers/STM32N6xx_HAL_Driver/stm32n6xx_hal_rcc_ex.o
 .text.RCCEx_GetCLKPCLKFreq
                0x241068f0      0x36c ./Drivers/STM32N6xx_HAL_Driver/stm32n6xx_hal_rcc_ex.o
 .text.RCCEx_GetCSICLKFreq
                0x24106c5c       0x98 ./Drivers/STM32N6xx_HAL_Driver/stm32n6xx_hal_rcc_ex.o
 .text.RCCEx_GetDCMIPPCLKFreq
                0x24106cf4      0x114 ./Drivers/STM32N6xx_HAL_Driver/stm32n6xx_hal_rcc_ex.o
 .text.RCCEx_GetETH1CLKFreq
                0x24106e08      0x100 ./Drivers/STM32N6xx_HAL_Driver/stm32n6xx_hal_rcc_ex.o
 .text.RCCEx_GetETH1PTPCLKFreq
                0x24106f08      0x108 ./Drivers/STM32N6xx_HAL_Driver/stm32n6xx_hal_rcc_ex.o
 .text.RCCEx_GetFDCANCLKFreq
                0x24107010      0x100 ./Drivers/STM32N6xx_HAL_Driver/stm32n6xx_hal_rcc_ex.o
 .text.RCCEx_GetFMCCLKFreq
                0x24107110      0x16e ./Drivers/STM32N6xx_HAL_Driver/stm32n6xx_hal_rcc_ex.o
 *fill*         0x2410727e        0x2 
 .text.RCCEx_GetI2CCLKFreq
                0x24107280      0x350 ./Drivers/STM32N6xx_HAL_Driver/stm32n6xx_hal_rcc_ex.o
 .text.RCCEx_GetI3CCLKFreq
                0x241075d0      0x268 ./Drivers/STM32N6xx_HAL_Driver/stm32n6xx_hal_rcc_ex.o
 .text.RCCEx_GetLPTIMCLKFreq
                0x24107838      0x354 ./Drivers/STM32N6xx_HAL_Driver/stm32n6xx_hal_rcc_ex.o
 .text.RCCEx_GetLPUARTCLKFreq
                0x24107b8c      0x204 ./Drivers/STM32N6xx_HAL_Driver/stm32n6xx_hal_rcc_ex.o
 .text.RCCEx_GetLTDCCLKFreq
                0x24107d90      0x114 ./Drivers/STM32N6xx_HAL_Driver/stm32n6xx_hal_rcc_ex.o
 .text.RCCEx_GetMDFCLKFreq
                0x24107ea4      0x214 ./Drivers/STM32N6xx_HAL_Driver/stm32n6xx_hal_rcc_ex.o
 .text.RCCEx_GetPSSICLKFreq
                0x241080b8      0x104 ./Drivers/STM32N6xx_HAL_Driver/stm32n6xx_hal_rcc_ex.o
 .text.RCCEx_GetRTCCLKFreq
                0x241081bc       0xa4 ./Drivers/STM32N6xx_HAL_Driver/stm32n6xx_hal_rcc_ex.o
 .text.RCCEx_GetSAICLKFreq
                0x24108260      0x2cc ./Drivers/STM32N6xx_HAL_Driver/stm32n6xx_hal_rcc_ex.o
 .text.RCCEx_GetSDMMCCLKFreq
                0x2410852c      0x1d4 ./Drivers/STM32N6xx_HAL_Driver/stm32n6xx_hal_rcc_ex.o
 .text.RCCEx_GetSPDIFRXCLKFreq
                0x24108700      0x1c8 ./Drivers/STM32N6xx_HAL_Driver/stm32n6xx_hal_rcc_ex.o
 .text.RCCEx_GetSPICLKFreq
                0x241088c8      0x5a4 ./Drivers/STM32N6xx_HAL_Driver/stm32n6xx_hal_rcc_ex.o
 .text.RCCEx_GetUARTCLKFreq
                0x24108e6c      0x454 ./Drivers/STM32N6xx_HAL_Driver/stm32n6xx_hal_rcc_ex.o
 .text.RCCEx_GetUSARTCLKFreq
                0x241092c0      0x454 ./Drivers/STM32N6xx_HAL_Driver/stm32n6xx_hal_rcc_ex.o
 .text.RCCEx_GetOTGPHYCLKFreq
                0x24109714      0x16c ./Drivers/STM32N6xx_HAL_Driver/stm32n6xx_hal_rcc_ex.o
 .text.RCCEx_GetOTGPHYCKREFCLKFreq
                0x24109880       0xa0 ./Drivers/STM32N6xx_HAL_Driver/stm32n6xx_hal_rcc_ex.o
 .text.RCCEx_GetXSPICLKFreq
                0x24109920      0x220 ./Drivers/STM32N6xx_HAL_Driver/stm32n6xx_hal_rcc_ex.o
 .text.HAL_SD_Init
                0x24109b40      0x106 ./Drivers/STM32N6xx_HAL_Driver/stm32n6xx_hal_sd.o
                0x24109b40                HAL_SD_Init
 *fill*         0x24109c46        0x2 
 .text.HAL_SD_InitCard
                0x24109c48      0x168 ./Drivers/STM32N6xx_HAL_Driver/stm32n6xx_hal_sd.o
                0x24109c48                HAL_SD_InitCard
 .text.HAL_SD_GetCardCSD
                0x24109db0      0x348 ./Drivers/STM32N6xx_HAL_Driver/stm32n6xx_hal_sd.o
                0x24109db0                HAL_SD_GetCardCSD
 .text.HAL_SD_GetCardStatus
                0x2410a0f8      0x17c ./Drivers/STM32N6xx_HAL_Driver/stm32n6xx_hal_sd.o
                0x2410a0f8                HAL_SD_GetCardStatus
 .text.HAL_SD_ConfigWideBusOperation
                0x2410a274      0x244 ./Drivers/STM32N6xx_HAL_Driver/stm32n6xx_hal_sd.o
                0x2410a274                HAL_SD_ConfigWideBusOperation
 .text.HAL_SD_GetCardState
                0x2410a4b8       0x40 ./Drivers/STM32N6xx_HAL_Driver/stm32n6xx_hal_sd.o
                0x2410a4b8                HAL_SD_GetCardState
 .text.SD_InitCard
                0x2410a4f8      0x19c ./Drivers/STM32N6xx_HAL_Driver/stm32n6xx_hal_sd.o
 .text.SD_PowerON
                0x2410a694      0x11c ./Drivers/STM32N6xx_HAL_Driver/stm32n6xx_hal_sd.o
 .text.SD_SendSDStatus
                0x2410a7b0      0x1a0 ./Drivers/STM32N6xx_HAL_Driver/stm32n6xx_hal_sd.o
 .text.SD_SendStatus
                0x2410a950       0x50 ./Drivers/STM32N6xx_HAL_Driver/stm32n6xx_hal_sd.o
 .text.SD_WideBus_Enable
                0x2410a9a0       0x96 ./Drivers/STM32N6xx_HAL_Driver/stm32n6xx_hal_sd.o
 .text.SD_WideBus_Disable
                0x2410aa36       0x96 ./Drivers/STM32N6xx_HAL_Driver/stm32n6xx_hal_sd.o
 .text.SD_FindSCR
                0x2410aacc      0x1a0 ./Drivers/STM32N6xx_HAL_Driver/stm32n6xx_hal_sd.o
 .text.LL_AHB5_GRP1_IsEnabledClock
                0x2410ac6c       0x30 ./Drivers/STM32N6xx_HAL_Driver/stm32n6xx_hal_xspi.o
 .text.HAL_XSPI_Init
                0x2410ac9c      0x1f4 ./Drivers/STM32N6xx_HAL_Driver/stm32n6xx_hal_xspi.o
                0x2410ac9c                HAL_XSPI_Init
 .text.HAL_XSPI_SetTimeout
                0x2410ae90       0x1e ./Drivers/STM32N6xx_HAL_Driver/stm32n6xx_hal_xspi.o
                0x2410ae90                HAL_XSPI_SetTimeout
 *fill*         0x2410aeae        0x2 
 .text.HAL_XSPIM_Config
                0x2410aeb0      0x258 ./Drivers/STM32N6xx_HAL_Driver/stm32n6xx_hal_xspi.o
                0x2410aeb0                HAL_XSPIM_Config
 .text.XSPI_WaitFlagStateUntilTimeout
                0x2410b108       0x6c ./Drivers/STM32N6xx_HAL_Driver/stm32n6xx_hal_xspi.o
 .text.XSPIM_GetConfig
                0x2410b174       0xc8 ./Drivers/STM32N6xx_HAL_Driver/stm32n6xx_hal_xspi.o
 .text.SDMMC_Init
                0x2410b23c       0x54 ./Drivers/STM32N6xx_HAL_Driver/stm32n6xx_ll_sdmmc.o
                0x2410b23c                SDMMC_Init
 .text.SDMMC_ReadFIFO
                0x2410b290       0x1a ./Drivers/STM32N6xx_HAL_Driver/stm32n6xx_ll_sdmmc.o
                0x2410b290                SDMMC_ReadFIFO
 .text.SDMMC_PowerState_ON
                0x2410b2aa       0x22 ./Drivers/STM32N6xx_HAL_Driver/stm32n6xx_ll_sdmmc.o
                0x2410b2aa                SDMMC_PowerState_ON
 .text.SDMMC_GetPowerState
                0x2410b2cc       0x1c ./Drivers/STM32N6xx_HAL_Driver/stm32n6xx_ll_sdmmc.o
                0x2410b2cc                SDMMC_GetPowerState
 .text.SDMMC_SendCommand
                0x2410b2e8       0x54 ./Drivers/STM32N6xx_HAL_Driver/stm32n6xx_ll_sdmmc.o
                0x2410b2e8                SDMMC_SendCommand
 .text.SDMMC_GetCommandResponse
                0x2410b33c       0x1a ./Drivers/STM32N6xx_HAL_Driver/stm32n6xx_ll_sdmmc.o
                0x2410b33c                SDMMC_GetCommandResponse
 .text.SDMMC_GetResponse
                0x2410b356       0x26 ./Drivers/STM32N6xx_HAL_Driver/stm32n6xx_ll_sdmmc.o
                0x2410b356                SDMMC_GetResponse
 .text.SDMMC_ConfigData
                0x2410b37c       0x58 ./Drivers/STM32N6xx_HAL_Driver/stm32n6xx_ll_sdmmc.o
                0x2410b37c                SDMMC_ConfigData
 .text.SDMMC_CmdBlockLength
                0x2410b3d4       0x46 ./Drivers/STM32N6xx_HAL_Driver/stm32n6xx_ll_sdmmc.o
                0x2410b3d4                SDMMC_CmdBlockLength
 .text.SDMMC_CmdSelDesel
                0x2410b41a       0x46 ./Drivers/STM32N6xx_HAL_Driver/stm32n6xx_ll_sdmmc.o
                0x2410b41a                SDMMC_CmdSelDesel
 .text.SDMMC_CmdGoIdleState
                0x2410b460       0x3c ./Drivers/STM32N6xx_HAL_Driver/stm32n6xx_ll_sdmmc.o
                0x2410b460                SDMMC_CmdGoIdleState
 .text.SDMMC_CmdOperCond
                0x2410b49c       0x40 ./Drivers/STM32N6xx_HAL_Driver/stm32n6xx_ll_sdmmc.o
                0x2410b49c                SDMMC_CmdOperCond
 .text.SDMMC_CmdAppCommand
                0x2410b4dc       0x46 ./Drivers/STM32N6xx_HAL_Driver/stm32n6xx_ll_sdmmc.o
                0x2410b4dc                SDMMC_CmdAppCommand
 .text.SDMMC_CmdAppOperCommand
                0x2410b522       0x40 ./Drivers/STM32N6xx_HAL_Driver/stm32n6xx_ll_sdmmc.o
                0x2410b522                SDMMC_CmdAppOperCommand
 .text.SDMMC_CmdBusWidth
                0x2410b562       0x46 ./Drivers/STM32N6xx_HAL_Driver/stm32n6xx_ll_sdmmc.o
                0x2410b562                SDMMC_CmdBusWidth
 .text.SDMMC_CmdSendSCR
                0x2410b5a8       0x44 ./Drivers/STM32N6xx_HAL_Driver/stm32n6xx_ll_sdmmc.o
                0x2410b5a8                SDMMC_CmdSendSCR
 .text.SDMMC_CmdSendCID
                0x2410b5ec       0x3e ./Drivers/STM32N6xx_HAL_Driver/stm32n6xx_ll_sdmmc.o
                0x2410b5ec                SDMMC_CmdSendCID
 .text.SDMMC_CmdSendCSD
                0x2410b62a       0x40 ./Drivers/STM32N6xx_HAL_Driver/stm32n6xx_ll_sdmmc.o
                0x2410b62a                SDMMC_CmdSendCSD
 .text.SDMMC_CmdSetRelAdd
                0x2410b66a       0x44 ./Drivers/STM32N6xx_HAL_Driver/stm32n6xx_ll_sdmmc.o
                0x2410b66a                SDMMC_CmdSetRelAdd
 .text.SDMMC_CmdSendStatus
                0x2410b6ae       0x46 ./Drivers/STM32N6xx_HAL_Driver/stm32n6xx_ll_sdmmc.o
                0x2410b6ae                SDMMC_CmdSendStatus
 .text.SDMMC_CmdStatusRegister
                0x2410b6f4       0x44 ./Drivers/STM32N6xx_HAL_Driver/stm32n6xx_ll_sdmmc.o
                0x2410b6f4                SDMMC_CmdStatusRegister
 .text.SDMMC_GetCmdResp1
                0x2410b738      0x1e4 ./Drivers/STM32N6xx_HAL_Driver/stm32n6xx_ll_sdmmc.o
                0x2410b738                SDMMC_GetCmdResp1
 .text.SDMMC_GetCmdResp2
                0x2410b91c       0x94 ./Drivers/STM32N6xx_HAL_Driver/stm32n6xx_ll_sdmmc.o
                0x2410b91c                SDMMC_GetCmdResp2
 .text.SDMMC_GetCmdResp3
                0x2410b9b0       0x80 ./Drivers/STM32N6xx_HAL_Driver/stm32n6xx_ll_sdmmc.o
                0x2410b9b0                SDMMC_GetCmdResp3
 .text.SDMMC_GetCmdResp6
                0x2410ba30       0xf0 ./Drivers/STM32N6xx_HAL_Driver/stm32n6xx_ll_sdmmc.o
                0x2410ba30                SDMMC_GetCmdResp6
 .text.SDMMC_GetCmdResp7
                0x2410bb20       0x9c ./Drivers/STM32N6xx_HAL_Driver/stm32n6xx_ll_sdmmc.o
                0x2410bb20                SDMMC_GetCmdResp7
 .text.SDMMC_GetCmdError
                0x2410bbbc       0x5c ./Drivers/STM32N6xx_HAL_Driver/stm32n6xx_ll_sdmmc.o
 .text.USB_CoreInit
                0x2410bc18       0x8a ./Drivers/STM32N6xx_HAL_Driver/stm32n6xx_ll_usb.o
                0x2410bc18                USB_CoreInit
 .text.USB_DisableGlobalInt
                0x2410bca2       0x22 ./Drivers/STM32N6xx_HAL_Driver/stm32n6xx_ll_usb.o
                0x2410bca2                USB_DisableGlobalInt
 .text.USB_SetCurrentMode
                0x2410bcc4       0x98 ./Drivers/STM32N6xx_HAL_Driver/stm32n6xx_ll_usb.o
                0x2410bcc4                USB_SetCurrentMode
 .text.USB_DevInit
                0x2410bd5c      0x2c8 ./Drivers/STM32N6xx_HAL_Driver/stm32n6xx_ll_usb.o
                0x2410bd5c                USB_DevInit
 .text.USB_FlushTxFifo
                0x2410c024       0x64 ./Drivers/STM32N6xx_HAL_Driver/stm32n6xx_ll_usb.o
                0x2410c024                USB_FlushTxFifo
 .text.USB_FlushRxFifo
                0x2410c088       0x5c ./Drivers/STM32N6xx_HAL_Driver/stm32n6xx_ll_usb.o
                0x2410c088                USB_FlushRxFifo
 .text.USB_SetDevSpeed
                0x2410c0e4       0x32 ./Drivers/STM32N6xx_HAL_Driver/stm32n6xx_ll_usb.o
                0x2410c0e4                USB_SetDevSpeed
 .text.USB_DevDisconnect
                0x2410c116       0x42 ./Drivers/STM32N6xx_HAL_Driver/stm32n6xx_ll_usb.o
                0x2410c116                USB_DevDisconnect
 .text.USB_GetMode
                0x2410c158       0x1c ./Drivers/STM32N6xx_HAL_Driver/stm32n6xx_ll_usb.o
                0x2410c158                USB_GetMode
 .text.USB_CoreReset
                0x2410c174       0x70 ./Drivers/STM32N6xx_HAL_Driver/stm32n6xx_ll_usb.o
 .text.memset   0x2410c1e4       0x10 C:/ST/STM32CubeIDE_2.1.1/STM32CubeIDE/plugins/com.st.stm32cube.ide.mcu.externaltools.gnu-tools-for-stm32.14.3.rel1.win32_1.0.100.202602081740/tools/bin/../lib/gcc/arm-none-eabi/14.3.1/../../../../arm-none-eabi/lib/thumb/v8-m.main+dp/hard\libc_nano.a(libc_a-memset.o)
                0x2410c1e4                memset
 .text.__libc_init_array
                0x2410c1f4       0x48 C:/ST/STM32CubeIDE_2.1.1/STM32CubeIDE/plugins/com.st.stm32cube.ide.mcu.externaltools.gnu-tools-for-stm32.14.3.rel1.win32_1.0.100.202602081740/tools/bin/../lib/gcc/arm-none-eabi/14.3.1/../../../../arm-none-eabi/lib/thumb/v8-m.main+dp/hard\libc_nano.a(libc_a-init.o)
                0x2410c1f4                __libc_init_array
 *(.glue_7)
 .glue_7        0x2410c23c        0x0 linker stubs
 *(.glue_7t)
 .glue_7t       0x2410c23c        0x0 linker stubs
 *(.eh_frame)
 .eh_frame      0x2410c23c        0x0 C:/ST/STM32CubeIDE_2.1.1/STM32CubeIDE/plugins/com.st.stm32cube.ide.mcu.externaltools.gnu-tools-for-stm32.14.3.rel1.win32_1.0.100.202602081740/tools/bin/../lib/gcc/arm-none-eabi/14.3.1/thumb/v8-m.main+dp/hard/crtbegin.o
 *(.RamFunc)
 *(.RamFunc*)
 *(.init)
 .init          0x2410c23c        0x4 C:/ST/STM32CubeIDE_2.1.1/STM32CubeIDE/plugins/com.st.stm32cube.ide.mcu.externaltools.gnu-tools-for-stm32.14.3.rel1.win32_1.0.100.202602081740/tools/bin/../lib/gcc/arm-none-eabi/14.3.1/thumb/v8-m.main+dp/hard/crti.o
                0x2410c23c                _init
 .init          0x2410c240        0x8 C:/ST/STM32CubeIDE_2.1.1/STM32CubeIDE/plugins/com.st.stm32cube.ide.mcu.externaltools.gnu-tools-for-stm32.14.3.rel1.win32_1.0.100.202602081740/tools/bin/../lib/gcc/arm-none-eabi/14.3.1/thumb/v8-m.main+dp/hard/crtn.o
 *(.fini)
 .fini          0x2410c248        0x4 C:/ST/STM32CubeIDE_2.1.1/STM32CubeIDE/plugins/com.st.stm32cube.ide.mcu.externaltools.gnu-tools-for-stm32.14.3.rel1.win32_1.0.100.202602081740/tools/bin/../lib/gcc/arm-none-eabi/14.3.1/thumb/v8-m.main+dp/hard/crti.o
                0x2410c248                _fini
 .fini          0x2410c24c        0x8 C:/ST/STM32CubeIDE_2.1.1/STM32CubeIDE/plugins/com.st.stm32cube.ide.mcu.externaltools.gnu-tools-for-stm32.14.3.rel1.win32_1.0.100.202602081740/tools/bin/../lib/gcc/arm-none-eabi/14.3.1/thumb/v8-m.main+dp/hard/crtn.o
 *fill*         0x2410c254        0x4 
 .fini.__stub   0x2410c258        0x8 linker stubs
                0x2410c260                        . = ALIGN (0x4)
                0x2410c260                        _etext = .

.vfp11_veneer   0x2410c260        0x0
 .vfp11_veneer  0x2410c260        0x0 linker stubs

.v4_bx          0x2410c260        0x0
 .v4_bx         0x2410c260        0x0 linker stubs

.iplt           0x2410c260        0x0
 .iplt          0x2410c260        0x0 C:/ST/STM32CubeIDE_2.1.1/STM32CubeIDE/plugins/com.st.stm32cube.ide.mcu.externaltools.gnu-tools-for-stm32.14.3.rel1.win32_1.0.100.202602081740/tools/bin/../lib/gcc/arm-none-eabi/14.3.1/thumb/v8-m.main+dp/hard/crtbegin.o

.rel.dyn        0x2410c260        0x0
 .rel.iplt      0x2410c260        0x0 C:/ST/STM32CubeIDE_2.1.1/STM32CubeIDE/plugins/com.st.stm32cube.ide.mcu.externaltools.gnu-tools-for-stm32.14.3.rel1.win32_1.0.100.202602081740/tools/bin/../lib/gcc/arm-none-eabi/14.3.1/thumb/v8-m.main+dp/hard/crtbegin.o

.rodata         0x2410c260        0x0
                0x2410c260                        . = ALIGN (0x4)
 *(.rodata)
 *(.rodata*)
                0x2410c260                        . = ALIGN (0x4)

.ARM.extab      0x2410c260        0x0
                0x2410c260                        . = ALIGN (0x4)
 *(.ARM.extab* .gnu.linkonce.armextab.*)
                0x2410c260                        . = ALIGN (0x4)

.ARM            0x2410c260        0x0
                0x2410c260                        . = ALIGN (0x4)
                0x2410c260                        __exidx_start = .
 *(.ARM.exidx*)
                0x2410c260                        __exidx_end = .
                0x2410c260                        . = ALIGN (0x4)

.preinit_array  0x2410c260        0x0
                0x2410c260                        . = ALIGN (0x4)
                0x2410c260                        PROVIDE (__preinit_array_start = .)
 *(.preinit_array*)
                0x2410c260                        PROVIDE (__preinit_array_end = .)
                0x2410c260                        . = ALIGN (0x4)

.init_array     0x2410c260        0x4
                0x2410c260                        . = ALIGN (0x4)
                0x2410c260                        PROVIDE (__init_array_start = .)
 *(SORT_BY_NAME(.init_array.*))
 *(.init_array*)
 .init_array    0x2410c260        0x4 C:/ST/STM32CubeIDE_2.1.1/STM32CubeIDE/plugins/com.st.stm32cube.ide.mcu.externaltools.gnu-tools-for-stm32.14.3.rel1.win32_1.0.100.202602081740/tools/bin/../lib/gcc/arm-none-eabi/14.3.1/thumb/v8-m.main+dp/hard/crtbegin.o
                0x2410c264                        PROVIDE (__init_array_end = .)
                0x2410c264                        . = ALIGN (0x4)

.fini_array     0x2410c264        0x4
                0x2410c264                        . = ALIGN (0x4)
                [!provide]                        PROVIDE (__fini_array_start = .)
 *(SORT_BY_NAME(.fini_array.*))
 *(.fini_array*)
 .fini_array    0x2410c264        0x4 C:/ST/STM32CubeIDE_2.1.1/STM32CubeIDE/plugins/com.st.stm32cube.ide.mcu.externaltools.gnu-tools-for-stm32.14.3.rel1.win32_1.0.100.202602081740/tools/bin/../lib/gcc/arm-none-eabi/14.3.1/thumb/v8-m.main+dp/hard/crtbegin.o
                [!provide]                        PROVIDE (__fini_array_end = .)
                0x2410c268                        . = ALIGN (0x4)
                0x2410c268                        _sidata = LOADADDR (.data)

.data           0x24180000        0xc load address 0x2410c268
                0x24180000                        . = ALIGN (0x4)
                0x24180000                        _sdata = .
 *(.data)
 *(.data*)
 .data.SystemCoreClock
                0x24180000        0x4 ./Core/Src/system_stm32n6xx_ns.o
                0x24180000                SystemCoreClock
 .data.uwTickPrio
                0x24180004        0x4 ./Drivers/STM32N6xx_HAL_Driver/stm32n6xx_hal.o
                0x24180004                uwTickPrio
 .data.uwTickFreq
                0x24180008        0x1 ./Drivers/STM32N6xx_HAL_Driver/stm32n6xx_hal.o
                0x24180008                uwTickFreq
                0x2418000c                        . = ALIGN (0x4)
 *fill*         0x24180009        0x3 
                0x2418000c                        _edata = .

.igot.plt       0x2418000c        0x0 load address 0x2410c274
 .igot.plt      0x2418000c        0x0 C:/ST/STM32CubeIDE_2.1.1/STM32CubeIDE/plugins/com.st.stm32cube.ide.mcu.externaltools.gnu-tools-for-stm32.14.3.rel1.win32_1.0.100.202602081740/tools/bin/../lib/gcc/arm-none-eabi/14.3.1/thumb/v8-m.main+dp/hard/crtbegin.o

.noncacheable   0x2418000c        0x4 load address 0x2410c274
                0x24180010                        . = ALIGN (0x8)
 *fill*         0x2418000c        0x4 
                0x24180010                        __snoncacheable = .
 *(.noncacheable)
                0x24180010                        . = ALIGN (0x8)
                0x24180010                        __enoncacheable = .
                0x24180010                        . = ALIGN (0x4)

.bss            0x24180010      0x658 load address 0x2410c274
                0x24180010                        _sbss = .
                0x24180010                        __bss_start__ = _sbss
 *(.bss)
 .bss           0x24180010       0x1c C:/ST/STM32CubeIDE_2.1.1/STM32CubeIDE/plugins/com.st.stm32cube.ide.mcu.externaltools.gnu-tools-for-stm32.14.3.rel1.win32_1.0.100.202602081740/tools/bin/../lib/gcc/arm-none-eabi/14.3.1/thumb/v8-m.main+dp/hard/crtbegin.o
 *(.bss*)
 .bss.hcacheaxi
                0x2418002c        0xc ./Core/Src/cacheaxi.o
                0x2418002c                hcacheaxi
 .bss.hsd1      0x24180038       0x7c ./Core/Src/sdmmc.o
                0x24180038                hsd1
 .bss.hpcd_USB_OTG_HS1
                0x241800b4      0x4e4 ./Core/Src/usb_otg.o
                0x241800b4                hpcd_USB_OTG_HS1
 .bss.hxspi1    0x24180598       0x64 ./Core/Src/xspi.o
                0x24180598                hxspi1
 .bss.hxspi2    0x241805fc       0x64 ./Core/Src/xspi.o
                0x241805fc                hxspi2
 .bss.HAL_RCC_XSPIM_CLK_ENABLED
                0x24180660        0x4 ./Core/Src/xspi.o
 .bss.uwTick    0x24180664        0x4 ./Drivers/STM32N6xx_HAL_Driver/stm32n6xx_hal.o
                0x24180664                uwTick
 *(COMMON)
                0x24180668                        . = ALIGN (0x4)
                0x24180668                        _ebss = .
                0x24180668                        __bss_end__ = _ebss

._user_heap_stack
                0x24180668      0xa00 load address 0x2410c274
                0x24180668                        . = ALIGN (0x8)
                [!provide]                        PROVIDE (end = .)
                0x24180668                        PROVIDE (_end = .)
                0x24180868                        . = (. + _Min_Heap_Size)
 *fill*         0x24180668      0x200 
                0x24181068                        . = (. + _Min_Stack_Size)
 *fill*         0x24180868      0x800 
                0x24181068                        . = ALIGN (0x8)

/DISCARD/
 libc.a(*)
 libm.a(*)
 libgcc.a(*)

.ARM.attributes
                0x00000000       0x3a
 *(.ARM.attributes)
 .ARM.attributes
                0x00000000       0x24 C:/ST/STM32CubeIDE_2.1.1/STM32CubeIDE/plugins/com.st.stm32cube.ide.mcu.externaltools.gnu-tools-for-stm32.14.3.rel1.win32_1.0.100.202602081740/tools/bin/../lib/gcc/arm-none-eabi/14.3.1/thumb/v8-m.main+dp/hard/crti.o
 .ARM.attributes
                0x00000024       0x36 C:/ST/STM32CubeIDE_2.1.1/STM32CubeIDE/plugins/com.st.stm32cube.ide.mcu.externaltools.gnu-tools-for-stm32.14.3.rel1.win32_1.0.100.202602081740/tools/bin/../lib/gcc/arm-none-eabi/14.3.1/thumb/v8-m.main+dp/hard/crtbegin.o
 .ARM.attributes
                0x0000005a       0x3e ./Core/Src/cacheaxi.o
 .ARM.attributes
                0x00000098       0x3e ./Core/Src/gpio.o
 .ARM.attributes
                0x000000d6       0x3e ./Core/Src/main.o
 .ARM.attributes
                0x00000114       0x3e ./Core/Src/sdmmc.o
 .ARM.attributes
                0x00000152       0x3e ./Core/Src/stm32n6xx_hal_msp.o
 .ARM.attributes
                0x00000190       0x3e ./Core/Src/stm32n6xx_it.o
 .ARM.attributes
                0x000001ce       0x3e ./Core/Src/system_stm32n6xx_ns.o
 .ARM.attributes
                0x0000020c       0x3e ./Core/Src/usb_otg.o
 .ARM.attributes
                0x0000024a       0x3e ./Core/Src/xspi.o
 .ARM.attributes
                0x00000288       0x22 ./Core/Startup/startup_stm32n657i0hxq.o
 .ARM.attributes
                0x000002aa       0x3e ./Drivers/STM32N6xx_HAL_Driver/stm32n6xx_hal.o
 .ARM.attributes
                0x000002e8       0x3e ./Drivers/STM32N6xx_HAL_Driver/stm32n6xx_hal_cacheaxi.o
 .ARM.attributes
                0x00000326       0x3e ./Drivers/STM32N6xx_HAL_Driver/stm32n6xx_hal_cortex.o
 .ARM.attributes
                0x00000364       0x3e ./Drivers/STM32N6xx_HAL_Driver/stm32n6xx_hal_gpio.o
 .ARM.attributes
                0x000003a2       0x3e ./Drivers/STM32N6xx_HAL_Driver/stm32n6xx_hal_pcd.o
 .ARM.attributes
                0x000003e0       0x3e ./Drivers/STM32N6xx_HAL_Driver/stm32n6xx_hal_pcd_ex.o
 .ARM.attributes
                0x0000041e       0x3e ./Drivers/STM32N6xx_HAL_Driver/stm32n6xx_hal_pwr_ex.o
 .ARM.attributes
                0x0000045c       0x3e ./Drivers/STM32N6xx_HAL_Driver/stm32n6xx_hal_rcc.o
 .ARM.attributes
                0x0000049a       0x3e ./Drivers/STM32N6xx_HAL_Driver/stm32n6xx_hal_rcc_ex.o
 .ARM.attributes
                0x000004d8       0x3e ./Drivers/STM32N6xx_HAL_Driver/stm32n6xx_hal_sd.o
 .ARM.attributes
                0x00000516       0x3e ./Drivers/STM32N6xx_HAL_Driver/stm32n6xx_hal_xspi.o
 .ARM.attributes
                0x00000554       0x3e ./Drivers/STM32N6xx_HAL_Driver/stm32n6xx_ll_sdmmc.o
 .ARM.attributes
                0x00000592       0x3e ./Drivers/STM32N6xx_HAL_Driver/stm32n6xx_ll_usb.o
 .ARM.attributes
                0x000005d0       0x36 C:/ST/STM32CubeIDE_2.1.1/STM32CubeIDE/plugins/com.st.stm32cube.ide.mcu.externaltools.gnu-tools-for-stm32.14.3.rel1.win32_1.0.100.202602081740/tools/bin/../lib/gcc/arm-none-eabi/14.3.1/../../../../arm-none-eabi/lib/thumb/v8-m.main+dp/hard\libc_nano.a(libc_a-memset.o)
 .ARM.attributes
                0x00000606       0x36 C:/ST/STM32CubeIDE_2.1.1/STM32CubeIDE/plugins/com.st.stm32cube.ide.mcu.externaltools.gnu-tools-for-stm32.14.3.rel1.win32_1.0.100.202602081740/tools/bin/../lib/gcc/arm-none-eabi/14.3.1/../../../../arm-none-eabi/lib/thumb/v8-m.main+dp/hard\libc_nano.a(libc_a-init.o)
 .ARM.attributes
                0x0000063c       0x24 C:/ST/STM32CubeIDE_2.1.1/STM32CubeIDE/plugins/com.st.stm32cube.ide.mcu.externaltools.gnu-tools-for-stm32.14.3.rel1.win32_1.0.100.202602081740/tools/bin/../lib/gcc/arm-none-eabi/14.3.1/thumb/v8-m.main+dp/hard/crtn.o
OUTPUT(SOFTWARE_AppliNonSecure.elf elf32-littlearm)
LOAD linker stubs
LOAD C:/ST/STM32CubeIDE_2.1.1/STM32CubeIDE/plugins/com.st.stm32cube.ide.mcu.externaltools.gnu-tools-for-stm32.14.3.rel1.win32_1.0.100.202602081740/tools/bin/../lib/gcc/arm-none-eabi/14.3.1/../../../../arm-none-eabi/lib/thumb/v8-m.main+dp/hard\libc.a
LOAD C:/ST/STM32CubeIDE_2.1.1/STM32CubeIDE/plugins/com.st.stm32cube.ide.mcu.externaltools.gnu-tools-for-stm32.14.3.rel1.win32_1.0.100.202602081740/tools/bin/../lib/gcc/arm-none-eabi/14.3.1/../../../../arm-none-eabi/lib/thumb/v8-m.main+dp/hard\libm.a
LOAD C:/ST/STM32CubeIDE_2.1.1/STM32CubeIDE/plugins/com.st.stm32cube.ide.mcu.externaltools.gnu-tools-for-stm32.14.3.rel1.win32_1.0.100.202602081740/tools/bin/../lib/gcc/arm-none-eabi/14.3.1/thumb/v8-m.main+dp/hard\libgcc.a

.debug_info     0x00000000    0x1ce10
 .debug_info    0x00000000     0x1240 ./Core/Src/cacheaxi.o
 .debug_info    0x00001240     0x11b9 ./Core/Src/gpio.o
 .debug_info    0x000023f9      0x13e ./Core/Src/main.o
 .debug_info    0x00002537     0x1cdc ./Core/Src/sdmmc.o
 .debug_info    0x00004213       0xad ./Core/Src/stm32n6xx_hal_msp.o
 .debug_info    0x000042c0       0xf8 ./Core/Src/stm32n6xx_it.o
 .debug_info    0x000043b8      0x426 ./Core/Src/system_stm32n6xx_ns.o
 .debug_info    0x000047de     0x1ca6 ./Core/Src/usb_otg.o
 .debug_info    0x00006484     0x2341 ./Core/Src/xspi.o
 .debug_info    0x000087c5       0x30 ./Core/Startup/startup_stm32n657i0hxq.o
 .debug_info    0x000087f5     0x27c6 ./Drivers/STM32N6xx_HAL_Driver/stm32n6xx_hal.o
 .debug_info    0x0000afbb      0x96a ./Drivers/STM32N6xx_HAL_Driver/stm32n6xx_hal_cacheaxi.o
 .debug_info    0x0000b925     0x1350 ./Drivers/STM32N6xx_HAL_Driver/stm32n6xx_hal_cortex.o
 .debug_info    0x0000cc75      0xa8f ./Drivers/STM32N6xx_HAL_Driver/stm32n6xx_hal_gpio.o
 .debug_info    0x0000d704     0x14e4 ./Drivers/STM32N6xx_HAL_Driver/stm32n6xx_hal_pcd.o
 .debug_info    0x0000ebe8      0x8a5 ./Drivers/STM32N6xx_HAL_Driver/stm32n6xx_hal_pcd_ex.o
 .debug_info    0x0000f48d      0xd08 ./Drivers/STM32N6xx_HAL_Driver/stm32n6xx_hal_pwr_ex.o
 .debug_info    0x00010195     0x2161 ./Drivers/STM32N6xx_HAL_Driver/stm32n6xx_hal_rcc.o
 .debug_info    0x000122f6     0x3841 ./Drivers/STM32N6xx_HAL_Driver/stm32n6xx_hal_rcc_ex.o
 .debug_info    0x00015b37     0x1a0d ./Drivers/STM32N6xx_HAL_Driver/stm32n6xx_hal_sd.o
 .debug_info    0x00017544     0x2c1c ./Drivers/STM32N6xx_HAL_Driver/stm32n6xx_hal_xspi.o
 .debug_info    0x0001a160     0x16a0 ./Drivers/STM32N6xx_HAL_Driver/stm32n6xx_ll_sdmmc.o
 .debug_info    0x0001b800     0x1610 ./Drivers/STM32N6xx_HAL_Driver/stm32n6xx_ll_usb.o

.debug_abbrev   0x00000000     0x2ffc
 .debug_abbrev  0x00000000      0x203 ./Core/Src/cacheaxi.o
 .debug_abbrev  0x00000203      0x19d ./Core/Src/gpio.o
 .debug_abbrev  0x000003a0       0xd8 ./Core/Src/main.o
 .debug_abbrev  0x00000478      0x254 ./Core/Src/sdmmc.o
 .debug_abbrev  0x000006cc       0x5a ./Core/Src/stm32n6xx_hal_msp.o
 .debug_abbrev  0x00000726       0x73 ./Core/Src/stm32n6xx_it.o
 .debug_abbrev  0x00000799      0x122 ./Core/Src/system_stm32n6xx_ns.o
 .debug_abbrev  0x000008bb      0x27a ./Core/Src/usb_otg.o
 .debug_abbrev  0x00000b35      0x25f ./Core/Src/xspi.o
 .debug_abbrev  0x00000d94       0x24 ./Core/Startup/startup_stm32n657i0hxq.o
 .debug_abbrev  0x00000db8      0x2bd ./Drivers/STM32N6xx_HAL_Driver/stm32n6xx_hal.o
 .debug_abbrev  0x00001075      0x233 ./Drivers/STM32N6xx_HAL_Driver/stm32n6xx_hal_cacheaxi.o
 .debug_abbrev  0x000012a8      0x346 ./Drivers/STM32N6xx_HAL_Driver/stm32n6xx_hal_cortex.o
 .debug_abbrev  0x000015ee      0x24d ./Drivers/STM32N6xx_HAL_Driver/stm32n6xx_hal_gpio.o
 .debug_abbrev  0x0000183b      0x2dd ./Drivers/STM32N6xx_HAL_Driver/stm32n6xx_hal_pcd.o
 .debug_abbrev  0x00001b18      0x257 ./Drivers/STM32N6xx_HAL_Driver/stm32n6xx_hal_pcd_ex.o
 .debug_abbrev  0x00001d6f      0x265 ./Drivers/STM32N6xx_HAL_Driver/stm32n6xx_hal_pwr_ex.o
 .debug_abbrev  0x00001fd4      0x36a ./Drivers/STM32N6xx_HAL_Driver/stm32n6xx_hal_rcc.o
 .debug_abbrev  0x0000233e      0x305 ./Drivers/STM32N6xx_HAL_Driver/stm32n6xx_hal_rcc_ex.o
 .debug_abbrev  0x00002643      0x25b ./Drivers/STM32N6xx_HAL_Driver/stm32n6xx_hal_sd.o
 .debug_abbrev  0x0000289e      0x2b7 ./Drivers/STM32N6xx_HAL_Driver/stm32n6xx_hal_xspi.o
 .debug_abbrev  0x00002b55      0x1f4 ./Drivers/STM32N6xx_HAL_Driver/stm32n6xx_ll_sdmmc.o
 .debug_abbrev  0x00002d49      0x2b3 ./Drivers/STM32N6xx_HAL_Driver/stm32n6xx_ll_usb.o

.debug_aranges  0x00000000     0x1d68
 .debug_aranges
                0x00000000       0x40 ./Core/Src/cacheaxi.o
 .debug_aranges
                0x00000040       0x28 ./Core/Src/gpio.o
 .debug_aranges
                0x00000068       0x28 ./Core/Src/main.o
 .debug_aranges
                0x00000090       0x48 ./Core/Src/sdmmc.o
 .debug_aranges
                0x000000d8       0x20 ./Core/Src/stm32n6xx_hal_msp.o
 .debug_aranges
                0x000000f8       0x48 ./Core/Src/stm32n6xx_it.o
 .debug_aranges
                0x00000140       0x28 ./Core/Src/system_stm32n6xx_ns.o
 .debug_aranges
                0x00000168       0x40 ./Core/Src/usb_otg.o
 .debug_aranges
                0x000001a8       0x50 ./Core/Src/xspi.o
 .debug_aranges
                0x000001f8       0x28 ./Core/Startup/startup_stm32n657i0hxq.o
 .debug_aranges
                0x00000220      0x3c8 ./Drivers/STM32N6xx_HAL_Driver/stm32n6xx_hal.o
 .debug_aranges
                0x000005e8      0x118 ./Drivers/STM32N6xx_HAL_Driver/stm32n6xx_hal_cacheaxi.o
 .debug_aranges
                0x00000700      0x148 ./Drivers/STM32N6xx_HAL_Driver/stm32n6xx_hal_cortex.o
 .debug_aranges
                0x00000848       0x98 ./Drivers/STM32N6xx_HAL_Driver/stm32n6xx_hal_gpio.o
 .debug_aranges
                0x000008e0      0x140 ./Drivers/STM32N6xx_HAL_Driver/stm32n6xx_hal_pcd.o
 .debug_aranges
                0x00000a20       0x60 ./Drivers/STM32N6xx_HAL_Driver/stm32n6xx_hal_pcd_ex.o
 .debug_aranges
                0x00000a80      0x260 ./Drivers/STM32N6xx_HAL_Driver/stm32n6xx_hal_pwr_ex.o
 .debug_aranges
                0x00000ce0      0x2a0 ./Drivers/STM32N6xx_HAL_Driver/stm32n6xx_hal_rcc.o
 .debug_aranges
                0x00000f80      0x758 ./Drivers/STM32N6xx_HAL_Driver/stm32n6xx_hal_rcc_ex.o
 .debug_aranges
                0x000016d8      0x160 ./Drivers/STM32N6xx_HAL_Driver/stm32n6xx_hal_sd.o
 .debug_aranges
                0x00001838      0x1a8 ./Drivers/STM32N6xx_HAL_Driver/stm32n6xx_hal_xspi.o
 .debug_aranges
                0x000019e0      0x208 ./Drivers/STM32N6xx_HAL_Driver/stm32n6xx_ll_sdmmc.o
 .debug_aranges
                0x00001be8      0x180 ./Drivers/STM32N6xx_HAL_Driver/stm32n6xx_ll_usb.o

.debug_rnglists
                0x00000000     0x163b
 .debug_rnglists
                0x00000000       0x2b ./Core/Src/cacheaxi.o
 .debug_rnglists
                0x0000002b       0x19 ./Core/Src/gpio.o
 .debug_rnglists
                0x00000044       0x19 ./Core/Src/main.o
 .debug_rnglists
                0x0000005d       0x32 ./Core/Src/sdmmc.o
 .debug_rnglists
                0x0000008f       0x13 ./Core/Src/stm32n6xx_hal_msp.o
 .debug_rnglists
                0x000000a2       0x31 ./Core/Src/stm32n6xx_it.o
 .debug_rnglists
                0x000000d3       0x19 ./Core/Src/system_stm32n6xx_ns.o
 .debug_rnglists
                0x000000ec       0x2c ./Core/Src/usb_otg.o
 .debug_rnglists
                0x00000118       0x3b ./Core/Src/xspi.o
 .debug_rnglists
                0x00000153       0x19 ./Core/Startup/startup_stm32n657i0hxq.o
 .debug_rnglists
                0x0000016c      0x2d4 ./Drivers/STM32N6xx_HAL_Driver/stm32n6xx_hal.o
 .debug_rnglists
                0x00000440       0xd3 ./Drivers/STM32N6xx_HAL_Driver/stm32n6xx_hal_cacheaxi.o
 .debug_rnglists
                0x00000513       0xf1 ./Drivers/STM32N6xx_HAL_Driver/stm32n6xx_hal_cortex.o
 .debug_rnglists
                0x00000604       0x73 ./Drivers/STM32N6xx_HAL_Driver/stm32n6xx_hal_gpio.o
 .debug_rnglists
                0x00000677       0xf4 ./Drivers/STM32N6xx_HAL_Driver/stm32n6xx_hal_pcd.o
 .debug_rnglists
                0x0000076b       0x45 ./Drivers/STM32N6xx_HAL_Driver/stm32n6xx_hal_pcd_ex.o
 .debug_rnglists
                0x000007b0      0x1c9 ./Drivers/STM32N6xx_HAL_Driver/stm32n6xx_hal_pwr_ex.o
 .debug_rnglists
                0x00000979      0x200 ./Drivers/STM32N6xx_HAL_Driver/stm32n6xx_hal_rcc.o
 .debug_rnglists
                0x00000b79      0x5a1 ./Drivers/STM32N6xx_HAL_Driver/stm32n6xx_hal_rcc_ex.o
 .debug_rnglists
                0x0000111a      0x11c ./Drivers/STM32N6xx_HAL_Driver/stm32n6xx_hal_sd.o
 .debug_rnglists
                0x00001236      0x14f ./Drivers/STM32N6xx_HAL_Driver/stm32n6xx_hal_xspi.o
 .debug_rnglists
                0x00001385      0x18a ./Drivers/STM32N6xx_HAL_Driver/stm32n6xx_ll_sdmmc.o
 .debug_rnglists
                0x0000150f      0x12c ./Drivers/STM32N6xx_HAL_Driver/stm32n6xx_ll_usb.o

.debug_macro    0x00000000    0x535fb
 .debug_macro   0x00000000      0x2f7 ./Core/Src/cacheaxi.o
 .debug_macro   0x000002f7      0xb5c ./Core/Src/cacheaxi.o
 .debug_macro   0x00000e53      0x1e5 ./Core/Src/cacheaxi.o
 .debug_macro   0x00001038       0x2e ./Core/Src/cacheaxi.o
 .debug_macro   0x00001066       0x65 ./Core/Src/cacheaxi.o
 .debug_macro   0x000010cb       0x22 ./Core/Src/cacheaxi.o
 .debug_macro   0x000010ed       0x8e ./Core/Src/cacheaxi.o
 .debug_macro   0x0000117b       0x51 ./Core/Src/cacheaxi.o
 .debug_macro   0x000011cc      0x103 ./Core/Src/cacheaxi.o
 .debug_macro   0x000012cf       0x6a ./Core/Src/cacheaxi.o
 .debug_macro   0x00001339      0x1df ./Core/Src/cacheaxi.o
 .debug_macro   0x00001518       0x2e ./Core/Src/cacheaxi.o
 .debug_macro   0x00001546       0x17 ./Core/Src/cacheaxi.o
 .debug_macro   0x0000155d       0x58 ./Core/Src/cacheaxi.o
 .debug_macro   0x000015b5      0x26d ./Core/Src/cacheaxi.o
 .debug_macro   0x00001822       0x28 ./Core/Src/cacheaxi.o
 .debug_macro   0x0000184a     0x2da7 ./Core/Src/cacheaxi.o
 .debug_macro   0x000045f1      0x130 ./Core/Src/cacheaxi.o
 .debug_macro   0x00004721      0x344 ./Core/Src/cacheaxi.o
 .debug_macro   0x00004a65      0x146 ./Core/Src/cacheaxi.o
 .debug_macro   0x00004bab       0x22 ./Core/Src/cacheaxi.o
 .debug_macro   0x00004bcd    0x3db5e ./Core/Src/cacheaxi.o
 .debug_macro   0x0004272b       0x6c ./Core/Src/cacheaxi.o
 .debug_macro   0x00042797     0x3486 ./Core/Src/cacheaxi.o
 .debug_macro   0x00045c1d      0x190 ./Core/Src/cacheaxi.o
 .debug_macro   0x00045dad       0x61 ./Core/Src/cacheaxi.o
 .debug_macro   0x00045e0e       0x29 ./Core/Src/cacheaxi.o
 .debug_macro   0x00045e37       0x43 ./Core/Src/cacheaxi.o
 .debug_macro   0x00045e7a       0x34 ./Core/Src/cacheaxi.o
 .debug_macro   0x00045eae      0x364 ./Core/Src/cacheaxi.o
 .debug_macro   0x00046212       0x16 ./Core/Src/cacheaxi.o
 .debug_macro   0x00046228       0x4a ./Core/Src/cacheaxi.o
 .debug_macro   0x00046272       0x34 ./Core/Src/cacheaxi.o
 .debug_macro   0x000462a6       0x10 ./Core/Src/cacheaxi.o
 .debug_macro   0x000462b6       0x58 ./Core/Src/cacheaxi.o
 .debug_macro   0x0004630e       0x8e ./Core/Src/cacheaxi.o
 .debug_macro   0x0004639c       0x1c ./Core/Src/cacheaxi.o
 .debug_macro   0x000463b8      0x17e ./Core/Src/cacheaxi.o
 .debug_macro   0x00046536      0x19b ./Core/Src/cacheaxi.o
 .debug_macro   0x000466d1       0x72 ./Core/Src/cacheaxi.o
 .debug_macro   0x00046743      0x47a ./Core/Src/cacheaxi.o
 .debug_macro   0x00046bbd     0x10fe ./Core/Src/cacheaxi.o
 .debug_macro   0x00047cbb     0x2710 ./Core/Src/cacheaxi.o
 .debug_macro   0x0004a3cb      0xfd4 ./Core/Src/cacheaxi.o
 .debug_macro   0x0004b39f      0x1af ./Core/Src/cacheaxi.o
 .debug_macro   0x0004b54e      0x2c9 ./Core/Src/cacheaxi.o
 .debug_macro   0x0004b817      0x2c4 ./Core/Src/cacheaxi.o
 .debug_macro   0x0004badb      0xa36 ./Core/Src/cacheaxi.o
 .debug_macro   0x0004c511      0x7b2 ./Core/Src/cacheaxi.o
 .debug_macro   0x0004ccc3       0xe4 ./Core/Src/cacheaxi.o
 .debug_macro   0x0004cda7       0xbc ./Core/Src/cacheaxi.o
 .debug_macro   0x0004ce63      0x216 ./Core/Src/cacheaxi.o
 .debug_macro   0x0004d079      0x36b ./Core/Src/cacheaxi.o
 .debug_macro   0x0004d3e4      0x2af ./Core/Src/cacheaxi.o
 .debug_macro   0x0004d693       0x66 ./Core/Src/cacheaxi.o
 .debug_macro   0x0004d6f9      0x303 ./Core/Src/cacheaxi.o
 .debug_macro   0x0004d9fc      0x46a ./Core/Src/cacheaxi.o
 .debug_macro   0x0004de66      0xa0c ./Core/Src/cacheaxi.o
 .debug_macro   0x0004e872       0x16 ./Core/Src/cacheaxi.o
 .debug_macro   0x0004e888      0x1ce ./Core/Src/cacheaxi.o
 .debug_macro   0x0004ea56       0x28 ./Core/Src/cacheaxi.o
 .debug_macro   0x0004ea7e      0x72d ./Core/Src/cacheaxi.o
 .debug_macro   0x0004f1ab      0x5df ./Core/Src/cacheaxi.o
 .debug_macro   0x0004f78a      0x2f7 ./Core/Src/gpio.o
 .debug_macro   0x0004fa81      0x337 ./Core/Src/main.o
 .debug_macro   0x0004fdb8      0x2f7 ./Core/Src/sdmmc.o
 .debug_macro   0x000500af      0x2ed ./Core/Src/stm32n6xx_hal_msp.o
 .debug_macro   0x0005039c      0x2f7 ./Core/Src/stm32n6xx_it.o
 .debug_macro   0x00050693      0x2e6 ./Core/Src/system_stm32n6xx_ns.o
 .debug_macro   0x00050979      0x2f7 ./Core/Src/usb_otg.o
 .debug_macro   0x00050c70      0x2f7 ./Core/Src/xspi.o
 .debug_macro   0x00050f67      0x2df ./Drivers/STM32N6xx_HAL_Driver/stm32n6xx_hal.o
 .debug_macro   0x00051246      0x317 ./Drivers/STM32N6xx_HAL_Driver/stm32n6xx_hal_cacheaxi.o
 .debug_macro   0x0005155d      0x2da ./Drivers/STM32N6xx_HAL_Driver/stm32n6xx_hal_cortex.o
 .debug_macro   0x00051837      0x2e0 ./Drivers/STM32N6xx_HAL_Driver/stm32n6xx_hal_gpio.o
 .debug_macro   0x00051b17      0x2e5 ./Drivers/STM32N6xx_HAL_Driver/stm32n6xx_hal_pcd.o
 .debug_macro   0x00051dfc      0x2d9 ./Drivers/STM32N6xx_HAL_Driver/stm32n6xx_hal_pcd_ex.o
 .debug_macro   0x000520d5      0x327 ./Drivers/STM32N6xx_HAL_Driver/stm32n6xx_hal_pwr_ex.o
 .debug_macro   0x000523fc      0x35d ./Drivers/STM32N6xx_HAL_Driver/stm32n6xx_hal_rcc.o
 .debug_macro   0x00052759      0x2d9 ./Drivers/STM32N6xx_HAL_Driver/stm32n6xx_hal_rcc_ex.o
 .debug_macro   0x00052a32      0x2f6 ./Drivers/STM32N6xx_HAL_Driver/stm32n6xx_hal_sd.o
 .debug_macro   0x00052d28      0x320 ./Drivers/STM32N6xx_HAL_Driver/stm32n6xx_hal_xspi.o
 .debug_macro   0x00053048      0x2da ./Drivers/STM32N6xx_HAL_Driver/stm32n6xx_ll_sdmmc.o
 .debug_macro   0x00053322      0x2d9 ./Drivers/STM32N6xx_HAL_Driver/stm32n6xx_ll_usb.o

.debug_line     0x00000000    0x1b268
 .debug_line    0x00000000      0xa0c ./Core/Src/cacheaxi.o
 .debug_line    0x00000a0c      0x9ba ./Core/Src/gpio.o
 .debug_line    0x000013c6      0x9f3 ./Core/Src/main.o
 .debug_line    0x00001db9      0xa89 ./Core/Src/sdmmc.o
 .debug_line    0x00002842      0x985 ./Core/Src/stm32n6xx_hal_msp.o
 .debug_line    0x000031c7      0x9f7 ./Core/Src/stm32n6xx_it.o
 .debug_line    0x00003bbe      0x97e ./Core/Src/system_stm32n6xx_ns.o
 .debug_line    0x0000453c      0xa44 ./Core/Src/usb_otg.o
 .debug_line    0x00004f80      0xb66 ./Core/Src/xspi.o
 .debug_line    0x00005ae6       0x7e ./Core/Startup/startup_stm32n657i0hxq.o
 .debug_line    0x00005b64     0x170c ./Drivers/STM32N6xx_HAL_Driver/stm32n6xx_hal.o
 .debug_line    0x00007270      0xe93 ./Drivers/STM32N6xx_HAL_Driver/stm32n6xx_hal_cacheaxi.o
 .debug_line    0x00008103      0xfcc ./Drivers/STM32N6xx_HAL_Driver/stm32n6xx_hal_cortex.o
 .debug_line    0x000090cf     0x10f7 ./Drivers/STM32N6xx_HAL_Driver/stm32n6xx_hal_gpio.o
 .debug_line    0x0000a1c6     0x1666 ./Drivers/STM32N6xx_HAL_Driver/stm32n6xx_hal_pcd.o
 .debug_line    0x0000b82c      0xb77 ./Drivers/STM32N6xx_HAL_Driver/stm32n6xx_hal_pcd_ex.o
 .debug_line    0x0000c3a3     0x143d ./Drivers/STM32N6xx_HAL_Driver/stm32n6xx_hal_pwr_ex.o
 .debug_line    0x0000d7e0     0x2270 ./Drivers/STM32N6xx_HAL_Driver/stm32n6xx_hal_rcc.o
 .debug_line    0x0000fa50     0x48ee ./Drivers/STM32N6xx_HAL_Driver/stm32n6xx_hal_rcc_ex.o
 .debug_line    0x0001433e     0x221f ./Drivers/STM32N6xx_HAL_Driver/stm32n6xx_hal_sd.o
 .debug_line    0x0001655d     0x1cae ./Drivers/STM32N6xx_HAL_Driver/stm32n6xx_hal_xspi.o
 .debug_line    0x0001820b     0x1589 ./Drivers/STM32N6xx_HAL_Driver/stm32n6xx_ll_sdmmc.o
 .debug_line    0x00019794     0x1ad4 ./Drivers/STM32N6xx_HAL_Driver/stm32n6xx_ll_usb.o

.debug_str      0x00000000   0x205945
 .debug_str     0x00000000   0x205945 ./Core/Src/cacheaxi.o
                             0x1fc8d8 (size before relaxing)
 .debug_str     0x00205945   0x1fc7b6 ./Core/Src/gpio.o
 .debug_str     0x00205945   0x1fbd1a ./Core/Src/main.o
 .debug_str     0x00205945   0x1fd05f ./Core/Src/sdmmc.o
 .debug_str     0x00205945   0x1fbc3f ./Core/Src/stm32n6xx_hal_msp.o
 .debug_str     0x00205945   0x1fbc82 ./Core/Src/stm32n6xx_it.o
 .debug_str     0x00205945   0x1fbded ./Core/Src/system_stm32n6xx_ns.o
 .debug_str     0x00205945   0x1fd14a ./Core/Src/usb_otg.o
 .debug_str     0x00205945   0x1fd36d ./Core/Src/xspi.o
 .debug_str     0x00205945       0x8b ./Core/Startup/startup_stm32n657i0hxq.o
 .debug_str     0x00205945   0x1fe3aa ./Drivers/STM32N6xx_HAL_Driver/stm32n6xx_hal.o
 .debug_str     0x00205945   0x1fc517 ./Drivers/STM32N6xx_HAL_Driver/stm32n6xx_hal_cacheaxi.o
 .debug_str     0x00205945   0x1fcdfb ./Drivers/STM32N6xx_HAL_Driver/stm32n6xx_hal_cortex.o
 .debug_str     0x00205945   0x1fc0be ./Drivers/STM32N6xx_HAL_Driver/stm32n6xx_hal_gpio.o
 .debug_str     0x00205945   0x1fc90d ./Drivers/STM32N6xx_HAL_Driver/stm32n6xx_hal_pcd.o
 .debug_str     0x00205945   0x1fc2ab ./Drivers/STM32N6xx_HAL_Driver/stm32n6xx_hal_pcd_ex.o
 .debug_str     0x00205945   0x1fc931 ./Drivers/STM32N6xx_HAL_Driver/stm32n6xx_hal_pwr_ex.o
 .debug_str     0x00205945   0x1fd601 ./Drivers/STM32N6xx_HAL_Driver/stm32n6xx_hal_rcc.o
 .debug_str     0x00205945   0x1fe5f6 ./Drivers/STM32N6xx_HAL_Driver/stm32n6xx_hal_rcc_ex.o
 .debug_str     0x00205945   0x1fcae9 ./Drivers/STM32N6xx_HAL_Driver/stm32n6xx_hal_sd.o
 .debug_str     0x00205945   0x1fd743 ./Drivers/STM32N6xx_HAL_Driver/stm32n6xx_hal_xspi.o
 .debug_str     0x00205945   0x1fc5a4 ./Drivers/STM32N6xx_HAL_Driver/stm32n6xx_ll_sdmmc.o
 .debug_str     0x00205945   0x1fc5aa ./Drivers/STM32N6xx_HAL_Driver/stm32n6xx_ll_usb.o

.comment        0x00000000       0x43
 .comment       0x00000000       0x43 ./Core/Src/cacheaxi.o
                                 0x44 (size before relaxing)
 .comment       0x00000043       0x44 ./Core/Src/gpio.o
 .comment       0x00000043       0x44 ./Core/Src/main.o
 .comment       0x00000043       0x44 ./Core/Src/sdmmc.o
 .comment       0x00000043       0x44 ./Core/Src/stm32n6xx_hal_msp.o
 .comment       0x00000043       0x44 ./Core/Src/stm32n6xx_it.o
 .comment       0x00000043       0x44 ./Core/Src/system_stm32n6xx_ns.o
 .comment       0x00000043       0x44 ./Core/Src/usb_otg.o
 .comment       0x00000043       0x44 ./Core/Src/xspi.o
 .comment       0x00000043       0x44 ./Drivers/STM32N6xx_HAL_Driver/stm32n6xx_hal.o
 .comment       0x00000043       0x44 ./Drivers/STM32N6xx_HAL_Driver/stm32n6xx_hal_cacheaxi.o
 .comment       0x00000043       0x44 ./Drivers/STM32N6xx_HAL_Driver/stm32n6xx_hal_cortex.o
 .comment       0x00000043       0x44 ./Drivers/STM32N6xx_HAL_Driver/stm32n6xx_hal_gpio.o
 .comment       0x00000043       0x44 ./Drivers/STM32N6xx_HAL_Driver/stm32n6xx_hal_pcd.o
 .comment       0x00000043       0x44 ./Drivers/STM32N6xx_HAL_Driver/stm32n6xx_hal_pcd_ex.o
 .comment       0x00000043       0x44 ./Drivers/STM32N6xx_HAL_Driver/stm32n6xx_hal_pwr_ex.o
 .comment       0x00000043       0x44 ./Drivers/STM32N6xx_HAL_Driver/stm32n6xx_hal_rcc.o
 .comment       0x00000043       0x44 ./Drivers/STM32N6xx_HAL_Driver/stm32n6xx_hal_rcc_ex.o
 .comment       0x00000043       0x44 ./Drivers/STM32N6xx_HAL_Driver/stm32n6xx_hal_sd.o